               .deffile adi_defs.asm
               .deffile ddi_defs.asm
               .deffile reg_defs.asm
               .deffile sce_defs.asm
               
               ; Number of supported tasks
               .define TASK_COUNT      1
               
               ; Resource-specified definitions, if any
               .define AUXIO_I2C_SCL           11
               .define AUXIO_I2C_SDA           10
               .define I2C_BASE_DELAY          55
               .define I2C_EXT_DELAY           4
               .define I2C_STRETCH_TIMEOUT_US  10
               .define I2C_WAIT_STRETCH_DELAY  5
               .alias  i2cTaskName             readData
               
               
               .segment begin "Framework"
               
               
               VectorTable:
0000 ---- 1408                         jsr         PowerUp
0001 ---- 040c                         jmp         TaskCtrlReqVector
0002 ---- 1408                         jsr         PowerUp
0003 ---- 042c                         jmp         AonRtcCh2Vector
0004 ---- 1408                         jsr         PowerUp
0005 ---- 0447                         jmp         Event0Vector
0006 ---- 1408                         jsr         PowerUp
0007 ---- 044d                         jmp         TaskAlertAckVector
               
               
               
               
               PowerUp:
                                       ; Deassert the power-down request
0008 ---- 4436                         iobclr      #0, [#IOP_WUC_PWRDWNREQ]
               
                                       ; Wait for it to take effect
0009 ---- 2437 /waitForPdAck:          iobtst      #0, [#IOP_WUC_PWRDWNACK]
000a ---- aefe                         biob1       /waitForPdAck
               
               FwEmptyFunc:            ; Done
000b ---- adb7                         rts
               
               
               
               
               TaskCtrlReqVector:
                                       ; Clear the vector flag
000c ---- 6442                         iobset      #0, [#IOP_EVCTL_VECFLAGSCLR]
               
                                       ; For each task ...
000d ---- 7000                         ld          R7, #0
               /loop:
                                           ; Save the task ID
000e ---- 7c6b                             st          R7, [#fwCtrlInt/taskId]
               
                                           ; Handle initialize request, if any
000f ---- 6871                             ld          R6, [#fwCtrlExt/bvTaskInitializeReq]
0010 ---- 0068                             ld          R0, #pFwTaskInitializeFuncTable
0011 ---- 1425                             jsr         /handleReq
               
                                           ; Handle execute request, if any
0012 ---- 6872                             ld          R6, [#fwCtrlExt/bvTaskExecuteReq]
0013 ---- 0069                             ld          R0, #pFwTaskExecuteFuncTable
0014 ---- 1425                             jsr         /handleReq
               
                                           ; Handle terminate request, if any
0015 ---- 6873                             ld          R6, [#fwCtrlExt/bvTaskTerminateReq]
0016 ---- 006a                             ld          R0, #pFwTaskTerminateFuncTable
0017 ---- 1425                             jsr         /handleReq
               
                                           ; Move on to the next task
0018 ---- 786b                             ld          R7, [#fwCtrlInt/taskId]
0019 ---- f801                             add         R7, #1
               
001a ---- fa01                         cmp         R7, #TASK_COUNT
001b ---- bef2                         bneq        /loop
               
                                       ; Update which tasks are ...
001c ---- 786f                         ld          R7, [#fwCtrlExt/bvActiveTasks]
                                       ; ... currently active ...
001d ---- 6871                         ld          R6, [#fwCtrlExt/bvTaskInitializeReq]
001e ---- fd0e                         or          R7, R6
                                       ; ... and inactive ...
001f ---- 6873                         ld          R6, [#fwCtrlExt/bvTaskTerminateReq]
0020 ---- ed92                         inv         R6
0021 ---- fd06                         and         R7, R6
0022 ---- 7c6f                         st          R7, [#fwCtrlExt/bvActiveTasks]
               
                                       ; We're READY for another request
0023 ---- 642d                         iobset      #IOB_EVCTL_SWEV_READY, [#IOP_EVCTL_SWEVSET]
               
                                       ; Generate an ALERT interrupt if needed before powering back down
0024 ---- 0450                         jmp         GenAlertInterrupt;
               
               /handleReq:
                                       ; Restore the task ID, and load the function pointer (here to avoid pipeline hazard)
0025 ---- 786b                         ld          R7, [#fwCtrlInt/taskId]
0026 ---- 8f1f                         ld          R0, [R7+R0]
               
                                       ; Skip this request?
0027 ---- ed8f                         lsr         R6, R7
0028 ---- ec01                         tst         R6, #0x0001
0029 ---- be01                         bnz         /noSkip
002a ---- adb7                             rts
               /noSkip:
                                       ; Make the call by jump, with return (rts) in the "called" function
002b ---- 8db7                         jmp         R0
               
               
               
               
               AonRtcCh2Vector:
                                       ; Start clearing the RTC event
002c ---- 6630                         iobset      #IOB_WUC_WUEV_RTC, [#IOP_WUC_WUEVCLR]
               
                                       ; Clear the vector flag
002d ---- 6542                         iobset      #1, [#IOP_EVCTL_VECFLAGSCLR]
               
                                       ; For each task (R0 is the current task ID) ...
002e ---- 0000                         ld          R0, #0
               /loop:
                                           ; ... that is active ...
002f ---- 186f                             ld          R1, [#fwCtrlExt/bvActiveTasks]
0030 ---- 9d88                             lsr         R1, R0
0031 ---- 9c01                             tst         R1, #0x0001
0032 ---- b60d                             bz          /skip
               
                                               ; Fetch number of RTC intervals until next execution
0033 ---- 1067                                 ld          R1, #pFwTaskExecuteScheduleTable
0034 ---- af19                                 ld          R2, [R1+R0]
               
                                               ; If not already 0, decrement and store. If then 0 ...
0035 ---- aa00                                 cmp         R2, #0
0036 ---- b609                                 beq         /skip
0037 ---- a8ff                                 add         R2, #-1
0038 ---- af39                                 st          R2, [R1+R0]
0039 ---- be06                                 bnz         /skip
               
                                                   ; ... execute the task
003a ---- 0c6b                                     st          R0, [#fwCtrlInt/taskId]
003b ---- 8869                                     add         R0, #pFwTaskExecuteFuncTable
003c ---- 8f08                                     ld          R0, [R0]
                                                   ; Insert NOP to avoid pipeline hazard
003d ---- fd47                                     nop
003e ---- 9db7                                     jsr         R0
003f ---- 086b                                     ld          R0, [#fwCtrlInt/taskId]
               /skip:
                                           ; Move on to the next task
0040 ---- 8801                             add         R0, #1
               
0041 ---- 8a01                         cmp         R0, #TASK_COUNT
0042 ---- beec                         bneq        /loop
               
                                       ; Wait for the ACK event to be cleared
0043 ---- 262f /waitOnRtcClearing:     iobtst      #IOB_WUC_WUEV_RTC, [#IOP_WUC_WUEVFLAGS]
0044 ---- aefe                         biob1       /waitOnRtcClearing
0045 ---- 4630                         iobclr      #IOB_WUC_WUEV_RTC, [#IOP_WUC_WUEVCLR]
               
                                       ; Generate an ALERT interrupt if needed
0046 ---- 0450                         jmp         GenAlertInterrupt;
               
               
               
               
               Event0Vector:
                                       ; Disable and clear the vector flag
0047 ---- 5527                         iobclr      #IOB_EVCTL_VECCFG1_VEC2_EN, [#IOP_EVCTL_VECCFG1]
0048 ---- 6642                         iobset      #2, [#IOP_EVCTL_VECFLAGSCLR]
               
                                       ; Set the task ID
0049 ---- 0000                         ld          R0, #0
004a ---- 0c6b                         st          R0, [#fwCtrlInt/taskId]
               
                                       ; Jump to the event task code
004b ---- 140b                         jsr         FwEmptyFunc
               
                                       ; Generate an ALERT interrupt if needed
004c ---- 0450                         jmp         GenAlertInterrupt;
               
               
               
               
               TaskAlertAckVector:
                                       ; Clear the vector flag
004d ---- 6742                         iobset      #3, [#IOP_EVCTL_VECFLAGSCLR]
               
                                       ; Re-enable generation of ALERT interrupts
004e ---- 03ff                         ld          R0, #-1
004f ---- 0c6d                         st          R0, [#fwCtrlInt/alertGenMask]
               
                                       ; Fall through to GenAlertInterrupt to generate another ALERT interrupt if needed
               
               
               
               
               GenAlertInterrupt:
                                       ; Do we have any ALERT-generating flags pending?
0050 ---- 786c                         ld          R7, [#fwCtrlInt/bvTaskIoAlert]
               
                                       ; Skip if the last I/O ALERT interrupt has not been acknowledged
0051 ---- 686d                         ld          R6, [#fwCtrlInt/alertGenMask]
0052 ---- ed37                         tst         R6, R7
0053 ---- b605                         bz          /skip
               
                                           ; Transfer I/O flags from internal to external
0054 ---- 0000                             ld          R0, #0
0055 ---- 0c6c                             st          R0, [#fwCtrlInt/bvTaskIoAlert]
0056 ---- 7c70                             st          R7, [#fwCtrlExt/bvTaskIoAlert]
               
                                           ; Generate the ALERT interrupt, and clear the generation mask
0057 ---- 652d                             iobset      #IOB_EVCTL_SWEV_ALERT, [#IOP_EVCTL_SWEVSET]
0058 ---- 0c6d                             st          R0, [#fwCtrlInt/alertGenMask]
               /skip:
                                       ; Fall through to PowerDown ...
               
               
               
               
               PowerDown:
                                       ; If there are no unacknowledged ALERTs and no vectors pending ...
0059 ---- 786d                         ld          R7, [#fwCtrlInt/alertGenMask]
005a ---- 686e                         ld          R6, [#fwCtrlInt/alertCanPdAuxMask]
005b ---- fd0e                         or          R7, R6
005c ---- f801                         add         R7, #1 ; 0xFFFF -> 0x0000
005d ---- e92b                         in          R6, [#IOP_EVCTL_VECFLAGS]
005e ---- fd0e                         or          R7, R6
005f ---- be01                         bnz         /noPowerDown
               
                                           ; Assert the power-down request. We'll make sure that it has taken effect
                                           ; or been completely ignored when waking up again
0060 ---- 6436                             iobset      #0, [#IOP_WUC_PWRDWNREQ]
               /noPowerDown:
                                       ; Sleep until the next event
0061 ---- bdb7 sleepInstr:             sleep
               
               
               
               
0062 ---- 241a AdiDdiAcquire:          iobtst      #0, [#IOP_SMPH_SMPH0]
0063 ---- a6fe                         biob0       AdiDdiAcquire
0064 ---- adb7                         rts
               
0065 ---- 641a AdiDdiRelease:          iobset      #0, [#IOP_SMPH_SMPH0]
0066 ---- adb7                         rts
               
               
               
               
               pFwTaskExecuteScheduleTable:
0067 ---- 0000                         dw          #0
               pFwTaskInitializeFuncTable:
0068 ---- 0086                         dw          #readData/initialize
               pFwTaskExecuteFuncTable:
0069 ---- 0087                         dw          #readData/execute
               pFwTaskTerminateFuncTable:
006a ---- 021a                         dw          #readData/terminate
               
               
               ; Internal control data
               fwCtrlInt:
006b ---- 0000 /taskId:                dw          #0      ; ID of the currently running task
006c ---- 0000 /bvTaskIoAlert:         dw          #0x0000 ; LSB = Normal data exchange, MSB = Overflow or underflow
006d ---- ffff /alertGenMask:          dw          #0xFFFF ; Can generate an ALERT interrupt now? (0xFFFF = yes, 0x0000 = no)
006e ---- 0000 /alertCanPdAuxMask:     dw          #0x0000 ; Can power down AUX domain after ALERT interrupt generation? (0xFFFF = yes, 0x0000 = no)
               
               ; External control data, shared with the driver
               fwCtrlExt:
006f ---- 0000 /bvActiveTasks:         dw          #0x0000 ; Indicates which tasks are currently active
0070 ---- 0000 /bvTaskIoAlert:         dw          #0x0000 ; LSB = Normal data exchange, MSB = Overflow or underflow
0071 ---- 0000 /bvTaskInitializeReq:   dw          #0x0000 ; Requests tasks to start
0072 ---- 0000 /bvTaskExecuteReq:      dw          #0x0000 ; Requests tasks to execute once immediately
0073 ---- 0000 /bvTaskTerminateReq:    dw          #0x0000 ; Requests tasks to stop
               
               
               .segment end "Framework"
               
               
               fwTaskDataStructures:
               .segment begin "Task: ReadData"
               readData/cfg:
               readData/cfg/pAuxioAAnaInput:
0074 ---- 0007                         dw          #7
0075 ---- 0006                         dw          #6
0076 ---- 0005                         dw          #5
0077 ---- 0004                         dw          #4
0078 ---- 0003                         dw          #3
               readData/cfg/pAuxioOAuxPowEn:
0079 ---- 0008                         dw          #8
               readData/cfg/pAuxioOLedDriver:
007a ---- 0009                         dw          #9
               readData/input:
               readData/output:
               readData/output/AmbLight:
007b ---- 0000                         dw          #0
               readData/output/BatterySensor:
007c ---- 0000                         dw          #0
               readData/output/Conductivity:
007d ---- 0000                         dw          #0
               readData/output/HallSensor:
007e ---- 0000                         dw          #0
               readData/output/I2CError:
007f ---- 0000                         dw          #0
               readData/output/TemperatureSensor:
0080 ---- 0000                         dw          #0
               readData/output/colorBlue:
0081 ---- 0000                         dw          #0
               readData/output/colorClear:
0082 ---- 0000                         dw          #0
               readData/output/colorGreen:
0083 ---- 0000                         dw          #0
               readData/output/colorRed:
0084 ---- 0000                         dw          #0
               readData/state:
               readData/state/i2cStatus:
0085 ---- 0000                         dw          #0
               .segment end "Task: ReadData"
               
               
               .segment begin "Task: ReadData"
               readData/initialize:
               readData/initializeDone:
0086 ---- adb7                         rts         
               
               
               
               
               readData/execute:
               ;? //Check with briggs if we should have outputs for error checking
               ;? // Analog sensing logic - read the analog channel and save in output buffer
               ;? output.I2CError = 0;
0087 ---- 0000                         ld          R0, #0
0088 ---- 0c7f                         st          R0, [#readData/output/I2CError]
               ;? 
               ;? gpioSetOutput(cfg.pAuxioOAuxPowEn[0]);
0089 ---- 7879                         ld          R7, [#(readData/cfg/pAuxioOAuxPowEn + 0)]
008a ---- 161b                         jsr         gpioSetOutput
               ;? 
               ;? // delay between 5000ms
               ;? fwDelayUs(100000, FW_DELAY_RANGE_100_MS);
008b ---- 7093                         ld          R7, #(((100000 * 24 ) + ((1 << 14) - 1)) >> 14)
008c ---- 600e                         ld          R6, #14
008d ---- 1623                         jsr         FwDelay
               ;? fwDelayUs(100000, FW_DELAY_RANGE_100_MS);
008e ---- 7093                         ld          R7, #(((100000 * 24 ) + ((1 << 14) - 1)) >> 14)
008f ---- 600e                         ld          R6, #14
0090 ---- 1623                         jsr         FwDelay
               ;? fwDelayUs(100000, FW_DELAY_RANGE_100_MS);
0091 ---- 7093                         ld          R7, #(((100000 * 24 ) + ((1 << 14) - 1)) >> 14)
0092 ---- 600e                         ld          R6, #14
0093 ---- 1623                         jsr         FwDelay
               ;? fwDelayUs(100000, FW_DELAY_RANGE_100_MS);
0094 ---- 7093                         ld          R7, #(((100000 * 24 ) + ((1 << 14) - 1)) >> 14)
0095 ---- 600e                         ld          R6, #14
0096 ---- 1623                         jsr         FwDelay
               ;? fwDelayUs(100000, FW_DELAY_RANGE_100_MS);
0097 ---- 7093                         ld          R7, #(((100000 * 24 ) + ((1 << 14) - 1)) >> 14)
0098 ---- 600e                         ld          R6, #14
0099 ---- 1623                         jsr         FwDelay
               ;? 
               ;? // turn on the power for LED_DRIVER
               ;? gpioSetOutput(cfg.pAuxioOLedDriver[0]);
009a ---- 787a                         ld          R7, [#(readData/cfg/pAuxioOLedDriver + 0)]
009b ---- 161b                         jsr         gpioSetOutput
               ;? 
               ;? //delay for the LED to turn on
               ;? fwDelayUs(100000, FW_DELAY_RANGE_100_MS);
009c ---- 7093                         ld          R7, #(((100000 * 24 ) + ((1 << 14) - 1)) >> 14)
009d ---- 600e                         ld          R6, #14
009e ---- 1623                         jsr         FwDelay
               ;? 
               ;? //In order to prevent future errors with the I2C communication we need to read the water color ID register
               ;? U16 dummy = 0;
               ;? //Check which sensor is connected
               ;? i2cStart();
009f ---- 6000                         ld          R6, #0x0000
00a0 ---- 162f                         jsr         I2cStart
00a1 ---- 6c85                         st          R6, [#readData/state/i2cStatus]
               ;? i2cTx( (ADDRESS << 1) | I2C_OP_WRITE);
00a2 ---- 7052                         ld          R7, #82
00a3 ---- 6885                         ld          R6, [#readData/state/i2cStatus]
00a4 ---- 1646                         jsr         I2cTxByte
00a5 ---- 6c85                         st          R6, [#readData/state/i2cStatus]
               ;? i2cTx( (COMMAND_BYTE | ID_REG) );
00a6 ---- 7092                         ld          R7, #146
00a7 ---- 6885                         ld          R6, [#readData/state/i2cStatus]
00a8 ---- 1646                         jsr         I2cTxByte
00a9 ---- 6c85                         st          R6, [#readData/state/i2cStatus]
               ;? i2cRepeatedStart();
00aa ---- 6885                         ld          R6, [#readData/state/i2cStatus]
00ab ---- 1629                         jsr         I2cRepeatedStart
00ac ---- 6c85                         st          R6, [#readData/state/i2cStatus]
               ;? i2cTx( (ADDRESS << 1) | I2C_OP_READ);
00ad ---- 7053                         ld          R7, #83
00ae ---- 6885                         ld          R6, [#readData/state/i2cStatus]
00af ---- 1646                         jsr         I2cTxByte
00b0 ---- 6c85                         st          R6, [#readData/state/i2cStatus]
               ;? i2cRxAck(dummy);
00b1 ---- 7000                         ld          R7, #0x0000
00b2 ---- 6885                         ld          R6, [#readData/state/i2cStatus]
00b3 ---- 1664                         jsr         I2cRxByte
00b4 ---- 6c85                         st          R6, [#readData/state/i2cStatus]
               ;? i2cStop();
00b5 ---- 6885                         ld          R6, [#readData/state/i2cStatus]
00b6 ---- 1683                         jsr         I2cStop
00b7 ---- 6c85                         st          R6, [#readData/state/i2cStatus]
               ;? 
               ;? if(state.i2cStatus != 0x00){
00b8 ---- 0885                         ld          R0, [#readData/state/i2cStatus]
00b9 ---- 8a00                         cmp         R0, #0
00ba ---- b603                         beq         /id0184
               ;?     output.I2CError = output.I2CError | (1 << 0);
00bb ---- 087f                             ld          R0, [#readData/output/I2CError]
00bc ---- 8201                             or          R0, #1
00bd ---- 0c7f                             st          R0, [#readData/output/I2CError]
               ;? }
               /id0184:
               ;? 
               ;? //confirm what the delays should be here
               ;? //fwDelayUs(100, FW_DELAY_RANGE_500_US);
               ;? 
               ;? //Set the RGB Integration time
               ;? i2cStart();
00be ---- 6000                         ld          R6, #0x0000
00bf ---- 162f                         jsr         I2cStart
00c0 ---- 6c85                         st          R6, [#readData/state/i2cStatus]
               ;? i2cTx( (ADDRESS << 1) | I2C_OP_WRITE);
00c1 ---- 7052                         ld          R7, #82
00c2 ---- 6885                         ld          R6, [#readData/state/i2cStatus]
00c3 ---- 1646                         jsr         I2cTxByte
00c4 ---- 6c85                         st          R6, [#readData/state/i2cStatus]
               ;? i2cTx( (COMMAND_BYTE | A_TIME_REG) );
00c5 ---- 7081                         ld          R7, #129
00c6 ---- 6885                         ld          R6, [#readData/state/i2cStatus]
00c7 ---- 1646                         jsr         I2cTxByte
00c8 ---- 6c85                         st          R6, [#readData/state/i2cStatus]
               ;? i2cTx( (INTG_24) );
00c9 ---- 70ff                         ld          R7, #255
00ca ---- 6885                         ld          R6, [#readData/state/i2cStatus]
00cb ---- 1646                         jsr         I2cTxByte
00cc ---- 6c85                         st          R6, [#readData/state/i2cStatus]
               ;? i2cStop();
00cd ---- 6885                         ld          R6, [#readData/state/i2cStatus]
00ce ---- 1683                         jsr         I2cStop
00cf ---- 6c85                         st          R6, [#readData/state/i2cStatus]
               ;? 
               ;? if(state.i2cStatus != 0x00){
00d0 ---- 0885                         ld          R0, [#readData/state/i2cStatus]
00d1 ---- 8a00                         cmp         R0, #0
00d2 ---- b603                         beq         /id0203
               ;?     output.I2CError = output.I2CError | (1 << 1);
00d3 ---- 087f                             ld          R0, [#readData/output/I2CError]
00d4 ---- 8202                             or          R0, #2
00d5 ---- 0c7f                             st          R0, [#readData/output/I2CError]
               ;? }
               /id0203:
               ;? 
               ;? //confirm what the delays should be here
               ;? //fwDelayUs(100, FW_DELAY_RANGE_500_US);
               ;? 
               ;? //Set the RGB Integration time
               ;? i2cStart();
00d6 ---- 6000                         ld          R6, #0x0000
00d7 ---- 162f                         jsr         I2cStart
00d8 ---- 6c85                         st          R6, [#readData/state/i2cStatus]
               ;? i2cTx( (ADDRESS << 1) | I2C_OP_WRITE);
00d9 ---- 7052                         ld          R7, #82
00da ---- 6885                         ld          R6, [#readData/state/i2cStatus]
00db ---- 1646                         jsr         I2cTxByte
00dc ---- 6c85                         st          R6, [#readData/state/i2cStatus]
               ;? i2cTx( (COMMAND_BYTE | CTRL_REG) );
00dd ---- 708f                         ld          R7, #143
00de ---- 6885                         ld          R6, [#readData/state/i2cStatus]
00df ---- 1646                         jsr         I2cTxByte
00e0 ---- 6c85                         st          R6, [#readData/state/i2cStatus]
               ;? i2cTx( (GAIN_4X) );
00e1 ---- 7001                         ld          R7, #1
00e2 ---- 6885                         ld          R6, [#readData/state/i2cStatus]
00e3 ---- 1646                         jsr         I2cTxByte
00e4 ---- 6c85                         st          R6, [#readData/state/i2cStatus]
               ;? i2cStop();
00e5 ---- 6885                         ld          R6, [#readData/state/i2cStatus]
00e6 ---- 1683                         jsr         I2cStop
00e7 ---- 6c85                         st          R6, [#readData/state/i2cStatus]
               ;? 
               ;? if(state.i2cStatus != 0x00){
00e8 ---- 0885                         ld          R0, [#readData/state/i2cStatus]
00e9 ---- 8a00                         cmp         R0, #0
00ea ---- b603                         beq         /id0222
               ;?     output.I2CError = output.I2CError | (1 << 2);
00eb ---- 087f                             ld          R0, [#readData/output/I2CError]
00ec ---- 8204                             or          R0, #4
00ed ---- 0c7f                             st          R0, [#readData/output/I2CError]
               ;? }
               /id0222:
               ;? 
               ;? //confirm what the delays should be here
               ;? //fwDelayUs(100, FW_DELAY_RANGE_500_US);
               ;? 
               ;? //Enable the Power on
               ;? i2cStart();
00ee ---- 6000                         ld          R6, #0x0000
00ef ---- 162f                         jsr         I2cStart
00f0 ---- 6c85                         st          R6, [#readData/state/i2cStatus]
               ;? i2cTx( (ADDRESS << 1) | I2C_OP_WRITE);
00f1 ---- 7052                         ld          R7, #82
00f2 ---- 6885                         ld          R6, [#readData/state/i2cStatus]
00f3 ---- 1646                         jsr         I2cTxByte
00f4 ---- 6c85                         st          R6, [#readData/state/i2cStatus]
               ;? i2cTx( (COMMAND_BYTE | ENABLE_REG) );
00f5 ---- 7080                         ld          R7, #128
00f6 ---- 6885                         ld          R6, [#readData/state/i2cStatus]
00f7 ---- 1646                         jsr         I2cTxByte
00f8 ---- 6c85                         st          R6, [#readData/state/i2cStatus]
               ;? i2cTx(ENABLE_PON);
00f9 ---- 7001                         ld          R7, #1
00fa ---- 6885                         ld          R6, [#readData/state/i2cStatus]
00fb ---- 1646                         jsr         I2cTxByte
00fc ---- 6c85                         st          R6, [#readData/state/i2cStatus]
               ;? i2cStop();
00fd ---- 6885                         ld          R6, [#readData/state/i2cStatus]
00fe ---- 1683                         jsr         I2cStop
00ff ---- 6c85                         st          R6, [#readData/state/i2cStatus]
               ;? 
               ;? if(state.i2cStatus != 0x00){
0100 ---- 0885                         ld          R0, [#readData/state/i2cStatus]
0101 ---- 8a00                         cmp         R0, #0
0102 ---- b603                         beq         /id0241
               ;?     output.I2CError = output.I2CError | (1 << 3);
0103 ---- 087f                             ld          R0, [#readData/output/I2CError]
0104 ---- 8208                             or          R0, #8
0105 ---- 0c7f                             st          R0, [#readData/output/I2CError]
               ;? }
               /id0241:
               ;? 
               ;? //confirm what the delays should be here
               ;? fwDelayUs(100, FW_DELAY_RANGE_500_US);
0106 ---- 7026                         ld          R7, #(((100 * 24 ) + ((1 << 6) - 1)) >> 6)
0107 ---- 6006                         ld          R6, #6
0108 ---- 1623                         jsr         FwDelay
               ;? //fwDelayUs(100000, FW_DELAY_RANGE_100_MS);
               ;? 
               ;? 
               ;? 
               ;? //Enable the Power on / AEN
               ;? i2cStart();
0109 ---- 6000                         ld          R6, #0x0000
010a ---- 162f                         jsr         I2cStart
010b ---- 6c85                         st          R6, [#readData/state/i2cStatus]
               ;? i2cTx( (ADDRESS << 1) | I2C_OP_WRITE);
010c ---- 7052                         ld          R7, #82
010d ---- 6885                         ld          R6, [#readData/state/i2cStatus]
010e ---- 1646                         jsr         I2cTxByte
010f ---- 6c85                         st          R6, [#readData/state/i2cStatus]
               ;? i2cTx( (COMMAND_BYTE | ENABLE_REG) );
0110 ---- 7080                         ld          R7, #128
0111 ---- 6885                         ld          R6, [#readData/state/i2cStatus]
0112 ---- 1646                         jsr         I2cTxByte
0113 ---- 6c85                         st          R6, [#readData/state/i2cStatus]
               ;? i2cTx(ENABLE_PON | ENABLE_AEN);
0114 ---- 7003                         ld          R7, #3
0115 ---- 6885                         ld          R6, [#readData/state/i2cStatus]
0116 ---- 1646                         jsr         I2cTxByte
0117 ---- 6c85                         st          R6, [#readData/state/i2cStatus]
               ;? i2cStop();
0118 ---- 6885                         ld          R6, [#readData/state/i2cStatus]
0119 ---- 1683                         jsr         I2cStop
011a ---- 6c85                         st          R6, [#readData/state/i2cStatus]
               ;? 
               ;? if(state.i2cStatus != 0x00){
011b ---- 0885                         ld          R0, [#readData/state/i2cStatus]
011c ---- 8a00                         cmp         R0, #0
011d ---- b603                         beq         /id0262
               ;?     output.I2CError = output.I2CError | (1 << 4);
011e ---- 087f                             ld          R0, [#readData/output/I2CError]
011f ---- 8210                             or          R0, #16
0120 ---- 0c7f                             st          R0, [#readData/output/I2CError]
               ;? }
               /id0262:
               ;? 
               ;? //confirm what the delays should be here
               ;? fwDelayUs(100, FW_DELAY_RANGE_500_US);
0121 ---- 7026                         ld          R7, #(((100 * 24 ) + ((1 << 6) - 1)) >> 6)
0122 ---- 6006                         ld          R6, #6
0123 ---- 1623                         jsr         FwDelay
               ;? 
               ;? 
               ;? //Read the color values
               ;? U16 low;
               ;? U16 high;
               ;? i2cStart();
0124 ---- 6000                         ld          R6, #0x0000
0125 ---- 162f                         jsr         I2cStart
0126 ---- 6c85                         st          R6, [#readData/state/i2cStatus]
               ;? i2cTx( (ADDRESS << 1) | I2C_OP_WRITE);
0127 ---- 7052                         ld          R7, #82
0128 ---- 6885                         ld          R6, [#readData/state/i2cStatus]
0129 ---- 1646                         jsr         I2cTxByte
012a ---- 6c85                         st          R6, [#readData/state/i2cStatus]
               ;? i2cTx( (COMMAND_AUTO | COLORS) );
012b ---- 70b4                         ld          R7, #180
012c ---- 6885                         ld          R6, [#readData/state/i2cStatus]
012d ---- 1646                         jsr         I2cTxByte
012e ---- 6c85                         st          R6, [#readData/state/i2cStatus]
               ;? i2cRepeatedStart();
012f ---- 6885                         ld          R6, [#readData/state/i2cStatus]
0130 ---- 1629                         jsr         I2cRepeatedStart
0131 ---- 6c85                         st          R6, [#readData/state/i2cStatus]
               ;? i2cTx( (ADDRESS << 1) | I2C_OP_READ);
0132 ---- 7053                         ld          R7, #83
0133 ---- 6885                         ld          R6, [#readData/state/i2cStatus]
0134 ---- 1646                         jsr         I2cTxByte
0135 ---- 6c85                         st          R6, [#readData/state/i2cStatus]
               ;? 
               ;? //Reading the color sensor
               ;? //Clear
               ;? i2cRxAck(low);
0136 ---- 7000                         ld          R7, #0x0000
0137 ---- 6885                         ld          R6, [#readData/state/i2cStatus]
0138 ---- 1664                         jsr         I2cRxByte
0139 ---- 6c85                         st          R6, [#readData/state/i2cStatus]
013a ---- 8d47                         ld          R0, R7
               ;? i2cRxAck(high);
013b ---- 7000                         ld          R7, #0x0000
013c ---- 6885                         ld          R6, [#readData/state/i2cStatus]
013d ---- 1664                         jsr         I2cRxByte
013e ---- 6c85                         st          R6, [#readData/state/i2cStatus]
               ;? output.colorClear = ((high << 8) | low);
013f ---- fda0                         lsl         R7, #8
0140 ---- fd08                         or          R7, R0
0141 ---- 7c82                         st          R7, [#readData/output/colorClear]
               ;? 
               ;? //Red
               ;? i2cRxAck(low);
0142 ---- 7000                         ld          R7, #0x0000
0143 ---- 6885                         ld          R6, [#readData/state/i2cStatus]
0144 ---- 1664                         jsr         I2cRxByte
0145 ---- 6c85                         st          R6, [#readData/state/i2cStatus]
0146 ---- 8d47                         ld          R0, R7
               ;? i2cRxAck(high);
0147 ---- 7000                         ld          R7, #0x0000
0148 ---- 6885                         ld          R6, [#readData/state/i2cStatus]
0149 ---- 1664                         jsr         I2cRxByte
014a ---- 6c85                         st          R6, [#readData/state/i2cStatus]
               ;? output.colorRed = ((high << 8) | low);
014b ---- fda0                         lsl         R7, #8
014c ---- fd08                         or          R7, R0
014d ---- 7c84                         st          R7, [#readData/output/colorRed]
               ;? 
               ;? //Green
               ;? i2cRxAck(low);
014e ---- 7000                         ld          R7, #0x0000
014f ---- 6885                         ld          R6, [#readData/state/i2cStatus]
0150 ---- 1664                         jsr         I2cRxByte
0151 ---- 6c85                         st          R6, [#readData/state/i2cStatus]
0152 ---- 8d47                         ld          R0, R7
               ;? i2cRxAck(high);
0153 ---- 7000                         ld          R7, #0x0000
0154 ---- 6885                         ld          R6, [#readData/state/i2cStatus]
0155 ---- 1664                         jsr         I2cRxByte
0156 ---- 6c85                         st          R6, [#readData/state/i2cStatus]
               ;? output.colorGreen = ((high << 8) | low);
0157 ---- fda0                         lsl         R7, #8
0158 ---- fd08                         or          R7, R0
0159 ---- 7c83                         st          R7, [#readData/output/colorGreen]
               ;? 
               ;? //Blue
               ;? i2cRxAck(low);
015a ---- 7000                         ld          R7, #0x0000
015b ---- 6885                         ld          R6, [#readData/state/i2cStatus]
015c ---- 1664                         jsr         I2cRxByte
015d ---- 6c85                         st          R6, [#readData/state/i2cStatus]
015e ---- 8d47                         ld          R0, R7
               ;? i2cRxAck(high);
015f ---- 7000                         ld          R7, #0x0000
0160 ---- 6885                         ld          R6, [#readData/state/i2cStatus]
0161 ---- 1664                         jsr         I2cRxByte
0162 ---- 6c85                         st          R6, [#readData/state/i2cStatus]
               ;? output.colorBlue = ((high << 8) | low);
0163 ---- fda0                         lsl         R7, #8
0164 ---- fd08                         or          R7, R0
0165 ---- 7c81                         st          R7, [#readData/output/colorBlue]
               ;? 
               ;? i2cStop();
0166 ---- 6885                         ld          R6, [#readData/state/i2cStatus]
0167 ---- 1683                         jsr         I2cStop
0168 ---- 6c85                         st          R6, [#readData/state/i2cStatus]
               ;? 
               ;? // TURN OFF THE LED
               ;? gpioClearOutput(cfg.pAuxioOLedDriver[0]);
0169 ---- 787a                         ld          R7, [#(readData/cfg/pAuxioOLedDriver + 0)]
016a ---- 168e                         jsr         gpioClearOutput
               ;? 
               ;? // Delay for LED to turn off
               ;? fwDelayUs(50000, FW_DELAY_RANGE_100_MS);
016b ---- 704a                         ld          R7, #(((50000 * 24 ) + ((1 << 14) - 1)) >> 14)
016c ---- 600e                         ld          R6, #14
016d ---- 1623                         jsr         FwDelay
               ;? 
               ;? // Enable the ADC
               ;? adcEnableSync(ADC_REF_FIXED, ADC_SAMPLE_TIME_2P7_US,ADC_TRIGGER_MANUAL);
016e ---- 705d                         ld          R7, #(((32 - 1) * 24) >> 3)
016f ---- 6003                         ld          R6, #3
0170 ---- 1623                         jsr         FwDelay
0171 ---- 7041                         ld          R7, #((0 | (((3 < 6) & (!0)) * ADI16_ADCREF_REF_ON_IDLE)) | ADI16_ADCREF_EN)
0172 ---- 1462                         jsr         AdiDdiAcquire
0173 ---- fb4d                         out         R7, [#IOP_ADISET_ADCREF]
0174 8609 7101                         ld          R7, #((9 << IOB_ANAIF_ADCCTL_START_SRC) | 0x0001)
0176 ---- 6431                         iobset      #IOB_WUC_ADCCLKCTL_REQ, [#IOP_WUC_ADCCLKCTL]
               /id0323:
0177 ---- 2531                         iobtst      #IOB_WUC_ADCCLKCTL_ACK, [#IOP_WUC_ADCCLKCTL]
0178 ---- a6fe                         biob0       /id0323
0179 ---- fb00                         out         R7, [#IOP_ANAIF_ADCCTL]
017a ---- 7018                         ld          R7, #(3 << BI_ADI16_ADC_SMPL_CYCLE_EXP)
017b ---- fb4c                         out         R7, [#IOP_ADISET_ADC]
017c ---- 7003                         ld          R7, #(ADI16_ADC_EN | ADI16_ADC_RESET_N)
017d ---- fb4c                         out         R7, [#IOP_ADISET_ADC]
017e ---- fd47                         nop         
017f ---- fb4c                         out         R7, [#IOP_ADISET_ADC]
0180 ---- 1465                         jsr         AdiDdiRelease
               ;? 
               ;? // read & store the remaining adc values
               ;? adcGenManualTrigger();
0181 ---- 6403                         iobset      #0, [#IOP_ANAIF_ADCTRIG]
               ;? 
               ;? U16 total;
               ;? U16 value;
               ;? 
               ;? //Read ADC Sensor Conductivity
               ;? total = 0;
0182 ---- 0000                         ld          R0, #0
               ;? adcSelectGpioInput(cfg.pAuxioAAnaInput[0]);
0183 ---- 7874                         ld          R7, [#(readData/cfg/pAuxioAAnaInput + 0)]
0184 ---- 1696                         jsr         AdccompbSelectGpioInput
               ;? adcGenManualTrigger();
0185 ---- 6403                         iobset      #0, [#IOP_ANAIF_ADCTRIG]
               ;? adcReadFifo(value);
0186 ---- 601f                         ld          R6, #EVCTL_SCEEVSEL_ADC_FIFO_NOT_EMPTY
0187 ---- eb2c                         out         R6, [#IOP_EVCTL_SCEWEVSEL]
0188 ---- fdb1                         wev1        #WEVSEL_PROG
0189 ---- e902                         in          R6, [#IOP_ANAIF_ADCFIFO]
               ;? total = total + value;
018a ---- 8d26                         add         R0, R6
               ;? 
               ;? adcGenManualTrigger();
018b ---- 6403                         iobset      #0, [#IOP_ANAIF_ADCTRIG]
               ;? adcReadFifo(value);
018c ---- 601f                         ld          R6, #EVCTL_SCEEVSEL_ADC_FIFO_NOT_EMPTY
018d ---- eb2c                         out         R6, [#IOP_EVCTL_SCEWEVSEL]
018e ---- fdb1                         wev1        #WEVSEL_PROG
018f ---- e902                         in          R6, [#IOP_ANAIF_ADCFIFO]
               ;? total = total + value;
0190 ---- 8d26                         add         R0, R6
               ;? 
               ;? adcGenManualTrigger();
0191 ---- 6403                         iobset      #0, [#IOP_ANAIF_ADCTRIG]
               ;? adcReadFifo(value);
0192 ---- 601f                         ld          R6, #EVCTL_SCEEVSEL_ADC_FIFO_NOT_EMPTY
0193 ---- eb2c                         out         R6, [#IOP_EVCTL_SCEWEVSEL]
0194 ---- fdb1                         wev1        #WEVSEL_PROG
0195 ---- e902                         in          R6, [#IOP_ANAIF_ADCFIFO]
               ;? total = total + value;
0196 ---- 8d26                         add         R0, R6
               ;? 
               ;? adcGenManualTrigger();
0197 ---- 6403                         iobset      #0, [#IOP_ANAIF_ADCTRIG]
               ;? adcReadFifo(value);
0198 ---- 601f                         ld          R6, #EVCTL_SCEEVSEL_ADC_FIFO_NOT_EMPTY
0199 ---- eb2c                         out         R6, [#IOP_EVCTL_SCEWEVSEL]
019a ---- fdb1                         wev1        #WEVSEL_PROG
019b ---- e902                         in          R6, [#IOP_ANAIF_ADCFIFO]
               ;? total = total + value;
019c ---- 8d26                         add         R0, R6
               ;? output.Conductivity = (total >> 2);
019d ---- 8daa                         lsr         R0, #2
019e ---- 0c7d                         st          R0, [#readData/output/Conductivity]
               ;? 
               ;? //Read ADC Sensor Temp
               ;? total = 0;
019f ---- 0000                         ld          R0, #0
               ;? adcSelectGpioInput(cfg.pAuxioAAnaInput[1]);
01a0 ---- 7875                         ld          R7, [#(readData/cfg/pAuxioAAnaInput + 1)]
01a1 ---- 1696                         jsr         AdccompbSelectGpioInput
               ;? adcGenManualTrigger();
01a2 ---- 6403                         iobset      #0, [#IOP_ANAIF_ADCTRIG]
               ;? adcReadFifo(value);
01a3 ---- 601f                         ld          R6, #EVCTL_SCEEVSEL_ADC_FIFO_NOT_EMPTY
01a4 ---- eb2c                         out         R6, [#IOP_EVCTL_SCEWEVSEL]
01a5 ---- fdb1                         wev1        #WEVSEL_PROG
01a6 ---- e902                         in          R6, [#IOP_ANAIF_ADCFIFO]
               ;? total = total + value;
01a7 ---- 8d26                         add         R0, R6
               ;? 
               ;? adcGenManualTrigger();
01a8 ---- 6403                         iobset      #0, [#IOP_ANAIF_ADCTRIG]
               ;? adcReadFifo(value);
01a9 ---- 601f                         ld          R6, #EVCTL_SCEEVSEL_ADC_FIFO_NOT_EMPTY
01aa ---- eb2c                         out         R6, [#IOP_EVCTL_SCEWEVSEL]
01ab ---- fdb1                         wev1        #WEVSEL_PROG
01ac ---- e902                         in          R6, [#IOP_ANAIF_ADCFIFO]
               ;? total = total + value;
01ad ---- 8d26                         add         R0, R6
               ;? 
               ;? adcGenManualTrigger();
01ae ---- 6403                         iobset      #0, [#IOP_ANAIF_ADCTRIG]
               ;? adcReadFifo(value);
01af ---- 601f                         ld          R6, #EVCTL_SCEEVSEL_ADC_FIFO_NOT_EMPTY
01b0 ---- eb2c                         out         R6, [#IOP_EVCTL_SCEWEVSEL]
01b1 ---- fdb1                         wev1        #WEVSEL_PROG
01b2 ---- e902                         in          R6, [#IOP_ANAIF_ADCFIFO]
               ;? total = total + value;
01b3 ---- 8d26                         add         R0, R6
               ;? 
               ;? adcGenManualTrigger();
01b4 ---- 6403                         iobset      #0, [#IOP_ANAIF_ADCTRIG]
               ;? adcReadFifo(value);
01b5 ---- 601f                         ld          R6, #EVCTL_SCEEVSEL_ADC_FIFO_NOT_EMPTY
01b6 ---- eb2c                         out         R6, [#IOP_EVCTL_SCEWEVSEL]
01b7 ---- fdb1                         wev1        #WEVSEL_PROG
01b8 ---- e902                         in          R6, [#IOP_ANAIF_ADCFIFO]
               ;? total = total + value;
01b9 ---- 8d26                         add         R0, R6
               ;? output.TemperatureSensor = (total >> 2);
01ba ---- 8daa                         lsr         R0, #2
01bb ---- 0c80                         st          R0, [#readData/output/TemperatureSensor]
               ;? 
               ;? //Read ADC Sensor AmbLight
               ;? total = 0;
01bc ---- 0000                         ld          R0, #0
               ;? adcSelectGpioInput(cfg.pAuxioAAnaInput[2]);
01bd ---- 7876                         ld          R7, [#(readData/cfg/pAuxioAAnaInput + 2)]
01be ---- 1696                         jsr         AdccompbSelectGpioInput
               ;? adcGenManualTrigger();
01bf ---- 6403                         iobset      #0, [#IOP_ANAIF_ADCTRIG]
               ;? adcReadFifo(value);
01c0 ---- 601f                         ld          R6, #EVCTL_SCEEVSEL_ADC_FIFO_NOT_EMPTY
01c1 ---- eb2c                         out         R6, [#IOP_EVCTL_SCEWEVSEL]
01c2 ---- fdb1                         wev1        #WEVSEL_PROG
01c3 ---- e902                         in          R6, [#IOP_ANAIF_ADCFIFO]
               ;? total = total + value;
01c4 ---- 8d26                         add         R0, R6
               ;? 
               ;? adcGenManualTrigger();
01c5 ---- 6403                         iobset      #0, [#IOP_ANAIF_ADCTRIG]
               ;? adcReadFifo(value);
01c6 ---- 601f                         ld          R6, #EVCTL_SCEEVSEL_ADC_FIFO_NOT_EMPTY
01c7 ---- eb2c                         out         R6, [#IOP_EVCTL_SCEWEVSEL]
01c8 ---- fdb1                         wev1        #WEVSEL_PROG
01c9 ---- e902                         in          R6, [#IOP_ANAIF_ADCFIFO]
               ;? total = total + value;
01ca ---- 8d26                         add         R0, R6
               ;? 
               ;? adcGenManualTrigger();
01cb ---- 6403                         iobset      #0, [#IOP_ANAIF_ADCTRIG]
               ;? adcReadFifo(value);
01cc ---- 601f                         ld          R6, #EVCTL_SCEEVSEL_ADC_FIFO_NOT_EMPTY
01cd ---- eb2c                         out         R6, [#IOP_EVCTL_SCEWEVSEL]
01ce ---- fdb1                         wev1        #WEVSEL_PROG
01cf ---- e902                         in          R6, [#IOP_ANAIF_ADCFIFO]
               ;? total = total + value;
01d0 ---- 8d26                         add         R0, R6
               ;? 
               ;? adcGenManualTrigger();
01d1 ---- 6403                         iobset      #0, [#IOP_ANAIF_ADCTRIG]
               ;? adcReadFifo(value);
01d2 ---- 601f                         ld          R6, #EVCTL_SCEEVSEL_ADC_FIFO_NOT_EMPTY
01d3 ---- eb2c                         out         R6, [#IOP_EVCTL_SCEWEVSEL]
01d4 ---- fdb1                         wev1        #WEVSEL_PROG
01d5 ---- e902                         in          R6, [#IOP_ANAIF_ADCFIFO]
               ;? total = total + value;
01d6 ---- 8d26                         add         R0, R6
               ;? output.AmbLight = (total >> 2);
01d7 ---- 8daa                         lsr         R0, #2
01d8 ---- 0c7b                         st          R0, [#readData/output/AmbLight]
               ;? 
               ;? //Read ADC Sensor Battery
               ;? total = 0;
01d9 ---- 0000                         ld          R0, #0
               ;? adcSelectGpioInput(cfg.pAuxioAAnaInput[3]);
01da ---- 7877                         ld          R7, [#(readData/cfg/pAuxioAAnaInput + 3)]
01db ---- 1696                         jsr         AdccompbSelectGpioInput
               ;? adcGenManualTrigger();
01dc ---- 6403                         iobset      #0, [#IOP_ANAIF_ADCTRIG]
               ;? adcReadFifo(value);
01dd ---- 601f                         ld          R6, #EVCTL_SCEEVSEL_ADC_FIFO_NOT_EMPTY
01de ---- eb2c                         out         R6, [#IOP_EVCTL_SCEWEVSEL]
01df ---- fdb1                         wev1        #WEVSEL_PROG
01e0 ---- e902                         in          R6, [#IOP_ANAIF_ADCFIFO]
               ;? total = total + value;
01e1 ---- 8d26                         add         R0, R6
               ;? 
               ;? adcGenManualTrigger();
01e2 ---- 6403                         iobset      #0, [#IOP_ANAIF_ADCTRIG]
               ;? adcReadFifo(value);
01e3 ---- 601f                         ld          R6, #EVCTL_SCEEVSEL_ADC_FIFO_NOT_EMPTY
01e4 ---- eb2c                         out         R6, [#IOP_EVCTL_SCEWEVSEL]
01e5 ---- fdb1                         wev1        #WEVSEL_PROG
01e6 ---- e902                         in          R6, [#IOP_ANAIF_ADCFIFO]
               ;? total = total + value;
01e7 ---- 8d26                         add         R0, R6
               ;? 
               ;? adcGenManualTrigger();
01e8 ---- 6403                         iobset      #0, [#IOP_ANAIF_ADCTRIG]
               ;? adcReadFifo(value);
01e9 ---- 601f                         ld          R6, #EVCTL_SCEEVSEL_ADC_FIFO_NOT_EMPTY
01ea ---- eb2c                         out         R6, [#IOP_EVCTL_SCEWEVSEL]
01eb ---- fdb1                         wev1        #WEVSEL_PROG
01ec ---- e902                         in          R6, [#IOP_ANAIF_ADCFIFO]
               ;? total = total + value;
01ed ---- 8d26                         add         R0, R6
               ;? 
               ;? adcGenManualTrigger();
01ee ---- 6403                         iobset      #0, [#IOP_ANAIF_ADCTRIG]
               ;? adcReadFifo(value);
01ef ---- 601f                         ld          R6, #EVCTL_SCEEVSEL_ADC_FIFO_NOT_EMPTY
01f0 ---- eb2c                         out         R6, [#IOP_EVCTL_SCEWEVSEL]
01f1 ---- fdb1                         wev1        #WEVSEL_PROG
01f2 ---- e902                         in          R6, [#IOP_ANAIF_ADCFIFO]
               ;? total = total + value;
01f3 ---- 8d26                         add         R0, R6
               ;? output.BatterySensor = (total >> 2);
01f4 ---- 8daa                         lsr         R0, #2
01f5 ---- 0c7c                         st          R0, [#readData/output/BatterySensor]
               ;? 
               ;? //Read ADC Sensor Hall
               ;? total = 0;
01f6 ---- 0000                         ld          R0, #0
               ;? adcSelectGpioInput(cfg.pAuxioAAnaInput[4]);
01f7 ---- 7878                         ld          R7, [#(readData/cfg/pAuxioAAnaInput + 4)]
01f8 ---- 1696                         jsr         AdccompbSelectGpioInput
               ;? adcGenManualTrigger();
01f9 ---- 6403                         iobset      #0, [#IOP_ANAIF_ADCTRIG]
               ;? adcReadFifo(value);
01fa ---- 601f                         ld          R6, #EVCTL_SCEEVSEL_ADC_FIFO_NOT_EMPTY
01fb ---- eb2c                         out         R6, [#IOP_EVCTL_SCEWEVSEL]
01fc ---- fdb1                         wev1        #WEVSEL_PROG
01fd ---- e902                         in          R6, [#IOP_ANAIF_ADCFIFO]
               ;? total = total + value;
01fe ---- 8d26                         add         R0, R6
               ;? 
               ;? adcGenManualTrigger();
01ff ---- 6403                         iobset      #0, [#IOP_ANAIF_ADCTRIG]
               ;? adcReadFifo(value);
0200 ---- 601f                         ld          R6, #EVCTL_SCEEVSEL_ADC_FIFO_NOT_EMPTY
0201 ---- eb2c                         out         R6, [#IOP_EVCTL_SCEWEVSEL]
0202 ---- fdb1                         wev1        #WEVSEL_PROG
0203 ---- e902                         in          R6, [#IOP_ANAIF_ADCFIFO]
               ;? total = total + value;
0204 ---- 8d26                         add         R0, R6
               ;? 
               ;? adcGenManualTrigger();
0205 ---- 6403                         iobset      #0, [#IOP_ANAIF_ADCTRIG]
               ;? adcReadFifo(value);
0206 ---- 601f                         ld          R6, #EVCTL_SCEEVSEL_ADC_FIFO_NOT_EMPTY
0207 ---- eb2c                         out         R6, [#IOP_EVCTL_SCEWEVSEL]
0208 ---- fdb1                         wev1        #WEVSEL_PROG
0209 ---- e902                         in          R6, [#IOP_ANAIF_ADCFIFO]
               ;? total = total + value;
020a ---- 8d26                         add         R0, R6
               ;? 
               ;? adcGenManualTrigger();
020b ---- 6403                         iobset      #0, [#IOP_ANAIF_ADCTRIG]
               ;? adcReadFifo(value);
020c ---- 601f                         ld          R6, #EVCTL_SCEEVSEL_ADC_FIFO_NOT_EMPTY
020d ---- eb2c                         out         R6, [#IOP_EVCTL_SCEWEVSEL]
020e ---- fdb1                         wev1        #WEVSEL_PROG
020f ---- e902                         in          R6, [#IOP_ANAIF_ADCFIFO]
               ;? total = total + value;
0210 ---- 8d26                         add         R0, R6
               ;? output.HallSensor = (total >> 2);
0211 ---- 8daa                         lsr         R0, #2
0212 ---- 0c7e                         st          R0, [#readData/output/HallSensor]
               ;? 
               ;? //End Reading ADC Sensors
               ;? 
               ;? 
               ;? // disable ADC
               ;? adcDisable( );
0213 ---- 16a3                         jsr         AdcDisable
               ;? 
               ;? // Power down the AUX POWER
               ;? gpioClearOutput(cfg.pAuxioOAuxPowEn[0]);
0214 ---- 7879                         ld          R7, [#(readData/cfg/pAuxioOAuxPowEn + 0)]
0215 ---- 168e                         jsr         gpioClearOutput
               ;? 
               ;? // Generate interrupt
               ;? fwGenAlertInterrupt();
0216 ---- 086c                         ld          R0, [#fwCtrlInt/bvTaskIoAlert]
0217 ---- 8201                         or          R0, #(1 << 0)
0218 ---- 0c6c                         st          R0, [#fwCtrlInt/bvTaskIoAlert]
               readData/executeDone:
0219 ---- adb7                         rts         
               
               
               
               
               readData/terminate:
               readData/terminateDone:
021a ---- adb7                         rts         
               .segment end "Task: ReadData"
               
               
               .segment begin "Procedure Libary"
               ; PARAMETERS:
               ;     R7 = AUX I/O index
               ;
               ; CLOBBERS:
               ;     R5, R6, R7
               gpioSetOutput:
                                       ; Calculate the I/O register address
021b ---- ed47                         ld          R6, R7
021c ---- edab                         lsr         R6, #3
021d ---- e814                         add         R6, #IOP_AIODIO0_GPIODOUTSET
               
                                       ; Create the bit-vector to be used for manipulation
021e ---- f007                         and         R7, #0x0007
021f ---- 5001                         ld          R5, #1
0220 ---- dd87                         lsl         R5, R7
               
                                       ; Set the GPIO
0221 ---- df26                         out         R5, [R6]
0222 ---- adb7                         rts
               
               
               
               
               ; 3 + 5 CPU cycles = 16 clock cycles = 0.66 microsecond are added to the specified delay (parameter
               ; loading and timer configuration)
               ;
               ; PARAMETERS:
               ;     R7 = Delay
               ;     R6 = Prescaler exponent
               ;
               ; CLOBBERS:
               ;     R6
               FwDelay:
                                       ; Set the delay
0223 ---- fb0c                         out         R7, [#IOP_TIMER_T0TARGET]
               
                                       ; Configure the timer (from clock, single-mode, prescaler exponent = R6)
0224 ---- eda4                         lsl         R6, #4
0225 ---- eb09                         out         R6, [#IOP_TIMER_T0CFG]
               
                                       ; Start the timer, wait for it to trigger, and stop it
0226 ---- 640b                         iobset      #0, [#IOP_TIMER_T0CTL]
0227 ---- cdb1                         wev1        #WEVSEL_TIMER0
0228 ---- adb7                         rts
               
               
               
               
               ; CLOBBERS:
               ;     R5
               I2cRepeatedStart:
                                       ; Wait T_LOW (SDA is already pull-up)
0229 ---- 53c6                         ld          R5, #-((I2C_BASE_DELAY + I2C_EXT_DELAY) - (1))
022a ---- 1634                         jsr         I2cWaitDelay
               
                                       ; SCL = pull-up
022b ---- 670f                         iobset      #(AUXIO_I2C_SCL & 0x7), [#(IOP_AIODIO0_GPIODOUT + (AUXIO_I2C_SCL >> 3))]
               
                                       ; Wait for SCL stretching to end or time out
022c ---- 1637                         jsr         I2cWaitSclStretch
               
                                       ; Wait T_SU_STA
022d ---- 53c6                         ld          R5, #-((I2C_BASE_DELAY + I2C_EXT_DELAY) - (1))
022e ---- 1634                         jsr         I2cWaitDelay
               I2cStart:
                                       ; SDA = driven low
022f ---- 460f                         iobclr      #(AUXIO_I2C_SDA & 0x7), [#(IOP_AIODIO0_GPIODOUT + (AUXIO_I2C_SDA >> 3))]
               
                                       ; Wait T_HD_STA
0230 ---- 53ca                         ld          R5, #-((I2C_BASE_DELAY) - (1))
0231 ---- 1634                         jsr         I2cWaitDelay
               
                                       ; SCL = driven low
0232 ---- 470f                         iobclr      #(AUXIO_I2C_SCL & 0x7), [#(IOP_AIODIO0_GPIODOUT + (AUXIO_I2C_SCL >> 3))]
               
                                       ; Done
0233 ---- adb7                         rts
               
               
               
               
               ; PARAMETERS
               ;     R5 = Delay excluding the I2cWaitDelay() call, in instruction cycles
               ;
               ; CLOBBERS:
               ;     R5
               I2cWaitDelay:
                                       ; Wait for the specified number of cycles
0234 ---- d802 /waitLoop:                  add         R5, #2
0235 ---- defe                         bneg        /waitLoop
               
                                       ; Done
0236 ---- adb7                         rts
               
               
               
               
               ; PARAMETERS:
               ;     R6 = Status flags
               ;
               ; RETURN VALUES:
               ;     R6 = Updated status flags
               ;
               ; CLOBBERS:
               ;     R5
               I2cWaitSclStretch:
                                       ; Load the timeout (up to 20 ms) loop counter = configured number of us
0237 ---- 53f6                         ld          R5, #(-I2C_STRETCH_TIMEOUT_US)
               /waitLoop:
                                           ; If SCL is high, we're done
0238 ---- 2713                             iobtst      #(AUXIO_I2C_SCL & 0x7), [#(IOP_AIODIO0_GPIODIN + (AUXIO_I2C_SCL >> 3))]
0239 ---- ae0b                             biob1       /done
                                           ; Unroll the loop to 12 instructions = 1 per loop for faster response
023a ---- 2713                             iobtst      #(AUXIO_I2C_SCL & 0x7), [#(IOP_AIODIO0_GPIODIN + (AUXIO_I2C_SCL >> 3))]
023b ---- ae09                             biob1       /done
023c ---- 2713                             iobtst      #(AUXIO_I2C_SCL & 0x7), [#(IOP_AIODIO0_GPIODIN + (AUXIO_I2C_SCL >> 3))]
023d ---- ae07                             biob1       /done
023e ---- 2713                             iobtst      #(AUXIO_I2C_SCL & 0x7), [#(IOP_AIODIO0_GPIODIN + (AUXIO_I2C_SCL >> 3))]
023f ---- ae05                             biob1       /done
0240 ---- 2713                             iobtst      #(AUXIO_I2C_SCL & 0x7), [#(IOP_AIODIO0_GPIODIN + (AUXIO_I2C_SCL >> 3))]
0241 ---- ae03                             biob1       /done
               
0242 ---- d801                         add         R5, #1;
0243 ---- bef4                         bnz         /waitLoop
               
               /timeout:               ; Timeout has occurred, so OR it into the flags and bail out
0244 ---- e202                         or          R6, #0x0002
               
               /done:                  ; Done
0245 ---- adb7                         rts
               
               
               
               
               ; PARAMETERS:
               ;     R7 = TX byte shift register
               ;     R6 = Status flags
               ;
               ; RETURN VALUES:
               ;     R7 = Updated TX byte shift register
               ;     R6 = Updated status flags
               ;
               ; CLOBBERS:
               ;     R5
               I2cTxByte:
                                       ; Bail out if an error has occurred
0246 ---- ea00                         cmp         R6, #0
0247 ---- be1b                         bnz         /done
               
               
                                       ; Transmit each bit in the data byte ...
0248 ---- b50e                         loop        #8, /byteLoopEnd
               
                                           ; Output the bit to SDA
0249 ---- fda1                             lsl         R7, #1
024a 8601 fc00                             tst         R7, #0x0100
024c ---- b602                             bz          /dataSdaLow
024d ---- 660f /dataSdaHigh:                   iobset      #(AUXIO_I2C_SDA & 0x7), [#(IOP_AIODIO0_GPIODOUT + (AUXIO_I2C_SDA >> 3))]
024e ---- 8e02                             bra         /dataSdaDone
024f ---- 460f /dataSdaLow:                    iobclr      #(AUXIO_I2C_SDA & 0x7), [#(IOP_AIODIO0_GPIODOUT + (AUXIO_I2C_SDA >> 3))]
0250 ---- fd47                             nop
               /dataSdaDone:
                                           ; Wait T_LOW
0251 ---- 53cc                             ld          R5, #-((I2C_BASE_DELAY + I2C_EXT_DELAY) - (7))
0252 ---- 1634                             jsr         I2cWaitDelay
               
                                           ; SCL = pull-up
0253 ---- 670f                             iobset      #(AUXIO_I2C_SCL & 0x7), [#(IOP_AIODIO0_GPIODOUT + (AUXIO_I2C_SCL >> 3))]
               
                                           ; Wait for SCL stretching to end or time out
0254 ---- 1637                             jsr         I2cWaitSclStretch
               
                                           ; Wait T_HIGH
0255 ---- 53cf                             ld          R5, #-(I2C_BASE_DELAY - (I2C_WAIT_STRETCH_DELAY + 1))
0256 ---- 1634                             jsr         I2cWaitDelay
               
                                           ; SCL = driven low
0257 ---- 470f                             iobclr      #(AUXIO_I2C_SCL & 0x7), [#(IOP_AIODIO0_GPIODOUT + (AUXIO_I2C_SCL >> 3))]
               /byteLoopEnd:
               
                                       ; Receive the ACK bit
                                       ; SDA = pull-up
0258 ---- 660f                         iobset      #(AUXIO_I2C_SDA & 0x7), [#(IOP_AIODIO0_GPIODOUT + (AUXIO_I2C_SDA >> 3))]
               
                                       ; Wait T_LOW
0259 ---- 53c6                         ld          R5, #-((I2C_BASE_DELAY + I2C_EXT_DELAY) - (1))
025a ---- 1634                         jsr         I2cWaitDelay
               
                                       ; SCL = pull-up
025b ---- 670f                         iobset      #(AUXIO_I2C_SCL & 0x7), [#(IOP_AIODIO0_GPIODOUT + (AUXIO_I2C_SCL >> 3))]
               
                                       ; Wait for SCL stretching to end or time out
025c ---- 1637                         jsr         I2cWaitSclStretch
               
                                       ; Wait T_HIGH
025d ---- 53cc                         ld          R5, #-((I2C_BASE_DELAY) - (3))
025e ---- 1634                         jsr         I2cWaitDelay
               
                                       ; Read and store the SDA value in the status word
025f ---- 2613                         iobtst      #(AUXIO_I2C_SDA & 0x7), [#(IOP_AIODIO0_GPIODIN + (AUXIO_I2C_SDA >> 3))]
0260 ---- a601                         biob0       /ackSdaLow
0261 ---- e201                             or          R6, #0x01
               /ackSdaLow:
                                       ; SCL = driven low
0262 ---- 470f                         iobclr      #(AUXIO_I2C_SCL & 0x7), [#(IOP_AIODIO0_GPIODOUT + (AUXIO_I2C_SCL >> 3))]
               
               
               /done:                  ; Done
0263 ---- adb7                         rts
               
               
               
               
               ; PARAMETERS:
               ;     R7 = Acknowledgment bit value, 0x0000 to transmit ACK, 0x0001 to transmit NAK
               ;     R6 = Status flags
               ;
               ; RETURN VALUES:
               ;     R7 = RX byte shift register
               ;     R6 = Updated status flags
               ;
               ; CLOBBERS:
               ;     R5
               I2cRxByte:
                                       ; Bail out if an error has occurred
0264 ---- ea00                         cmp         R6, #0
0265 ---- be1c                         bnz         /done
               
               
                                       ; Receive each bit in the data byte ...
0266 ---- b50b                         loop        #8, /byteLoopEnd
               
                                           ; SDA = pull-up
0267 ---- 660f                             iobset      #(AUXIO_I2C_SDA & 0x7), [#(IOP_AIODIO0_GPIODOUT + (AUXIO_I2C_SDA >> 3))]
               
                                           ; Wait T_LOW
0268 ---- 53c7                             ld          R5, #-((I2C_BASE_DELAY + I2C_EXT_DELAY) - (2))
0269 ---- 1634                             jsr         I2cWaitDelay
               
                                           ; SCL = pull-up
026a ---- 670f                             iobset      #(AUXIO_I2C_SCL & 0x7), [#(IOP_AIODIO0_GPIODOUT + (AUXIO_I2C_SCL >> 3))]
               
                                           ; Wait for SCL stretching to end or time out
026b ---- 1637                             jsr         I2cWaitSclStretch
               
                                           ; Wait T_HIGH
026c ---- 53d1                             ld          R5, #-((I2C_BASE_DELAY) - (I2C_WAIT_STRETCH_DELAY + 3))
026d ---- 1634                             jsr         I2cWaitDelay
               
                                           ; Read and store SDA
026e ---- fda1                             lsl         R7, #1
026f ---- 2613                             iobtst      #(AUXIO_I2C_SDA & 0x7), [#(IOP_AIODIO0_GPIODIN + (AUXIO_I2C_SDA >> 3))]
0270 ---- a601                             biob0       /dataSdaLow
0271 ---- f201                                 or          R7, #0x01
               /dataSdaLow:
                                           ; SCL = driven low
0272 ---- 470f                             iobclr      #(AUXIO_I2C_SCL & 0x7), [#(IOP_AIODIO0_GPIODOUT + (AUXIO_I2C_SCL >> 3))]
               /byteLoopEnd:
               
                                       ; Transmit the ACK bit, which is now in bit 8 of the shift register
                                       ; Output the bit to SDA
0273 8601 fc00                         tst         R7, #0x0100
0275 ---- b602                         bz          /ackSdaLow
0276 ---- 660f /ackSdaHigh:                iobset      #(AUXIO_I2C_SDA & 0x7), [#(IOP_AIODIO0_GPIODOUT + (AUXIO_I2C_SDA >> 3))]
0277 ---- 8e02                         bra         /ackSdaDone
0278 ---- 460f /ackSdaLow:                 iobclr      #(AUXIO_I2C_SDA & 0x7), [#(IOP_AIODIO0_GPIODOUT + (AUXIO_I2C_SDA >> 3))]
0279 ---- fd47                         nop
               /ackSdaDone:
                                       ; Wait T_LOW
027a ---- 53cb                         ld          R5, #-((I2C_BASE_DELAY + I2C_EXT_DELAY) - (6))
027b ---- 1634                         jsr         I2cWaitDelay
               
                                       ; SCL = pull-up
027c ---- 670f                         iobset      #(AUXIO_I2C_SCL & 0x7), [#(IOP_AIODIO0_GPIODOUT + (AUXIO_I2C_SCL >> 3))]
               
                                       ; Wait for SCL stretching to end or time out
027d ---- 1637                         jsr         I2cWaitSclStretch
               
                                       ; Wait T_HIGH
027e ---- 53cf                         ld          R5, #-((I2C_BASE_DELAY) - (I2C_WAIT_STRETCH_DELAY + 1))
027f ---- 1634                         jsr         I2cWaitDelay
               
                                       ; SCL = driven low
0280 ---- 470f                         iobclr      #(AUXIO_I2C_SCL & 0x7), [#(IOP_AIODIO0_GPIODOUT + (AUXIO_I2C_SCL >> 3))]
               
                                       ; Mask the ACK bit in the received data
0281 ---- f0ff                         and         R7, #0xFF
               
               
               /done:                  ; Done
0282 ---- adb7                         rts
               
               
               
               
               ; CLOBBERS:
               ;     R5
               I2cStop:
                                       ; SDA = driven low
0283 ---- 460f                         iobclr      #(AUXIO_I2C_SDA & 0x7), [#(IOP_AIODIO0_GPIODOUT + (AUXIO_I2C_SDA >> 3))]
               
                                       ; Wait T_LOW
0284 ---- 53c6                         ld          R5, #-((I2C_BASE_DELAY + I2C_EXT_DELAY) - (1))
0285 ---- 1634                         jsr         I2cWaitDelay
               
                                       ; SCL = pull-up
0286 ---- 670f                         iobset      #(AUXIO_I2C_SCL & 0x7), [#(IOP_AIODIO0_GPIODOUT + (AUXIO_I2C_SCL >> 3))]
               
                                       ; Wait for SCL stretching to end or time out
0287 ---- 1637                         jsr         I2cWaitSclStretch
               
                                       ; Wait T_SU_STO
0288 ---- 53cf                         ld          R5, #-((I2C_BASE_DELAY) - (I2C_WAIT_STRETCH_DELAY + 1))
0289 ---- 1634                         jsr         I2cWaitDelay
               
                                       ; SDA = pull-up
028a ---- 660f                         iobset      #(AUXIO_I2C_SDA & 0x7), [#(IOP_AIODIO0_GPIODOUT + (AUXIO_I2C_SDA >> 3))]
               
                                       ; Wait T_BUF
028b ---- 53c7                         ld          R5, #-((I2C_BASE_DELAY + I2C_EXT_DELAY) - (2))
028c ---- 1634                         jsr         I2cWaitDelay
               
                                       ; Done
028d ---- adb7                         rts
               
               
               
               
               ; PARAMETERS:
               ;     R7 = AUX I/O index
               ;
               ; CLOBBERS:
               ;     R5, R6, R7
               gpioClearOutput:
                                       ; Calculate the I/O register address
028e ---- ed47                         ld          R6, R7
028f ---- edab                         lsr         R6, #3
0290 ---- e816                         add         R6, #IOP_AIODIO0_GPIODOUTCLR
               
                                       ; Create the bit-vector to be used for manipulation
0291 ---- f007                         and         R7, #0x0007
0292 ---- 5001                         ld          R5, #1
0293 ---- dd87                         lsl         R5, R7
               
                                       ; Set the GPIO
0294 ---- df26                         out         R5, [R6]
0295 ---- adb7                         rts
               
               
               
               
               ; PARAMETERS:
               ;     R7 = AUX I/O index (0-7)
               ;
               ; CLOBBERS:
               ;     R6, R7
               AdccompbSelectGpioInput:
                                       ; Make sure that the AUX I/O index is valid
0296 ---- f007                         and         R7, #0x0007
               
                                       ; Disconnect all signals
0297 ---- 1462                         jsr         AdiDdiAcquire
0298 86ff 63f8                         ld          R6, #(BV_ADI16_MUX2_ADCCOMPB_IN | BV_ADI16_MUX3_ADCCOMPB_IN)
029a ---- eb51                         out         R6, [#IOP_ADICLR_MUX2_MUX3]
               
                                       ; Connect the specified GPIO
029b 8680 6000                         ld          R6, #ADI16_MUX3_ADCCOMPB_IN_AUXIO0
029d ---- ed8f                         lsr         R6, R7
029e ---- eb49                         out         R6, [#IOP_ADISET_MUX2_MUX3]
               
                                       ; Ensure that it has taken effect
029f ---- fd47                         nop         ; Workaround for back-to-back ADI/DDI accesses
02a0 ---- eb49                         out         R6, [#IOP_ADISET_MUX2_MUX3]
02a1 ---- 1465                         jsr         AdiDdiRelease
02a2 ---- adb7                         rts
               
               
               
               
               ; CLOBBERS:
               ;     R7
               AdcDisable:
                                       ; Disable the ADC reference
02a3 ---- 1462                         jsr         AdiDdiAcquire
02a4 ---- 7079                         ld          R7, #((ADI16_ADCREF_EN | ADI16_ADCREF_REF_ON_IDLE) | (ADI16_ADCREF_SRC | (ADI16_ADCREF_EXT | ADI16_ADCREF_IOMUX)))
02a5 ---- fb55                         out         R7, [#IOP_ADICLR_ADCREF]
               
                                       ; Assert reset and disable the ADC
02a6 ---- 71fb                         ld          R7, #((ADI16_ADC_EN | ADI16_ADC_RESET_N) | (BV_ADI16_ADC_SMPL_CYCLE_EXP | (BV_ADI16_ADC_SMPL_MODE | ADI16_ADC_SCALE_DIS)))
02a7 ---- fb54                         out         R7, [#IOP_ADICLR_ADC]
               
                                       ; Ensure that it has taken effect
02a8 ---- fd47                         nop         ; Workaround for back-to-back ADI/DDI accesses
02a9 ---- fb54                         out         R7, [#IOP_ADICLR_ADC]
02aa ---- 1465                         jsr         AdiDdiRelease
               
                                       ; Disable the ADC clock (no need to wait since IOB_WUC_ADCCLKCTL_ACK goes low immediately)
02ab ---- 4431                         iobclr      #IOB_WUC_ADCCLKCTL_REQ, [#IOP_WUC_ADCCLKCTL]
               
                                       ; Disable the ADC data interface
02ac ---- 4400                         iobclr      #0, [#IOP_ANAIF_ADCCTL]
               
02ad ---- adb7                         rts
               .segment end "Procedure Libary"
               

; Generated by MCT163S08 at 2018-04-26 23:49:02.337
