               .deffile adi_defs.asm
               .deffile ddi_defs.asm
               .deffile reg_defs.asm
               .deffile sce_defs.asm
               
               ; Number of supported tasks
               .define TASK_COUNT      1
               
               ; Resource-specified definitions, if any
               .define AUXIO_I2C_SCL           11
               .define AUXIO_I2C_SDA           10
               .define I2C_BASE_DELAY          55
               .define I2C_EXT_DELAY           4
               .define I2C_STRETCH_TIMEOUT_US  10
               .define I2C_WAIT_STRETCH_DELAY  5
               .alias  i2cTaskName             readData
               
               
               .segment begin "Framework"
               
               
               VectorTable:
0000 ---- 1408                         jsr         PowerUp
0001 ---- 040c                         jmp         TaskCtrlReqVector
0002 ---- 1408                         jsr         PowerUp
0003 ---- 042c                         jmp         AonRtcCh2Vector
0004 ---- 1408                         jsr         PowerUp
0005 ---- 0447                         jmp         Event0Vector
0006 ---- 1408                         jsr         PowerUp
0007 ---- 044d                         jmp         TaskAlertAckVector
               
               
               
               
               PowerUp:
                                       ; Deassert the power-down request
0008 ---- 4436                         iobclr      #0, [#IOP_WUC_PWRDWNREQ]
               
                                       ; Wait for it to take effect
0009 ---- 2437 /waitForPdAck:          iobtst      #0, [#IOP_WUC_PWRDWNACK]
000a ---- aefe                         biob1       /waitForPdAck
               
               FwEmptyFunc:            ; Done
000b ---- adb7                         rts
               
               
               
               
               TaskCtrlReqVector:
                                       ; Clear the vector flag
000c ---- 6442                         iobset      #0, [#IOP_EVCTL_VECFLAGSCLR]
               
                                       ; For each task ...
000d ---- 7000                         ld          R7, #0
               /loop:
                                           ; Save the task ID
000e ---- 7c6b                             st          R7, [#fwCtrlInt/taskId]
               
                                           ; Handle initialize request, if any
000f ---- 6871                             ld          R6, [#fwCtrlExt/bvTaskInitializeReq]
0010 ---- 0068                             ld          R0, #pFwTaskInitializeFuncTable
0011 ---- 1425                             jsr         /handleReq
               
                                           ; Handle execute request, if any
0012 ---- 6872                             ld          R6, [#fwCtrlExt/bvTaskExecuteReq]
0013 ---- 0069                             ld          R0, #pFwTaskExecuteFuncTable
0014 ---- 1425                             jsr         /handleReq
               
                                           ; Handle terminate request, if any
0015 ---- 6873                             ld          R6, [#fwCtrlExt/bvTaskTerminateReq]
0016 ---- 006a                             ld          R0, #pFwTaskTerminateFuncTable
0017 ---- 1425                             jsr         /handleReq
               
                                           ; Move on to the next task
0018 ---- 786b                             ld          R7, [#fwCtrlInt/taskId]
0019 ---- f801                             add         R7, #1
               
001a ---- fa01                         cmp         R7, #TASK_COUNT
001b ---- bef2                         bneq        /loop
               
                                       ; Update which tasks are ...
001c ---- 786f                         ld          R7, [#fwCtrlExt/bvActiveTasks]
                                       ; ... currently active ...
001d ---- 6871                         ld          R6, [#fwCtrlExt/bvTaskInitializeReq]
001e ---- fd0e                         or          R7, R6
                                       ; ... and inactive ...
001f ---- 6873                         ld          R6, [#fwCtrlExt/bvTaskTerminateReq]
0020 ---- ed92                         inv         R6
0021 ---- fd06                         and         R7, R6
0022 ---- 7c6f                         st          R7, [#fwCtrlExt/bvActiveTasks]
               
                                       ; We're READY for another request
0023 ---- 642d                         iobset      #IOB_EVCTL_SWEV_READY, [#IOP_EVCTL_SWEVSET]
               
                                       ; Generate an ALERT interrupt if needed before powering back down
0024 ---- 0450                         jmp         GenAlertInterrupt;
               
               /handleReq:
                                       ; Restore the task ID, and load the function pointer (here to avoid pipeline hazard)
0025 ---- 786b                         ld          R7, [#fwCtrlInt/taskId]
0026 ---- 8f1f                         ld          R0, [R7+R0]
               
                                       ; Skip this request?
0027 ---- ed8f                         lsr         R6, R7
0028 ---- ec01                         tst         R6, #0x0001
0029 ---- be01                         bnz         /noSkip
002a ---- adb7                             rts
               /noSkip:
                                       ; Make the call by jump, with return (rts) in the "called" function
002b ---- 8db7                         jmp         R0
               
               
               
               
               AonRtcCh2Vector:
                                       ; Start clearing the RTC event
002c ---- 6630                         iobset      #IOB_WUC_WUEV_RTC, [#IOP_WUC_WUEVCLR]
               
                                       ; Clear the vector flag
002d ---- 6542                         iobset      #1, [#IOP_EVCTL_VECFLAGSCLR]
               
                                       ; For each task (R0 is the current task ID) ...
002e ---- 0000                         ld          R0, #0
               /loop:
                                           ; ... that is active ...
002f ---- 186f                             ld          R1, [#fwCtrlExt/bvActiveTasks]
0030 ---- 9d88                             lsr         R1, R0
0031 ---- 9c01                             tst         R1, #0x0001
0032 ---- b60d                             bz          /skip
               
                                               ; Fetch number of RTC intervals until next execution
0033 ---- 1067                                 ld          R1, #pFwTaskExecuteScheduleTable
0034 ---- af19                                 ld          R2, [R1+R0]
               
                                               ; If not already 0, decrement and store. If then 0 ...
0035 ---- aa00                                 cmp         R2, #0
0036 ---- b609                                 beq         /skip
0037 ---- a8ff                                 add         R2, #-1
0038 ---- af39                                 st          R2, [R1+R0]
0039 ---- be06                                 bnz         /skip
               
                                                   ; ... execute the task
003a ---- 0c6b                                     st          R0, [#fwCtrlInt/taskId]
003b ---- 8869                                     add         R0, #pFwTaskExecuteFuncTable
003c ---- 8f08                                     ld          R0, [R0]
                                                   ; Insert NOP to avoid pipeline hazard
003d ---- fd47                                     nop
003e ---- 9db7                                     jsr         R0
003f ---- 086b                                     ld          R0, [#fwCtrlInt/taskId]
               /skip:
                                           ; Move on to the next task
0040 ---- 8801                             add         R0, #1
               
0041 ---- 8a01                         cmp         R0, #TASK_COUNT
0042 ---- beec                         bneq        /loop
               
                                       ; Wait for the ACK event to be cleared
0043 ---- 262f /waitOnRtcClearing:     iobtst      #IOB_WUC_WUEV_RTC, [#IOP_WUC_WUEVFLAGS]
0044 ---- aefe                         biob1       /waitOnRtcClearing
0045 ---- 4630                         iobclr      #IOB_WUC_WUEV_RTC, [#IOP_WUC_WUEVCLR]
               
                                       ; Generate an ALERT interrupt if needed
0046 ---- 0450                         jmp         GenAlertInterrupt;
               
               
               
               
               Event0Vector:
                                       ; Disable and clear the vector flag
0047 ---- 5527                         iobclr      #IOB_EVCTL_VECCFG1_VEC2_EN, [#IOP_EVCTL_VECCFG1]
0048 ---- 6642                         iobset      #2, [#IOP_EVCTL_VECFLAGSCLR]
               
                                       ; Set the task ID
0049 ---- 0000                         ld          R0, #0
004a ---- 0c6b                         st          R0, [#fwCtrlInt/taskId]
               
                                       ; Jump to the event task code
004b ---- 140b                         jsr         FwEmptyFunc
               
                                       ; Generate an ALERT interrupt if needed
004c ---- 0450                         jmp         GenAlertInterrupt;
               
               
               
               
               TaskAlertAckVector:
                                       ; Clear the vector flag
004d ---- 6742                         iobset      #3, [#IOP_EVCTL_VECFLAGSCLR]
               
                                       ; Re-enable generation of ALERT interrupts
004e ---- 03ff                         ld          R0, #-1
004f ---- 0c6d                         st          R0, [#fwCtrlInt/alertGenMask]
               
                                       ; Fall through to GenAlertInterrupt to generate another ALERT interrupt if needed
               
               
               
               
               GenAlertInterrupt:
                                       ; Do we have any ALERT-generating flags pending?
0050 ---- 786c                         ld          R7, [#fwCtrlInt/bvTaskIoAlert]
               
                                       ; Skip if the last I/O ALERT interrupt has not been acknowledged
0051 ---- 686d                         ld          R6, [#fwCtrlInt/alertGenMask]
0052 ---- ed37                         tst         R6, R7
0053 ---- b605                         bz          /skip
               
                                           ; Transfer I/O flags from internal to external
0054 ---- 0000                             ld          R0, #0
0055 ---- 0c6c                             st          R0, [#fwCtrlInt/bvTaskIoAlert]
0056 ---- 7c70                             st          R7, [#fwCtrlExt/bvTaskIoAlert]
               
                                           ; Generate the ALERT interrupt, and clear the generation mask
0057 ---- 652d                             iobset      #IOB_EVCTL_SWEV_ALERT, [#IOP_EVCTL_SWEVSET]
0058 ---- 0c6d                             st          R0, [#fwCtrlInt/alertGenMask]
               /skip:
                                       ; Fall through to PowerDown ...
               
               
               
               
               PowerDown:
                                       ; If there are no unacknowledged ALERTs and no vectors pending ...
0059 ---- 786d                         ld          R7, [#fwCtrlInt/alertGenMask]
005a ---- 686e                         ld          R6, [#fwCtrlInt/alertCanPdAuxMask]
005b ---- fd0e                         or          R7, R6
005c ---- f801                         add         R7, #1 ; 0xFFFF -> 0x0000
005d ---- e92b                         in          R6, [#IOP_EVCTL_VECFLAGS]
005e ---- fd0e                         or          R7, R6
005f ---- be01                         bnz         /noPowerDown
               
                                           ; Assert the power-down request. We'll make sure that it has taken effect
                                           ; or been completely ignored when waking up again
0060 ---- 6436                             iobset      #0, [#IOP_WUC_PWRDWNREQ]
               /noPowerDown:
                                       ; Sleep until the next event
0061 ---- bdb7 sleepInstr:             sleep
               
               
               
               
0062 ---- 241a AdiDdiAcquire:          iobtst      #0, [#IOP_SMPH_SMPH0]
0063 ---- a6fe                         biob0       AdiDdiAcquire
0064 ---- adb7                         rts
               
0065 ---- 641a AdiDdiRelease:          iobset      #0, [#IOP_SMPH_SMPH0]
0066 ---- adb7                         rts
               
               
               
               
               pFwTaskExecuteScheduleTable:
0067 ---- 0000                         dw          #0
               pFwTaskInitializeFuncTable:
0068 ---- 0086                         dw          #readData/initialize
               pFwTaskExecuteFuncTable:
0069 ---- 0087                         dw          #readData/execute
               pFwTaskTerminateFuncTable:
006a ---- 0229                         dw          #readData/terminate
               
               
               ; Internal control data
               fwCtrlInt:
006b ---- 0000 /taskId:                dw          #0      ; ID of the currently running task
006c ---- 0000 /bvTaskIoAlert:         dw          #0x0000 ; LSB = Normal data exchange, MSB = Overflow or underflow
006d ---- ffff /alertGenMask:          dw          #0xFFFF ; Can generate an ALERT interrupt now? (0xFFFF = yes, 0x0000 = no)
006e ---- 0000 /alertCanPdAuxMask:     dw          #0x0000 ; Can power down AUX domain after ALERT interrupt generation? (0xFFFF = yes, 0x0000 = no)
               
               ; External control data, shared with the driver
               fwCtrlExt:
006f ---- 0000 /bvActiveTasks:         dw          #0x0000 ; Indicates which tasks are currently active
0070 ---- 0000 /bvTaskIoAlert:         dw          #0x0000 ; LSB = Normal data exchange, MSB = Overflow or underflow
0071 ---- 0000 /bvTaskInitializeReq:   dw          #0x0000 ; Requests tasks to start
0072 ---- 0000 /bvTaskExecuteReq:      dw          #0x0000 ; Requests tasks to execute once immediately
0073 ---- 0000 /bvTaskTerminateReq:    dw          #0x0000 ; Requests tasks to stop
               
               
               .segment end "Framework"
               
               
               fwTaskDataStructures:
               .segment begin "Task: ReadData"
               readData/cfg:
               readData/cfg/pAuxioAAnaInput:
0074 ---- 0007                         dw          #7
0075 ---- 0006                         dw          #6
0076 ---- 0005                         dw          #5
0077 ---- 0004                         dw          #4
0078 ---- 0003                         dw          #3
               readData/cfg/pAuxioOAuxPowEn:
0079 ---- 0008                         dw          #8
               readData/cfg/pAuxioOLedDriver:
007a ---- 0009                         dw          #9
               readData/input:
               readData/output:
               readData/output/AmbLight:
007b ---- 0000                         dw          #0
               readData/output/BatterySensor:
007c ---- 0000                         dw          #0
               readData/output/Conductivity:
007d ---- 0000                         dw          #0
               readData/output/HallSensor:
007e ---- 0000                         dw          #0
               readData/output/I2CError:
007f ---- 0000                         dw          #0
               readData/output/TemperatureSensor:
0080 ---- 0000                         dw          #0
               readData/output/colorBlue:
0081 ---- 0000                         dw          #0
               readData/output/colorClear:
0082 ---- 0000                         dw          #0
               readData/output/colorGreen:
0083 ---- 0000                         dw          #0
               readData/output/colorRed:
0084 ---- 0000                         dw          #0
               readData/state:
               readData/state/i2cStatus:
0085 ---- 0000                         dw          #0
               .segment end "Task: ReadData"
               
               
               .segment begin "Task: ReadData"
               readData/initialize:
               readData/initializeDone:
0086 ---- adb7                         rts         
               
               
               
               
               readData/execute:
               ;? //Check with briggs if we should have outputs for error checking
               ;? // Analog sensing logic - read the analog channel and save in output buffer
               ;? output.I2CError = 0;
0087 ---- 0000                         ld          R0, #0
0088 ---- 0c7f                         st          R0, [#readData/output/I2CError]
               ;? 
               ;? gpioSetOutput(cfg.pAuxioOAuxPowEn[0]);
0089 ---- 7879                         ld          R7, [#(readData/cfg/pAuxioOAuxPowEn + 0)]
008a ---- 162a                         jsr         gpioSetOutput
               ;? 
               ;? // delay between 5000ms
               ;? fwDelayUs(100000, FW_DELAY_RANGE_100_MS);
008b ---- 7093                         ld          R7, #(((100000 * 24 ) + ((1 << 14) - 1)) >> 14)
008c ---- 600e                         ld          R6, #14
008d ---- 1632                         jsr         FwDelay
               ;? fwDelayUs(100000, FW_DELAY_RANGE_100_MS);
008e ---- 7093                         ld          R7, #(((100000 * 24 ) + ((1 << 14) - 1)) >> 14)
008f ---- 600e                         ld          R6, #14
0090 ---- 1632                         jsr         FwDelay
               ;? fwDelayUs(100000, FW_DELAY_RANGE_100_MS);
0091 ---- 7093                         ld          R7, #(((100000 * 24 ) + ((1 << 14) - 1)) >> 14)
0092 ---- 600e                         ld          R6, #14
0093 ---- 1632                         jsr         FwDelay
               ;? fwDelayUs(100000, FW_DELAY_RANGE_100_MS);
0094 ---- 7093                         ld          R7, #(((100000 * 24 ) + ((1 << 14) - 1)) >> 14)
0095 ---- 600e                         ld          R6, #14
0096 ---- 1632                         jsr         FwDelay
               ;? fwDelayUs(100000, FW_DELAY_RANGE_100_MS);
0097 ---- 7093                         ld          R7, #(((100000 * 24 ) + ((1 << 14) - 1)) >> 14)
0098 ---- 600e                         ld          R6, #14
0099 ---- 1632                         jsr         FwDelay
               ;? 
               ;? // DELAY
               ;? fwDelayUs(100000, FW_DELAY_RANGE_100_MS);
009a ---- 7093                         ld          R7, #(((100000 * 24 ) + ((1 << 14) - 1)) >> 14)
009b ---- 600e                         ld          R6, #14
009c ---- 1632                         jsr         FwDelay
               ;? fwDelayUs(100000, FW_DELAY_RANGE_100_MS);
009d ---- 7093                         ld          R7, #(((100000 * 24 ) + ((1 << 14) - 1)) >> 14)
009e ---- 600e                         ld          R6, #14
009f ---- 1632                         jsr         FwDelay
               ;? fwDelayUs(100000, FW_DELAY_RANGE_100_MS);
00a0 ---- 7093                         ld          R7, #(((100000 * 24 ) + ((1 << 14) - 1)) >> 14)
00a1 ---- 600e                         ld          R6, #14
00a2 ---- 1632                         jsr         FwDelay
               ;? fwDelayUs(100000, FW_DELAY_RANGE_100_MS);
00a3 ---- 7093                         ld          R7, #(((100000 * 24 ) + ((1 << 14) - 1)) >> 14)
00a4 ---- 600e                         ld          R6, #14
00a5 ---- 1632                         jsr         FwDelay
               ;? fwDelayUs(100000, FW_DELAY_RANGE_100_MS);
00a6 ---- 7093                         ld          R7, #(((100000 * 24 ) + ((1 << 14) - 1)) >> 14)
00a7 ---- 600e                         ld          R6, #14
00a8 ---- 1632                         jsr         FwDelay
               ;? 
               ;? 
               ;? 
               ;? // turn on the power for LED_DRIVER
               ;? gpioSetOutput(cfg.pAuxioOLedDriver[0]);
00a9 ---- 787a                         ld          R7, [#(readData/cfg/pAuxioOLedDriver + 0)]
00aa ---- 162a                         jsr         gpioSetOutput
               ;? 
               ;? //delay for the LED to turn on
               ;? fwDelayUs(100000, FW_DELAY_RANGE_100_MS);
00ab ---- 7093                         ld          R7, #(((100000 * 24 ) + ((1 << 14) - 1)) >> 14)
00ac ---- 600e                         ld          R6, #14
00ad ---- 1632                         jsr         FwDelay
               ;? 
               ;? //In order to prevent future errors with the I2C communication we need to read the water color ID register
               ;? U16 dummy = 0;
               ;? //Check which sensor is connected
               ;? i2cStart();
00ae ---- 6000                         ld          R6, #0x0000
00af ---- 163e                         jsr         I2cStart
00b0 ---- 6c85                         st          R6, [#readData/state/i2cStatus]
               ;? i2cTx( (ADDRESS << 1) | I2C_OP_WRITE);
00b1 ---- 7052                         ld          R7, #82
00b2 ---- 6885                         ld          R6, [#readData/state/i2cStatus]
00b3 ---- 1655                         jsr         I2cTxByte
00b4 ---- 6c85                         st          R6, [#readData/state/i2cStatus]
               ;? i2cTx( (COMMAND_BYTE | ID_REG) );
00b5 ---- 7092                         ld          R7, #146
00b6 ---- 6885                         ld          R6, [#readData/state/i2cStatus]
00b7 ---- 1655                         jsr         I2cTxByte
00b8 ---- 6c85                         st          R6, [#readData/state/i2cStatus]
               ;? i2cRepeatedStart();
00b9 ---- 6885                         ld          R6, [#readData/state/i2cStatus]
00ba ---- 1638                         jsr         I2cRepeatedStart
00bb ---- 6c85                         st          R6, [#readData/state/i2cStatus]
               ;? i2cTx( (ADDRESS << 1) | I2C_OP_READ);
00bc ---- 7053                         ld          R7, #83
00bd ---- 6885                         ld          R6, [#readData/state/i2cStatus]
00be ---- 1655                         jsr         I2cTxByte
00bf ---- 6c85                         st          R6, [#readData/state/i2cStatus]
               ;? i2cRxAck(dummy);
00c0 ---- 7000                         ld          R7, #0x0000
00c1 ---- 6885                         ld          R6, [#readData/state/i2cStatus]
00c2 ---- 1673                         jsr         I2cRxByte
00c3 ---- 6c85                         st          R6, [#readData/state/i2cStatus]
               ;? i2cStop();
00c4 ---- 6885                         ld          R6, [#readData/state/i2cStatus]
00c5 ---- 1692                         jsr         I2cStop
00c6 ---- 6c85                         st          R6, [#readData/state/i2cStatus]
               ;? 
               ;? if(state.i2cStatus != 0x00){
00c7 ---- 0885                         ld          R0, [#readData/state/i2cStatus]
00c8 ---- 8a00                         cmp         R0, #0
00c9 ---- b603                         beq         /id0194
               ;?     output.I2CError = output.I2CError | (1 << 0);
00ca ---- 087f                             ld          R0, [#readData/output/I2CError]
00cb ---- 8201                             or          R0, #1
00cc ---- 0c7f                             st          R0, [#readData/output/I2CError]
               ;? }
               /id0194:
               ;? 
               ;? //confirm what the delays should be here
               ;? //fwDelayUs(100, FW_DELAY_RANGE_500_US);
               ;? 
               ;? //Set the RGB Integration time
               ;? i2cStart();
00cd ---- 6000                         ld          R6, #0x0000
00ce ---- 163e                         jsr         I2cStart
00cf ---- 6c85                         st          R6, [#readData/state/i2cStatus]
               ;? i2cTx( (ADDRESS << 1) | I2C_OP_WRITE);
00d0 ---- 7052                         ld          R7, #82
00d1 ---- 6885                         ld          R6, [#readData/state/i2cStatus]
00d2 ---- 1655                         jsr         I2cTxByte
00d3 ---- 6c85                         st          R6, [#readData/state/i2cStatus]
               ;? i2cTx( (COMMAND_BYTE | A_TIME_REG) );
00d4 ---- 7081                         ld          R7, #129
00d5 ---- 6885                         ld          R6, [#readData/state/i2cStatus]
00d6 ---- 1655                         jsr         I2cTxByte
00d7 ---- 6c85                         st          R6, [#readData/state/i2cStatus]
               ;? i2cTx( (INTG_24) );
00d8 ---- 70ff                         ld          R7, #255
00d9 ---- 6885                         ld          R6, [#readData/state/i2cStatus]
00da ---- 1655                         jsr         I2cTxByte
00db ---- 6c85                         st          R6, [#readData/state/i2cStatus]
               ;? i2cStop();
00dc ---- 6885                         ld          R6, [#readData/state/i2cStatus]
00dd ---- 1692                         jsr         I2cStop
00de ---- 6c85                         st          R6, [#readData/state/i2cStatus]
               ;? 
               ;? if(state.i2cStatus != 0x00){
00df ---- 0885                         ld          R0, [#readData/state/i2cStatus]
00e0 ---- 8a00                         cmp         R0, #0
00e1 ---- b603                         beq         /id0213
               ;?     output.I2CError = output.I2CError | (1 << 1);
00e2 ---- 087f                             ld          R0, [#readData/output/I2CError]
00e3 ---- 8202                             or          R0, #2
00e4 ---- 0c7f                             st          R0, [#readData/output/I2CError]
               ;? }
               /id0213:
               ;? 
               ;? //confirm what the delays should be here
               ;? //fwDelayUs(100, FW_DELAY_RANGE_500_US);
               ;? 
               ;? //Set the RGB Integration time
               ;? i2cStart();
00e5 ---- 6000                         ld          R6, #0x0000
00e6 ---- 163e                         jsr         I2cStart
00e7 ---- 6c85                         st          R6, [#readData/state/i2cStatus]
               ;? i2cTx( (ADDRESS << 1) | I2C_OP_WRITE);
00e8 ---- 7052                         ld          R7, #82
00e9 ---- 6885                         ld          R6, [#readData/state/i2cStatus]
00ea ---- 1655                         jsr         I2cTxByte
00eb ---- 6c85                         st          R6, [#readData/state/i2cStatus]
               ;? i2cTx( (COMMAND_BYTE | CTRL_REG) );
00ec ---- 708f                         ld          R7, #143
00ed ---- 6885                         ld          R6, [#readData/state/i2cStatus]
00ee ---- 1655                         jsr         I2cTxByte
00ef ---- 6c85                         st          R6, [#readData/state/i2cStatus]
               ;? i2cTx( (GAIN_4X) );
00f0 ---- 7001                         ld          R7, #1
00f1 ---- 6885                         ld          R6, [#readData/state/i2cStatus]
00f2 ---- 1655                         jsr         I2cTxByte
00f3 ---- 6c85                         st          R6, [#readData/state/i2cStatus]
               ;? i2cStop();
00f4 ---- 6885                         ld          R6, [#readData/state/i2cStatus]
00f5 ---- 1692                         jsr         I2cStop
00f6 ---- 6c85                         st          R6, [#readData/state/i2cStatus]
               ;? 
               ;? if(state.i2cStatus != 0x00){
00f7 ---- 0885                         ld          R0, [#readData/state/i2cStatus]
00f8 ---- 8a00                         cmp         R0, #0
00f9 ---- b603                         beq         /id0232
               ;?     output.I2CError = output.I2CError | (1 << 2);
00fa ---- 087f                             ld          R0, [#readData/output/I2CError]
00fb ---- 8204                             or          R0, #4
00fc ---- 0c7f                             st          R0, [#readData/output/I2CError]
               ;? }
               /id0232:
               ;? 
               ;? //confirm what the delays should be here
               ;? //fwDelayUs(100, FW_DELAY_RANGE_500_US);
               ;? 
               ;? //Enable the Power on
               ;? i2cStart();
00fd ---- 6000                         ld          R6, #0x0000
00fe ---- 163e                         jsr         I2cStart
00ff ---- 6c85                         st          R6, [#readData/state/i2cStatus]
               ;? i2cTx( (ADDRESS << 1) | I2C_OP_WRITE);
0100 ---- 7052                         ld          R7, #82
0101 ---- 6885                         ld          R6, [#readData/state/i2cStatus]
0102 ---- 1655                         jsr         I2cTxByte
0103 ---- 6c85                         st          R6, [#readData/state/i2cStatus]
               ;? i2cTx( (COMMAND_BYTE | ENABLE_REG) );
0104 ---- 7080                         ld          R7, #128
0105 ---- 6885                         ld          R6, [#readData/state/i2cStatus]
0106 ---- 1655                         jsr         I2cTxByte
0107 ---- 6c85                         st          R6, [#readData/state/i2cStatus]
               ;? i2cTx(ENABLE_PON);
0108 ---- 7001                         ld          R7, #1
0109 ---- 6885                         ld          R6, [#readData/state/i2cStatus]
010a ---- 1655                         jsr         I2cTxByte
010b ---- 6c85                         st          R6, [#readData/state/i2cStatus]
               ;? i2cStop();
010c ---- 6885                         ld          R6, [#readData/state/i2cStatus]
010d ---- 1692                         jsr         I2cStop
010e ---- 6c85                         st          R6, [#readData/state/i2cStatus]
               ;? 
               ;? if(state.i2cStatus != 0x00){
010f ---- 0885                         ld          R0, [#readData/state/i2cStatus]
0110 ---- 8a00                         cmp         R0, #0
0111 ---- b603                         beq         /id0251
               ;?     output.I2CError = output.I2CError | (1 << 3);
0112 ---- 087f                             ld          R0, [#readData/output/I2CError]
0113 ---- 8208                             or          R0, #8
0114 ---- 0c7f                             st          R0, [#readData/output/I2CError]
               ;? }
               /id0251:
               ;? 
               ;? //confirm what the delays should be here
               ;? fwDelayUs(100, FW_DELAY_RANGE_500_US);
0115 ---- 7026                         ld          R7, #(((100 * 24 ) + ((1 << 6) - 1)) >> 6)
0116 ---- 6006                         ld          R6, #6
0117 ---- 1632                         jsr         FwDelay
               ;? //fwDelayUs(100000, FW_DELAY_RANGE_100_MS);
               ;? 
               ;? 
               ;? 
               ;? //Enable the Power on / AEN
               ;? i2cStart();
0118 ---- 6000                         ld          R6, #0x0000
0119 ---- 163e                         jsr         I2cStart
011a ---- 6c85                         st          R6, [#readData/state/i2cStatus]
               ;? i2cTx( (ADDRESS << 1) | I2C_OP_WRITE);
011b ---- 7052                         ld          R7, #82
011c ---- 6885                         ld          R6, [#readData/state/i2cStatus]
011d ---- 1655                         jsr         I2cTxByte
011e ---- 6c85                         st          R6, [#readData/state/i2cStatus]
               ;? i2cTx( (COMMAND_BYTE | ENABLE_REG) );
011f ---- 7080                         ld          R7, #128
0120 ---- 6885                         ld          R6, [#readData/state/i2cStatus]
0121 ---- 1655                         jsr         I2cTxByte
0122 ---- 6c85                         st          R6, [#readData/state/i2cStatus]
               ;? i2cTx(ENABLE_PON | ENABLE_AEN);
0123 ---- 7003                         ld          R7, #3
0124 ---- 6885                         ld          R6, [#readData/state/i2cStatus]
0125 ---- 1655                         jsr         I2cTxByte
0126 ---- 6c85                         st          R6, [#readData/state/i2cStatus]
               ;? i2cStop();
0127 ---- 6885                         ld          R6, [#readData/state/i2cStatus]
0128 ---- 1692                         jsr         I2cStop
0129 ---- 6c85                         st          R6, [#readData/state/i2cStatus]
               ;? 
               ;? if(state.i2cStatus != 0x00){
012a ---- 0885                         ld          R0, [#readData/state/i2cStatus]
012b ---- 8a00                         cmp         R0, #0
012c ---- b603                         beq         /id0272
               ;?     output.I2CError = output.I2CError | (1 << 4);
012d ---- 087f                             ld          R0, [#readData/output/I2CError]
012e ---- 8210                             or          R0, #16
012f ---- 0c7f                             st          R0, [#readData/output/I2CError]
               ;? }
               /id0272:
               ;? 
               ;? //confirm what the delays should be here
               ;? fwDelayUs(100, FW_DELAY_RANGE_500_US);
0130 ---- 7026                         ld          R7, #(((100 * 24 ) + ((1 << 6) - 1)) >> 6)
0131 ---- 6006                         ld          R6, #6
0132 ---- 1632                         jsr         FwDelay
               ;? 
               ;? 
               ;? //Read the color values
               ;? U16 low;
               ;? U16 high;
               ;? i2cStart();
0133 ---- 6000                         ld          R6, #0x0000
0134 ---- 163e                         jsr         I2cStart
0135 ---- 6c85                         st          R6, [#readData/state/i2cStatus]
               ;? i2cTx( (ADDRESS << 1) | I2C_OP_WRITE);
0136 ---- 7052                         ld          R7, #82
0137 ---- 6885                         ld          R6, [#readData/state/i2cStatus]
0138 ---- 1655                         jsr         I2cTxByte
0139 ---- 6c85                         st          R6, [#readData/state/i2cStatus]
               ;? i2cTx( (COMMAND_AUTO | COLORS) );
013a ---- 70b4                         ld          R7, #180
013b ---- 6885                         ld          R6, [#readData/state/i2cStatus]
013c ---- 1655                         jsr         I2cTxByte
013d ---- 6c85                         st          R6, [#readData/state/i2cStatus]
               ;? i2cRepeatedStart();
013e ---- 6885                         ld          R6, [#readData/state/i2cStatus]
013f ---- 1638                         jsr         I2cRepeatedStart
0140 ---- 6c85                         st          R6, [#readData/state/i2cStatus]
               ;? i2cTx( (ADDRESS << 1) | I2C_OP_READ);
0141 ---- 7053                         ld          R7, #83
0142 ---- 6885                         ld          R6, [#readData/state/i2cStatus]
0143 ---- 1655                         jsr         I2cTxByte
0144 ---- 6c85                         st          R6, [#readData/state/i2cStatus]
               ;? 
               ;? //Reading the color sensor
               ;? //Clear
               ;? i2cRxAck(low);
0145 ---- 7000                         ld          R7, #0x0000
0146 ---- 6885                         ld          R6, [#readData/state/i2cStatus]
0147 ---- 1673                         jsr         I2cRxByte
0148 ---- 6c85                         st          R6, [#readData/state/i2cStatus]
0149 ---- 8d47                         ld          R0, R7
               ;? i2cRxAck(high);
014a ---- 7000                         ld          R7, #0x0000
014b ---- 6885                         ld          R6, [#readData/state/i2cStatus]
014c ---- 1673                         jsr         I2cRxByte
014d ---- 6c85                         st          R6, [#readData/state/i2cStatus]
               ;? output.colorClear = ((high << 8) | low);
014e ---- fda0                         lsl         R7, #8
014f ---- fd08                         or          R7, R0
0150 ---- 7c82                         st          R7, [#readData/output/colorClear]
               ;? 
               ;? //Red
               ;? i2cRxAck(low);
0151 ---- 7000                         ld          R7, #0x0000
0152 ---- 6885                         ld          R6, [#readData/state/i2cStatus]
0153 ---- 1673                         jsr         I2cRxByte
0154 ---- 6c85                         st          R6, [#readData/state/i2cStatus]
0155 ---- 8d47                         ld          R0, R7
               ;? i2cRxAck(high);
0156 ---- 7000                         ld          R7, #0x0000
0157 ---- 6885                         ld          R6, [#readData/state/i2cStatus]
0158 ---- 1673                         jsr         I2cRxByte
0159 ---- 6c85                         st          R6, [#readData/state/i2cStatus]
               ;? output.colorRed = ((high << 8) | low);
015a ---- fda0                         lsl         R7, #8
015b ---- fd08                         or          R7, R0
015c ---- 7c84                         st          R7, [#readData/output/colorRed]
               ;? 
               ;? //Green
               ;? i2cRxAck(low);
015d ---- 7000                         ld          R7, #0x0000
015e ---- 6885                         ld          R6, [#readData/state/i2cStatus]
015f ---- 1673                         jsr         I2cRxByte
0160 ---- 6c85                         st          R6, [#readData/state/i2cStatus]
0161 ---- 8d47                         ld          R0, R7
               ;? i2cRxAck(high);
0162 ---- 7000                         ld          R7, #0x0000
0163 ---- 6885                         ld          R6, [#readData/state/i2cStatus]
0164 ---- 1673                         jsr         I2cRxByte
0165 ---- 6c85                         st          R6, [#readData/state/i2cStatus]
               ;? output.colorGreen = ((high << 8) | low);
0166 ---- fda0                         lsl         R7, #8
0167 ---- fd08                         or          R7, R0
0168 ---- 7c83                         st          R7, [#readData/output/colorGreen]
               ;? 
               ;? //Blue
               ;? i2cRxAck(low);
0169 ---- 7000                         ld          R7, #0x0000
016a ---- 6885                         ld          R6, [#readData/state/i2cStatus]
016b ---- 1673                         jsr         I2cRxByte
016c ---- 6c85                         st          R6, [#readData/state/i2cStatus]
016d ---- 8d47                         ld          R0, R7
               ;? i2cRxAck(high);
016e ---- 7000                         ld          R7, #0x0000
016f ---- 6885                         ld          R6, [#readData/state/i2cStatus]
0170 ---- 1673                         jsr         I2cRxByte
0171 ---- 6c85                         st          R6, [#readData/state/i2cStatus]
               ;? output.colorBlue = ((high << 8) | low);
0172 ---- fda0                         lsl         R7, #8
0173 ---- fd08                         or          R7, R0
0174 ---- 7c81                         st          R7, [#readData/output/colorBlue]
               ;? 
               ;? i2cStop();
0175 ---- 6885                         ld          R6, [#readData/state/i2cStatus]
0176 ---- 1692                         jsr         I2cStop
0177 ---- 6c85                         st          R6, [#readData/state/i2cStatus]
               ;? 
               ;? // TURN OFF THE LED
               ;? gpioClearOutput(cfg.pAuxioOLedDriver[0]);
0178 ---- 787a                         ld          R7, [#(readData/cfg/pAuxioOLedDriver + 0)]
0179 ---- 169d                         jsr         gpioClearOutput
               ;? 
               ;? // Delay for LED to turn off
               ;? fwDelayUs(50000, FW_DELAY_RANGE_100_MS);
017a ---- 704a                         ld          R7, #(((50000 * 24 ) + ((1 << 14) - 1)) >> 14)
017b ---- 600e                         ld          R6, #14
017c ---- 1632                         jsr         FwDelay
               ;? 
               ;? // Enable the ADC
               ;? adcEnableSync(ADC_REF_FIXED, ADC_SAMPLE_TIME_2P7_US,ADC_TRIGGER_MANUAL);
017d ---- 705d                         ld          R7, #(((32 - 1) * 24) >> 3)
017e ---- 6003                         ld          R6, #3
017f ---- 1632                         jsr         FwDelay
0180 ---- 7041                         ld          R7, #((0 | (((3 < 6) & (!0)) * ADI16_ADCREF_REF_ON_IDLE)) | ADI16_ADCREF_EN)
0181 ---- 1462                         jsr         AdiDdiAcquire
0182 ---- fb4d                         out         R7, [#IOP_ADISET_ADCREF]
0183 8609 7101                         ld          R7, #((9 << IOB_ANAIF_ADCCTL_START_SRC) | 0x0001)
0185 ---- 6431                         iobset      #IOB_WUC_ADCCLKCTL_REQ, [#IOP_WUC_ADCCLKCTL]
               /id0333:
0186 ---- 2531                         iobtst      #IOB_WUC_ADCCLKCTL_ACK, [#IOP_WUC_ADCCLKCTL]
0187 ---- a6fe                         biob0       /id0333
0188 ---- fb00                         out         R7, [#IOP_ANAIF_ADCCTL]
0189 ---- 7018                         ld          R7, #(3 << BI_ADI16_ADC_SMPL_CYCLE_EXP)
018a ---- fb4c                         out         R7, [#IOP_ADISET_ADC]
018b ---- 7003                         ld          R7, #(ADI16_ADC_EN | ADI16_ADC_RESET_N)
018c ---- fb4c                         out         R7, [#IOP_ADISET_ADC]
018d ---- fd47                         nop         
018e ---- fb4c                         out         R7, [#IOP_ADISET_ADC]
018f ---- 1465                         jsr         AdiDdiRelease
               ;? 
               ;? // read & store the remaining adc values
               ;? adcGenManualTrigger();
0190 ---- 6403                         iobset      #0, [#IOP_ANAIF_ADCTRIG]
               ;? 
               ;? U16 total;
               ;? U16 value;
               ;? 
               ;? //Read ADC Sensor Conductivity
               ;? total = 0;
0191 ---- 0000                         ld          R0, #0
               ;? adcSelectGpioInput(cfg.pAuxioAAnaInput[0]);
0192 ---- 7874                         ld          R7, [#(readData/cfg/pAuxioAAnaInput + 0)]
0193 ---- 16a5                         jsr         AdccompbSelectGpioInput
               ;? adcGenManualTrigger();
0194 ---- 6403                         iobset      #0, [#IOP_ANAIF_ADCTRIG]
               ;? adcReadFifo(value);
0195 ---- 601f                         ld          R6, #EVCTL_SCEEVSEL_ADC_FIFO_NOT_EMPTY
0196 ---- eb2c                         out         R6, [#IOP_EVCTL_SCEWEVSEL]
0197 ---- fdb1                         wev1        #WEVSEL_PROG
0198 ---- e902                         in          R6, [#IOP_ANAIF_ADCFIFO]
               ;? total = total + value;
0199 ---- 8d26                         add         R0, R6
               ;? 
               ;? adcGenManualTrigger();
019a ---- 6403                         iobset      #0, [#IOP_ANAIF_ADCTRIG]
               ;? adcReadFifo(value);
019b ---- 601f                         ld          R6, #EVCTL_SCEEVSEL_ADC_FIFO_NOT_EMPTY
019c ---- eb2c                         out         R6, [#IOP_EVCTL_SCEWEVSEL]
019d ---- fdb1                         wev1        #WEVSEL_PROG
019e ---- e902                         in          R6, [#IOP_ANAIF_ADCFIFO]
               ;? total = total + value;
019f ---- 8d26                         add         R0, R6
               ;? 
               ;? adcGenManualTrigger();
01a0 ---- 6403                         iobset      #0, [#IOP_ANAIF_ADCTRIG]
               ;? adcReadFifo(value);
01a1 ---- 601f                         ld          R6, #EVCTL_SCEEVSEL_ADC_FIFO_NOT_EMPTY
01a2 ---- eb2c                         out         R6, [#IOP_EVCTL_SCEWEVSEL]
01a3 ---- fdb1                         wev1        #WEVSEL_PROG
01a4 ---- e902                         in          R6, [#IOP_ANAIF_ADCFIFO]
               ;? total = total + value;
01a5 ---- 8d26                         add         R0, R6
               ;? 
               ;? adcGenManualTrigger();
01a6 ---- 6403                         iobset      #0, [#IOP_ANAIF_ADCTRIG]
               ;? adcReadFifo(value);
01a7 ---- 601f                         ld          R6, #EVCTL_SCEEVSEL_ADC_FIFO_NOT_EMPTY
01a8 ---- eb2c                         out         R6, [#IOP_EVCTL_SCEWEVSEL]
01a9 ---- fdb1                         wev1        #WEVSEL_PROG
01aa ---- e902                         in          R6, [#IOP_ANAIF_ADCFIFO]
               ;? total = total + value;
01ab ---- 8d26                         add         R0, R6
               ;? output.Conductivity = (total >> 2);
01ac ---- 8daa                         lsr         R0, #2
01ad ---- 0c7d                         st          R0, [#readData/output/Conductivity]
               ;? 
               ;? //Read ADC Sensor Temp
               ;? total = 0;
01ae ---- 0000                         ld          R0, #0
               ;? adcSelectGpioInput(cfg.pAuxioAAnaInput[1]);
01af ---- 7875                         ld          R7, [#(readData/cfg/pAuxioAAnaInput + 1)]
01b0 ---- 16a5                         jsr         AdccompbSelectGpioInput
               ;? adcGenManualTrigger();
01b1 ---- 6403                         iobset      #0, [#IOP_ANAIF_ADCTRIG]
               ;? adcReadFifo(value);
01b2 ---- 601f                         ld          R6, #EVCTL_SCEEVSEL_ADC_FIFO_NOT_EMPTY
01b3 ---- eb2c                         out         R6, [#IOP_EVCTL_SCEWEVSEL]
01b4 ---- fdb1                         wev1        #WEVSEL_PROG
01b5 ---- e902                         in          R6, [#IOP_ANAIF_ADCFIFO]
               ;? total = total + value;
01b6 ---- 8d26                         add         R0, R6
               ;? 
               ;? adcGenManualTrigger();
01b7 ---- 6403                         iobset      #0, [#IOP_ANAIF_ADCTRIG]
               ;? adcReadFifo(value);
01b8 ---- 601f                         ld          R6, #EVCTL_SCEEVSEL_ADC_FIFO_NOT_EMPTY
01b9 ---- eb2c                         out         R6, [#IOP_EVCTL_SCEWEVSEL]
01ba ---- fdb1                         wev1        #WEVSEL_PROG
01bb ---- e902                         in          R6, [#IOP_ANAIF_ADCFIFO]
               ;? total = total + value;
01bc ---- 8d26                         add         R0, R6
               ;? 
               ;? adcGenManualTrigger();
01bd ---- 6403                         iobset      #0, [#IOP_ANAIF_ADCTRIG]
               ;? adcReadFifo(value);
01be ---- 601f                         ld          R6, #EVCTL_SCEEVSEL_ADC_FIFO_NOT_EMPTY
01bf ---- eb2c                         out         R6, [#IOP_EVCTL_SCEWEVSEL]
01c0 ---- fdb1                         wev1        #WEVSEL_PROG
01c1 ---- e902                         in          R6, [#IOP_ANAIF_ADCFIFO]
               ;? total = total + value;
01c2 ---- 8d26                         add         R0, R6
               ;? 
               ;? adcGenManualTrigger();
01c3 ---- 6403                         iobset      #0, [#IOP_ANAIF_ADCTRIG]
               ;? adcReadFifo(value);
01c4 ---- 601f                         ld          R6, #EVCTL_SCEEVSEL_ADC_FIFO_NOT_EMPTY
01c5 ---- eb2c                         out         R6, [#IOP_EVCTL_SCEWEVSEL]
01c6 ---- fdb1                         wev1        #WEVSEL_PROG
01c7 ---- e902                         in          R6, [#IOP_ANAIF_ADCFIFO]
               ;? total = total + value;
01c8 ---- 8d26                         add         R0, R6
               ;? output.TemperatureSensor = (total >> 2);
01c9 ---- 8daa                         lsr         R0, #2
01ca ---- 0c80                         st          R0, [#readData/output/TemperatureSensor]
               ;? 
               ;? //Read ADC Sensor AmbLight
               ;? total = 0;
01cb ---- 0000                         ld          R0, #0
               ;? adcSelectGpioInput(cfg.pAuxioAAnaInput[2]);
01cc ---- 7876                         ld          R7, [#(readData/cfg/pAuxioAAnaInput + 2)]
01cd ---- 16a5                         jsr         AdccompbSelectGpioInput
               ;? adcGenManualTrigger();
01ce ---- 6403                         iobset      #0, [#IOP_ANAIF_ADCTRIG]
               ;? adcReadFifo(value);
01cf ---- 601f                         ld          R6, #EVCTL_SCEEVSEL_ADC_FIFO_NOT_EMPTY
01d0 ---- eb2c                         out         R6, [#IOP_EVCTL_SCEWEVSEL]
01d1 ---- fdb1                         wev1        #WEVSEL_PROG
01d2 ---- e902                         in          R6, [#IOP_ANAIF_ADCFIFO]
               ;? total = total + value;
01d3 ---- 8d26                         add         R0, R6
               ;? 
               ;? adcGenManualTrigger();
01d4 ---- 6403                         iobset      #0, [#IOP_ANAIF_ADCTRIG]
               ;? adcReadFifo(value);
01d5 ---- 601f                         ld          R6, #EVCTL_SCEEVSEL_ADC_FIFO_NOT_EMPTY
01d6 ---- eb2c                         out         R6, [#IOP_EVCTL_SCEWEVSEL]
01d7 ---- fdb1                         wev1        #WEVSEL_PROG
01d8 ---- e902                         in          R6, [#IOP_ANAIF_ADCFIFO]
               ;? total = total + value;
01d9 ---- 8d26                         add         R0, R6
               ;? 
               ;? adcGenManualTrigger();
01da ---- 6403                         iobset      #0, [#IOP_ANAIF_ADCTRIG]
               ;? adcReadFifo(value);
01db ---- 601f                         ld          R6, #EVCTL_SCEEVSEL_ADC_FIFO_NOT_EMPTY
01dc ---- eb2c                         out         R6, [#IOP_EVCTL_SCEWEVSEL]
01dd ---- fdb1                         wev1        #WEVSEL_PROG
01de ---- e902                         in          R6, [#IOP_ANAIF_ADCFIFO]
               ;? total = total + value;
01df ---- 8d26                         add         R0, R6
               ;? 
               ;? adcGenManualTrigger();
01e0 ---- 6403                         iobset      #0, [#IOP_ANAIF_ADCTRIG]
               ;? adcReadFifo(value);
01e1 ---- 601f                         ld          R6, #EVCTL_SCEEVSEL_ADC_FIFO_NOT_EMPTY
01e2 ---- eb2c                         out         R6, [#IOP_EVCTL_SCEWEVSEL]
01e3 ---- fdb1                         wev1        #WEVSEL_PROG
01e4 ---- e902                         in          R6, [#IOP_ANAIF_ADCFIFO]
               ;? total = total + value;
01e5 ---- 8d26                         add         R0, R6
               ;? output.AmbLight = (total >> 2);
01e6 ---- 8daa                         lsr         R0, #2
01e7 ---- 0c7b                         st          R0, [#readData/output/AmbLight]
               ;? 
               ;? //Read ADC Sensor Battery
               ;? total = 0;
01e8 ---- 0000                         ld          R0, #0
               ;? adcSelectGpioInput(cfg.pAuxioAAnaInput[3]);
01e9 ---- 7877                         ld          R7, [#(readData/cfg/pAuxioAAnaInput + 3)]
01ea ---- 16a5                         jsr         AdccompbSelectGpioInput
               ;? adcGenManualTrigger();
01eb ---- 6403                         iobset      #0, [#IOP_ANAIF_ADCTRIG]
               ;? adcReadFifo(value);
01ec ---- 601f                         ld          R6, #EVCTL_SCEEVSEL_ADC_FIFO_NOT_EMPTY
01ed ---- eb2c                         out         R6, [#IOP_EVCTL_SCEWEVSEL]
01ee ---- fdb1                         wev1        #WEVSEL_PROG
01ef ---- e902                         in          R6, [#IOP_ANAIF_ADCFIFO]
               ;? total = total + value;
01f0 ---- 8d26                         add         R0, R6
               ;? 
               ;? adcGenManualTrigger();
01f1 ---- 6403                         iobset      #0, [#IOP_ANAIF_ADCTRIG]
               ;? adcReadFifo(value);
01f2 ---- 601f                         ld          R6, #EVCTL_SCEEVSEL_ADC_FIFO_NOT_EMPTY
01f3 ---- eb2c                         out         R6, [#IOP_EVCTL_SCEWEVSEL]
01f4 ---- fdb1                         wev1        #WEVSEL_PROG
01f5 ---- e902                         in          R6, [#IOP_ANAIF_ADCFIFO]
               ;? total = total + value;
01f6 ---- 8d26                         add         R0, R6
               ;? 
               ;? adcGenManualTrigger();
01f7 ---- 6403                         iobset      #0, [#IOP_ANAIF_ADCTRIG]
               ;? adcReadFifo(value);
01f8 ---- 601f                         ld          R6, #EVCTL_SCEEVSEL_ADC_FIFO_NOT_EMPTY
01f9 ---- eb2c                         out         R6, [#IOP_EVCTL_SCEWEVSEL]
01fa ---- fdb1                         wev1        #WEVSEL_PROG
01fb ---- e902                         in          R6, [#IOP_ANAIF_ADCFIFO]
               ;? total = total + value;
01fc ---- 8d26                         add         R0, R6
               ;? 
               ;? adcGenManualTrigger();
01fd ---- 6403                         iobset      #0, [#IOP_ANAIF_ADCTRIG]
               ;? adcReadFifo(value);
01fe ---- 601f                         ld          R6, #EVCTL_SCEEVSEL_ADC_FIFO_NOT_EMPTY
01ff ---- eb2c                         out         R6, [#IOP_EVCTL_SCEWEVSEL]
0200 ---- fdb1                         wev1        #WEVSEL_PROG
0201 ---- e902                         in          R6, [#IOP_ANAIF_ADCFIFO]
               ;? total = total + value;
0202 ---- 8d26                         add         R0, R6
               ;? output.BatterySensor = (total >> 2);
0203 ---- 8daa                         lsr         R0, #2
0204 ---- 0c7c                         st          R0, [#readData/output/BatterySensor]
               ;? 
               ;? //Read ADC Sensor Hall
               ;? total = 0;
0205 ---- 0000                         ld          R0, #0
               ;? adcSelectGpioInput(cfg.pAuxioAAnaInput[4]);
0206 ---- 7878                         ld          R7, [#(readData/cfg/pAuxioAAnaInput + 4)]
0207 ---- 16a5                         jsr         AdccompbSelectGpioInput
               ;? adcGenManualTrigger();
0208 ---- 6403                         iobset      #0, [#IOP_ANAIF_ADCTRIG]
               ;? adcReadFifo(value);
0209 ---- 601f                         ld          R6, #EVCTL_SCEEVSEL_ADC_FIFO_NOT_EMPTY
020a ---- eb2c                         out         R6, [#IOP_EVCTL_SCEWEVSEL]
020b ---- fdb1                         wev1        #WEVSEL_PROG
020c ---- e902                         in          R6, [#IOP_ANAIF_ADCFIFO]
               ;? total = total + value;
020d ---- 8d26                         add         R0, R6
               ;? 
               ;? adcGenManualTrigger();
020e ---- 6403                         iobset      #0, [#IOP_ANAIF_ADCTRIG]
               ;? adcReadFifo(value);
020f ---- 601f                         ld          R6, #EVCTL_SCEEVSEL_ADC_FIFO_NOT_EMPTY
0210 ---- eb2c                         out         R6, [#IOP_EVCTL_SCEWEVSEL]
0211 ---- fdb1                         wev1        #WEVSEL_PROG
0212 ---- e902                         in          R6, [#IOP_ANAIF_ADCFIFO]
               ;? total = total + value;
0213 ---- 8d26                         add         R0, R6
               ;? 
               ;? adcGenManualTrigger();
0214 ---- 6403                         iobset      #0, [#IOP_ANAIF_ADCTRIG]
               ;? adcReadFifo(value);
0215 ---- 601f                         ld          R6, #EVCTL_SCEEVSEL_ADC_FIFO_NOT_EMPTY
0216 ---- eb2c                         out         R6, [#IOP_EVCTL_SCEWEVSEL]
0217 ---- fdb1                         wev1        #WEVSEL_PROG
0218 ---- e902                         in          R6, [#IOP_ANAIF_ADCFIFO]
               ;? total = total + value;
0219 ---- 8d26                         add         R0, R6
               ;? 
               ;? adcGenManualTrigger();
021a ---- 6403                         iobset      #0, [#IOP_ANAIF_ADCTRIG]
               ;? adcReadFifo(value);
021b ---- 601f                         ld          R6, #EVCTL_SCEEVSEL_ADC_FIFO_NOT_EMPTY
021c ---- eb2c                         out         R6, [#IOP_EVCTL_SCEWEVSEL]
021d ---- fdb1                         wev1        #WEVSEL_PROG
021e ---- e902                         in          R6, [#IOP_ANAIF_ADCFIFO]
               ;? total = total + value;
021f ---- 8d26                         add         R0, R6
               ;? output.HallSensor = (total >> 2);
0220 ---- 8daa                         lsr         R0, #2
0221 ---- 0c7e                         st          R0, [#readData/output/HallSensor]
               ;? 
               ;? //End Reading ADC Sensors
               ;? 
               ;? 
               ;? // disable ADC
               ;? adcDisable( );
0222 ---- 16b2                         jsr         AdcDisable
               ;? 
               ;? // Power down the AUX POWER
               ;? gpioClearOutput(cfg.pAuxioOAuxPowEn[0]);
0223 ---- 7879                         ld          R7, [#(readData/cfg/pAuxioOAuxPowEn + 0)]
0224 ---- 169d                         jsr         gpioClearOutput
               ;? 
               ;? // Generate interrupt
               ;? fwGenAlertInterrupt();
0225 ---- 086c                         ld          R0, [#fwCtrlInt/bvTaskIoAlert]
0226 ---- 8201                         or          R0, #(1 << 0)
0227 ---- 0c6c                         st          R0, [#fwCtrlInt/bvTaskIoAlert]
               readData/executeDone:
0228 ---- adb7                         rts         
               
               
               
               
               readData/terminate:
               readData/terminateDone:
0229 ---- adb7                         rts         
               .segment end "Task: ReadData"
               
               
               .segment begin "Procedure Libary"
               ; PARAMETERS:
               ;     R7 = AUX I/O index
               ;
               ; CLOBBERS:
               ;     R5, R6, R7
               gpioSetOutput:
                                       ; Calculate the I/O register address
022a ---- ed47                         ld          R6, R7
022b ---- edab                         lsr         R6, #3
022c ---- e814                         add         R6, #IOP_AIODIO0_GPIODOUTSET
               
                                       ; Create the bit-vector to be used for manipulation
022d ---- f007                         and         R7, #0x0007
022e ---- 5001                         ld          R5, #1
022f ---- dd87                         lsl         R5, R7
               
                                       ; Set the GPIO
0230 ---- df26                         out         R5, [R6]
0231 ---- adb7                         rts
               
               
               
               
               ; 3 + 5 CPU cycles = 16 clock cycles = 0.66 microsecond are added to the specified delay (parameter
               ; loading and timer configuration)
               ;
               ; PARAMETERS:
               ;     R7 = Delay
               ;     R6 = Prescaler exponent
               ;
               ; CLOBBERS:
               ;     R6
               FwDelay:
                                       ; Set the delay
0232 ---- fb0c                         out         R7, [#IOP_TIMER_T0TARGET]
               
                                       ; Configure the timer (from clock, single-mode, prescaler exponent = R6)
0233 ---- eda4                         lsl         R6, #4
0234 ---- eb09                         out         R6, [#IOP_TIMER_T0CFG]
               
                                       ; Start the timer, wait for it to trigger, and stop it
0235 ---- 640b                         iobset      #0, [#IOP_TIMER_T0CTL]
0236 ---- cdb1                         wev1        #WEVSEL_TIMER0
0237 ---- adb7                         rts
               
               
               
               
               ; CLOBBERS:
               ;     R5
               I2cRepeatedStart:
                                       ; Wait T_LOW (SDA is already pull-up)
0238 ---- 53c6                         ld          R5, #-((I2C_BASE_DELAY + I2C_EXT_DELAY) - (1))
0239 ---- 1643                         jsr         I2cWaitDelay
               
                                       ; SCL = pull-up
023a ---- 670f                         iobset      #(AUXIO_I2C_SCL & 0x7), [#(IOP_AIODIO0_GPIODOUT + (AUXIO_I2C_SCL >> 3))]
               
                                       ; Wait for SCL stretching to end or time out
023b ---- 1646                         jsr         I2cWaitSclStretch
               
                                       ; Wait T_SU_STA
023c ---- 53c6                         ld          R5, #-((I2C_BASE_DELAY + I2C_EXT_DELAY) - (1))
023d ---- 1643                         jsr         I2cWaitDelay
               I2cStart:
                                       ; SDA = driven low
023e ---- 460f                         iobclr      #(AUXIO_I2C_SDA & 0x7), [#(IOP_AIODIO0_GPIODOUT + (AUXIO_I2C_SDA >> 3))]
               
                                       ; Wait T_HD_STA
023f ---- 53ca                         ld          R5, #-((I2C_BASE_DELAY) - (1))
0240 ---- 1643                         jsr         I2cWaitDelay
               
                                       ; SCL = driven low
0241 ---- 470f                         iobclr      #(AUXIO_I2C_SCL & 0x7), [#(IOP_AIODIO0_GPIODOUT + (AUXIO_I2C_SCL >> 3))]
               
                                       ; Done
0242 ---- adb7                         rts
               
               
               
               
               ; PARAMETERS
               ;     R5 = Delay excluding the I2cWaitDelay() call, in instruction cycles
               ;
               ; CLOBBERS:
               ;     R5
               I2cWaitDelay:
                                       ; Wait for the specified number of cycles
0243 ---- d802 /waitLoop:                  add         R5, #2
0244 ---- defe                         bneg        /waitLoop
               
                                       ; Done
0245 ---- adb7                         rts
               
               
               
               
               ; PARAMETERS:
               ;     R6 = Status flags
               ;
               ; RETURN VALUES:
               ;     R6 = Updated status flags
               ;
               ; CLOBBERS:
               ;     R5
               I2cWaitSclStretch:
                                       ; Load the timeout (up to 20 ms) loop counter = configured number of us
0246 ---- 53f6                         ld          R5, #(-I2C_STRETCH_TIMEOUT_US)
               /waitLoop:
                                           ; If SCL is high, we're done
0247 ---- 2713                             iobtst      #(AUXIO_I2C_SCL & 0x7), [#(IOP_AIODIO0_GPIODIN + (AUXIO_I2C_SCL >> 3))]
0248 ---- ae0b                             biob1       /done
                                           ; Unroll the loop to 12 instructions = 1 per loop for faster response
0249 ---- 2713                             iobtst      #(AUXIO_I2C_SCL & 0x7), [#(IOP_AIODIO0_GPIODIN + (AUXIO_I2C_SCL >> 3))]
024a ---- ae09                             biob1       /done
024b ---- 2713                             iobtst      #(AUXIO_I2C_SCL & 0x7), [#(IOP_AIODIO0_GPIODIN + (AUXIO_I2C_SCL >> 3))]
024c ---- ae07                             biob1       /done
024d ---- 2713                             iobtst      #(AUXIO_I2C_SCL & 0x7), [#(IOP_AIODIO0_GPIODIN + (AUXIO_I2C_SCL >> 3))]
024e ---- ae05                             biob1       /done
024f ---- 2713                             iobtst      #(AUXIO_I2C_SCL & 0x7), [#(IOP_AIODIO0_GPIODIN + (AUXIO_I2C_SCL >> 3))]
0250 ---- ae03                             biob1       /done
               
0251 ---- d801                         add         R5, #1;
0252 ---- bef4                         bnz         /waitLoop
               
               /timeout:               ; Timeout has occurred, so OR it into the flags and bail out
0253 ---- e202                         or          R6, #0x0002
               
               /done:                  ; Done
0254 ---- adb7                         rts
               
               
               
               
               ; PARAMETERS:
               ;     R7 = TX byte shift register
               ;     R6 = Status flags
               ;
               ; RETURN VALUES:
               ;     R7 = Updated TX byte shift register
               ;     R6 = Updated status flags
               ;
               ; CLOBBERS:
               ;     R5
               I2cTxByte:
                                       ; Bail out if an error has occurred
0255 ---- ea00                         cmp         R6, #0
0256 ---- be1b                         bnz         /done
               
               
                                       ; Transmit each bit in the data byte ...
0257 ---- b50e                         loop        #8, /byteLoopEnd
               
                                           ; Output the bit to SDA
0258 ---- fda1                             lsl         R7, #1
0259 8601 fc00                             tst         R7, #0x0100
025b ---- b602                             bz          /dataSdaLow
025c ---- 660f /dataSdaHigh:                   iobset      #(AUXIO_I2C_SDA & 0x7), [#(IOP_AIODIO0_GPIODOUT + (AUXIO_I2C_SDA >> 3))]
025d ---- 8e02                             bra         /dataSdaDone
025e ---- 460f /dataSdaLow:                    iobclr      #(AUXIO_I2C_SDA & 0x7), [#(IOP_AIODIO0_GPIODOUT + (AUXIO_I2C_SDA >> 3))]
025f ---- fd47                             nop
               /dataSdaDone:
                                           ; Wait T_LOW
0260 ---- 53cc                             ld          R5, #-((I2C_BASE_DELAY + I2C_EXT_DELAY) - (7))
0261 ---- 1643                             jsr         I2cWaitDelay
               
                                           ; SCL = pull-up
0262 ---- 670f                             iobset      #(AUXIO_I2C_SCL & 0x7), [#(IOP_AIODIO0_GPIODOUT + (AUXIO_I2C_SCL >> 3))]
               
                                           ; Wait for SCL stretching to end or time out
0263 ---- 1646                             jsr         I2cWaitSclStretch
               
                                           ; Wait T_HIGH
0264 ---- 53cf                             ld          R5, #-(I2C_BASE_DELAY - (I2C_WAIT_STRETCH_DELAY + 1))
0265 ---- 1643                             jsr         I2cWaitDelay
               
                                           ; SCL = driven low
0266 ---- 470f                             iobclr      #(AUXIO_I2C_SCL & 0x7), [#(IOP_AIODIO0_GPIODOUT + (AUXIO_I2C_SCL >> 3))]
               /byteLoopEnd:
               
                                       ; Receive the ACK bit
                                       ; SDA = pull-up
0267 ---- 660f                         iobset      #(AUXIO_I2C_SDA & 0x7), [#(IOP_AIODIO0_GPIODOUT + (AUXIO_I2C_SDA >> 3))]
               
                                       ; Wait T_LOW
0268 ---- 53c6                         ld          R5, #-((I2C_BASE_DELAY + I2C_EXT_DELAY) - (1))
0269 ---- 1643                         jsr         I2cWaitDelay
               
                                       ; SCL = pull-up
026a ---- 670f                         iobset      #(AUXIO_I2C_SCL & 0x7), [#(IOP_AIODIO0_GPIODOUT + (AUXIO_I2C_SCL >> 3))]
               
                                       ; Wait for SCL stretching to end or time out
026b ---- 1646                         jsr         I2cWaitSclStretch
               
                                       ; Wait T_HIGH
026c ---- 53cc                         ld          R5, #-((I2C_BASE_DELAY) - (3))
026d ---- 1643                         jsr         I2cWaitDelay
               
                                       ; Read and store the SDA value in the status word
026e ---- 2613                         iobtst      #(AUXIO_I2C_SDA & 0x7), [#(IOP_AIODIO0_GPIODIN + (AUXIO_I2C_SDA >> 3))]
026f ---- a601                         biob0       /ackSdaLow
0270 ---- e201                             or          R6, #0x01
               /ackSdaLow:
                                       ; SCL = driven low
0271 ---- 470f                         iobclr      #(AUXIO_I2C_SCL & 0x7), [#(IOP_AIODIO0_GPIODOUT + (AUXIO_I2C_SCL >> 3))]
               
               
               /done:                  ; Done
0272 ---- adb7                         rts
               
               
               
               
               ; PARAMETERS:
               ;     R7 = Acknowledgment bit value, 0x0000 to transmit ACK, 0x0001 to transmit NAK
               ;     R6 = Status flags
               ;
               ; RETURN VALUES:
               ;     R7 = RX byte shift register
               ;     R6 = Updated status flags
               ;
               ; CLOBBERS:
               ;     R5
               I2cRxByte:
                                       ; Bail out if an error has occurred
0273 ---- ea00                         cmp         R6, #0
0274 ---- be1c                         bnz         /done
               
               
                                       ; Receive each bit in the data byte ...
0275 ---- b50b                         loop        #8, /byteLoopEnd
               
                                           ; SDA = pull-up
0276 ---- 660f                             iobset      #(AUXIO_I2C_SDA & 0x7), [#(IOP_AIODIO0_GPIODOUT + (AUXIO_I2C_SDA >> 3))]
               
                                           ; Wait T_LOW
0277 ---- 53c7                             ld          R5, #-((I2C_BASE_DELAY + I2C_EXT_DELAY) - (2))
0278 ---- 1643                             jsr         I2cWaitDelay
               
                                           ; SCL = pull-up
0279 ---- 670f                             iobset      #(AUXIO_I2C_SCL & 0x7), [#(IOP_AIODIO0_GPIODOUT + (AUXIO_I2C_SCL >> 3))]
               
                                           ; Wait for SCL stretching to end or time out
027a ---- 1646                             jsr         I2cWaitSclStretch
               
                                           ; Wait T_HIGH
027b ---- 53d1                             ld          R5, #-((I2C_BASE_DELAY) - (I2C_WAIT_STRETCH_DELAY + 3))
027c ---- 1643                             jsr         I2cWaitDelay
               
                                           ; Read and store SDA
027d ---- fda1                             lsl         R7, #1
027e ---- 2613                             iobtst      #(AUXIO_I2C_SDA & 0x7), [#(IOP_AIODIO0_GPIODIN + (AUXIO_I2C_SDA >> 3))]
027f ---- a601                             biob0       /dataSdaLow
0280 ---- f201                                 or          R7, #0x01
               /dataSdaLow:
                                           ; SCL = driven low
0281 ---- 470f                             iobclr      #(AUXIO_I2C_SCL & 0x7), [#(IOP_AIODIO0_GPIODOUT + (AUXIO_I2C_SCL >> 3))]
               /byteLoopEnd:
               
                                       ; Transmit the ACK bit, which is now in bit 8 of the shift register
                                       ; Output the bit to SDA
0282 8601 fc00                         tst         R7, #0x0100
0284 ---- b602                         bz          /ackSdaLow
0285 ---- 660f /ackSdaHigh:                iobset      #(AUXIO_I2C_SDA & 0x7), [#(IOP_AIODIO0_GPIODOUT + (AUXIO_I2C_SDA >> 3))]
0286 ---- 8e02                         bra         /ackSdaDone
0287 ---- 460f /ackSdaLow:                 iobclr      #(AUXIO_I2C_SDA & 0x7), [#(IOP_AIODIO0_GPIODOUT + (AUXIO_I2C_SDA >> 3))]
0288 ---- fd47                         nop
               /ackSdaDone:
                                       ; Wait T_LOW
0289 ---- 53cb                         ld          R5, #-((I2C_BASE_DELAY + I2C_EXT_DELAY) - (6))
028a ---- 1643                         jsr         I2cWaitDelay
               
                                       ; SCL = pull-up
028b ---- 670f                         iobset      #(AUXIO_I2C_SCL & 0x7), [#(IOP_AIODIO0_GPIODOUT + (AUXIO_I2C_SCL >> 3))]
               
                                       ; Wait for SCL stretching to end or time out
028c ---- 1646                         jsr         I2cWaitSclStretch
               
                                       ; Wait T_HIGH
028d ---- 53cf                         ld          R5, #-((I2C_BASE_DELAY) - (I2C_WAIT_STRETCH_DELAY + 1))
028e ---- 1643                         jsr         I2cWaitDelay
               
                                       ; SCL = driven low
028f ---- 470f                         iobclr      #(AUXIO_I2C_SCL & 0x7), [#(IOP_AIODIO0_GPIODOUT + (AUXIO_I2C_SCL >> 3))]
               
                                       ; Mask the ACK bit in the received data
0290 ---- f0ff                         and         R7, #0xFF
               
               
               /done:                  ; Done
0291 ---- adb7                         rts
               
               
               
               
               ; CLOBBERS:
               ;     R5
               I2cStop:
                                       ; SDA = driven low
0292 ---- 460f                         iobclr      #(AUXIO_I2C_SDA & 0x7), [#(IOP_AIODIO0_GPIODOUT + (AUXIO_I2C_SDA >> 3))]
               
                                       ; Wait T_LOW
0293 ---- 53c6                         ld          R5, #-((I2C_BASE_DELAY + I2C_EXT_DELAY) - (1))
0294 ---- 1643                         jsr         I2cWaitDelay
               
                                       ; SCL = pull-up
0295 ---- 670f                         iobset      #(AUXIO_I2C_SCL & 0x7), [#(IOP_AIODIO0_GPIODOUT + (AUXIO_I2C_SCL >> 3))]
               
                                       ; Wait for SCL stretching to end or time out
0296 ---- 1646                         jsr         I2cWaitSclStretch
               
                                       ; Wait T_SU_STO
0297 ---- 53cf                         ld          R5, #-((I2C_BASE_DELAY) - (I2C_WAIT_STRETCH_DELAY + 1))
0298 ---- 1643                         jsr         I2cWaitDelay
               
                                       ; SDA = pull-up
0299 ---- 660f                         iobset      #(AUXIO_I2C_SDA & 0x7), [#(IOP_AIODIO0_GPIODOUT + (AUXIO_I2C_SDA >> 3))]
               
                                       ; Wait T_BUF
029a ---- 53c7                         ld          R5, #-((I2C_BASE_DELAY + I2C_EXT_DELAY) - (2))
029b ---- 1643                         jsr         I2cWaitDelay
               
                                       ; Done
029c ---- adb7                         rts
               
               
               
               
               ; PARAMETERS:
               ;     R7 = AUX I/O index
               ;
               ; CLOBBERS:
               ;     R5, R6, R7
               gpioClearOutput:
                                       ; Calculate the I/O register address
029d ---- ed47                         ld          R6, R7
029e ---- edab                         lsr         R6, #3
029f ---- e816                         add         R6, #IOP_AIODIO0_GPIODOUTCLR
               
                                       ; Create the bit-vector to be used for manipulation
02a0 ---- f007                         and         R7, #0x0007
02a1 ---- 5001                         ld          R5, #1
02a2 ---- dd87                         lsl         R5, R7
               
                                       ; Set the GPIO
02a3 ---- df26                         out         R5, [R6]
02a4 ---- adb7                         rts
               
               
               
               
               ; PARAMETERS:
               ;     R7 = AUX I/O index (0-7)
               ;
               ; CLOBBERS:
               ;     R6, R7
               AdccompbSelectGpioInput:
                                       ; Make sure that the AUX I/O index is valid
02a5 ---- f007                         and         R7, #0x0007
               
                                       ; Disconnect all signals
02a6 ---- 1462                         jsr         AdiDdiAcquire
02a7 86ff 63f8                         ld          R6, #(BV_ADI16_MUX2_ADCCOMPB_IN | BV_ADI16_MUX3_ADCCOMPB_IN)
02a9 ---- eb51                         out         R6, [#IOP_ADICLR_MUX2_MUX3]
               
                                       ; Connect the specified GPIO
02aa 8680 6000                         ld          R6, #ADI16_MUX3_ADCCOMPB_IN_AUXIO0
02ac ---- ed8f                         lsr         R6, R7
02ad ---- eb49                         out         R6, [#IOP_ADISET_MUX2_MUX3]
               
                                       ; Ensure that it has taken effect
02ae ---- fd47                         nop         ; Workaround for back-to-back ADI/DDI accesses
02af ---- eb49                         out         R6, [#IOP_ADISET_MUX2_MUX3]
02b0 ---- 1465                         jsr         AdiDdiRelease
02b1 ---- adb7                         rts
               
               
               
               
               ; CLOBBERS:
               ;     R7
               AdcDisable:
                                       ; Disable the ADC reference
02b2 ---- 1462                         jsr         AdiDdiAcquire
02b3 ---- 7079                         ld          R7, #((ADI16_ADCREF_EN | ADI16_ADCREF_REF_ON_IDLE) | (ADI16_ADCREF_SRC | (ADI16_ADCREF_EXT | ADI16_ADCREF_IOMUX)))
02b4 ---- fb55                         out         R7, [#IOP_ADICLR_ADCREF]
               
                                       ; Assert reset and disable the ADC
02b5 ---- 71fb                         ld          R7, #((ADI16_ADC_EN | ADI16_ADC_RESET_N) | (BV_ADI16_ADC_SMPL_CYCLE_EXP | (BV_ADI16_ADC_SMPL_MODE | ADI16_ADC_SCALE_DIS)))
02b6 ---- fb54                         out         R7, [#IOP_ADICLR_ADC]
               
                                       ; Ensure that it has taken effect
02b7 ---- fd47                         nop         ; Workaround for back-to-back ADI/DDI accesses
02b8 ---- fb54                         out         R7, [#IOP_ADICLR_ADC]
02b9 ---- 1465                         jsr         AdiDdiRelease
               
                                       ; Disable the ADC clock (no need to wait since IOB_WUC_ADCCLKCTL_ACK goes low immediately)
02ba ---- 4431                         iobclr      #IOB_WUC_ADCCLKCTL_REQ, [#IOP_WUC_ADCCLKCTL]
               
                                       ; Disable the ADC data interface
02bb ---- 4400                         iobclr      #0, [#IOP_ANAIF_ADCCTL]
               
02bc ---- adb7                         rts
               .segment end "Procedure Libary"
               

; Generated by MCT163S08 at 2018-04-27 00:26:54.377
