               .deffile adi_defs__0.asm
               .deffile ddi_defs__0.asm
               .deffile reg_defs__0.asm
               .deffile sce_defs__0.asm
               
               ; Number of supported tasks
               .define TASK_COUNT      1
               
               ; Resource-specified definitions, if any
               .define AUXIO_I2C_SCL           11
               .define AUXIO_I2C_SDA           10
               .define I2C_BASE_DELAY          55
               .define I2C_EXT_DELAY           4
               .define I2C_STRETCH_TIMEOUT_US  200
               .define I2C_WAIT_STRETCH_DELAY  5
               .alias  i2cTaskName             readData
               
               
               .segment begin "Framework"
               
               
               VectorTable:
0000 ---- 1408                         jsr         PowerUp
0001 ---- 040c                         jmp         TaskCtrlReqVector
0002 ---- 1408                         jsr         PowerUp
0003 ---- 042c                         jmp         AonRtcCh2Vector
0004 ---- 1408                         jsr         PowerUp
0005 ---- 0447                         jmp         Event0Vector
0006 ---- 1408                         jsr         PowerUp
0007 ---- 044d                         jmp         TaskAlertAckVector
               
               
               
               
               PowerUp:
                                       ; Deassert the power-down request
0008 ---- 4436                         iobclr      #0, [#IOP_WUC_PWRDWNREQ]
               
                                       ; Wait for it to take effect
0009 ---- 2437 /waitForPdAck:          iobtst      #0, [#IOP_WUC_PWRDWNACK]
000a ---- aefe                         biob1       /waitForPdAck
               
               FwEmptyFunc:            ; Done
000b ---- adb7                         rts
               
               
               
               
               TaskCtrlReqVector:
                                       ; Clear the vector flag
000c ---- 6442                         iobset      #0, [#IOP_EVCTL_VECFLAGSCLR]
               
                                       ; For each task ...
000d ---- 7000                         ld          R7, #0
               /loop:
                                           ; Save the task ID
000e ---- 7c6b                             st          R7, [#fwCtrlInt/taskId]
               
                                           ; Handle initialize request, if any
000f ---- 6872                             ld          R6, [#fwCtrlExt/bvTaskInitializeReq]
0010 ---- 0068                             ld          R0, #pFwTaskInitializeFuncTable
0011 ---- 1425                             jsr         /handleReq
               
                                           ; Handle execute request, if any
0012 ---- 6873                             ld          R6, [#fwCtrlExt/bvTaskExecuteReq]
0013 ---- 0069                             ld          R0, #pFwTaskExecuteFuncTable
0014 ---- 1425                             jsr         /handleReq
               
                                           ; Handle terminate request, if any
0015 ---- 6874                             ld          R6, [#fwCtrlExt/bvTaskTerminateReq]
0016 ---- 006a                             ld          R0, #pFwTaskTerminateFuncTable
0017 ---- 1425                             jsr         /handleReq
               
                                           ; Move on to the next task
0018 ---- 786b                             ld          R7, [#fwCtrlInt/taskId]
0019 ---- f801                             add         R7, #1
               
001a ---- fa01                         cmp         R7, #TASK_COUNT
001b ---- bef2                         bneq        /loop
               
                                       ; Update which tasks are ...
001c ---- 7870                         ld          R7, [#fwCtrlExt/bvActiveTasks]
                                       ; ... currently active ...
001d ---- 6872                         ld          R6, [#fwCtrlExt/bvTaskInitializeReq]
001e ---- fd0e                         or          R7, R6
                                       ; ... and inactive ...
001f ---- 6874                         ld          R6, [#fwCtrlExt/bvTaskTerminateReq]
0020 ---- ed92                         inv         R6
0021 ---- fd06                         and         R7, R6
0022 ---- 7c70                         st          R7, [#fwCtrlExt/bvActiveTasks]
               
                                       ; We're READY for another request
0023 ---- 642d                         iobset      #IOB_EVCTL_SWEV_READY, [#IOP_EVCTL_SWEVSET]
               
                                       ; Generate an ALERT interrupt if needed before powering back down
0024 ---- 0450                         jmp         GenAlertInterrupt;
               
               /handleReq:
                                       ; Restore the task ID, and load the function pointer (here to avoid pipeline hazard)
0025 ---- 786b                         ld          R7, [#fwCtrlInt/taskId]
0026 ---- 8f1f                         ld          R0, [R7+R0]
               
                                       ; Skip this request?
0027 ---- ed8f                         lsr         R6, R7
0028 ---- ec01                         tst         R6, #0x0001
0029 ---- be01                         bnz         /noSkip
002a ---- adb7                             rts
               /noSkip:
                                       ; Make the call by jump, with return (rts) in the "called" function
002b ---- 8db7                         jmp         R0
               
               
               
               
               AonRtcCh2Vector:
                                       ; Start clearing the RTC event
002c ---- 6630                         iobset      #IOB_WUC_WUEV_RTC, [#IOP_WUC_WUEVCLR]
               
                                       ; Clear the vector flag
002d ---- 6542                         iobset      #1, [#IOP_EVCTL_VECFLAGSCLR]
               
                                       ; For each task (R0 is the current task ID) ...
002e ---- 0000                         ld          R0, #0
               /loop:
                                           ; ... that is active ...
002f ---- 1870                             ld          R1, [#fwCtrlExt/bvActiveTasks]
0030 ---- 9d88                             lsr         R1, R0
0031 ---- 9c01                             tst         R1, #0x0001
0032 ---- b60d                             bz          /skip
               
                                               ; Fetch number of RTC intervals until next execution
0033 ---- 1067                                 ld          R1, #pFwTaskExecuteScheduleTable
0034 ---- af19                                 ld          R2, [R1+R0]
               
                                               ; If not already 0, decrement and store. If then 0 ...
0035 ---- aa00                                 cmp         R2, #0
0036 ---- b609                                 beq         /skip
0037 ---- a8ff                                 add         R2, #-1
0038 ---- af39                                 st          R2, [R1+R0]
0039 ---- be06                                 bnz         /skip
               
                                                   ; ... execute the task
003a ---- 0c6b                                     st          R0, [#fwCtrlInt/taskId]
003b ---- 8869                                     add         R0, #pFwTaskExecuteFuncTable
003c ---- 8f08                                     ld          R0, [R0]
                                                   ; Insert NOP to avoid pipeline hazard
003d ---- fd47                                     nop
003e ---- 9db7                                     jsr         R0
003f ---- 086b                                     ld          R0, [#fwCtrlInt/taskId]
               /skip:
                                           ; Move on to the next task
0040 ---- 8801                             add         R0, #1
               
0041 ---- 8a01                         cmp         R0, #TASK_COUNT
0042 ---- beec                         bneq        /loop
               
                                       ; Wait for the ACK event to be cleared
0043 ---- 262f /waitOnRtcClearing:     iobtst      #IOB_WUC_WUEV_RTC, [#IOP_WUC_WUEVFLAGS]
0044 ---- aefe                         biob1       /waitOnRtcClearing
0045 ---- 4630                         iobclr      #IOB_WUC_WUEV_RTC, [#IOP_WUC_WUEVCLR]
               
                                       ; Generate an ALERT interrupt if needed
0046 ---- 0450                         jmp         GenAlertInterrupt;
               
               
               
               
               Event0Vector:
                                       ; Disable and clear the vector flag
0047 ---- 5527                         iobclr      #IOB_EVCTL_VECCFG1_VEC2_EN, [#IOP_EVCTL_VECCFG1]
0048 ---- 6642                         iobset      #2, [#IOP_EVCTL_VECFLAGSCLR]
               
                                       ; Set the task ID
0049 ---- 0000                         ld          R0, #0
004a ---- 0c6b                         st          R0, [#fwCtrlInt/taskId]
               
                                       ; Jump to the event task code
004b ---- 140b                         jsr         FwEmptyFunc
               
                                       ; Generate an ALERT interrupt if needed
004c ---- 0450                         jmp         GenAlertInterrupt;
               
               
               
               
               TaskAlertAckVector:
                                       ; Clear the vector flag
004d ---- 6742                         iobset      #3, [#IOP_EVCTL_VECFLAGSCLR]
               
                                       ; Re-enable generation of ALERT interrupts
004e ---- 03ff                         ld          R0, #-1
004f ---- 0c6d                         st          R0, [#fwCtrlInt/alertGenMask]
               
                                       ; Fall through to GenAlertInterrupt to generate another ALERT interrupt if needed
               
               
               
               
               GenAlertInterrupt:
                                       ; Do we have any ALERT-generating flags pending?
0050 ---- 786c                         ld          R7, [#fwCtrlInt/bvTaskIoAlert]
               
                                       ; Skip if the last I/O ALERT interrupt has not been acknowledged
0051 ---- 686d                         ld          R6, [#fwCtrlInt/alertGenMask]
0052 ---- ed37                         tst         R6, R7
0053 ---- b605                         bz          /skipAlertGen
               
                                           ; Transfer I/O flags from internal to external
0054 ---- 0000                             ld          R0, #0
0055 ---- 0c6c                             st          R0, [#fwCtrlInt/bvTaskIoAlert]
0056 ---- 7c71                             st          R7, [#fwCtrlExt/bvTaskIoAlert]
               
                                           ; Generate the ALERT interrupt, and clear the generation mask
0057 ---- 652d                             iobset      #IOB_EVCTL_SWEV_ALERT, [#IOP_EVCTL_SWEVSET]
0058 ---- 0c6d                             st          R0, [#fwCtrlInt/alertGenMask]
               /skipAlertGen:
                                       ; Fall through to PowerDown ...
               
               
               
               
               PowerDown:
                                       ; If there are no unacknowledged ALERTs and no vectors pending ...
0059 ---- 786d                         ld          R7, [#fwCtrlInt/alertGenMask]
005a ---- 686e                         ld          R6, [#fwCtrlInt/alertCanPdAuxMask]
005b ---- fd0e                         or          R7, R6
005c ---- f801                         add         R7, #1 ; 0xFFFF -> 0x0000
005d ---- e92b                         in          R6, [#IOP_EVCTL_VECFLAGS]
005e ---- fd0e                         or          R7, R6
005f ---- be01                         bnz         /noPowerDown
               
                                           ; Assert the power-down request. We'll make sure that it has taken effect
                                           ; or been completely ignored when waking up again
0060 ---- 6436                             iobset      #0, [#IOP_WUC_PWRDWNREQ]
               /noPowerDown:
                                       ; Sleep until the next event
0061 ---- bdb7 sleepInstr:             sleep
               
               
               
               
0062 ---- 241a AdiDdiAcquire:          iobtst      #0, [#IOP_SMPH_SMPH0]
0063 ---- a6fe                         biob0       AdiDdiAcquire
0064 ---- adb7                         rts
               
0065 ---- 641a AdiDdiRelease:          iobset      #0, [#IOP_SMPH_SMPH0]
0066 ---- adb7                         rts
               
               
               
               
               ; RTC ticks until next execution, one word for each task
               pFwTaskExecuteScheduleTable:
0067 ---- 0000                         dw          #0
               
               ; Task code function pointers for each task code block, one word for each task
               pFwTaskInitializeFuncTable:
0068 ---- 0088                         dw          #readData/initialize
               pFwTaskExecuteFuncTable:
0069 ---- 0089                         dw          #readData/execute
               pFwTaskTerminateFuncTable:
006a ---- 0227                         dw          #readData/terminate
               
               ; Run-time logging log requests and masks, one bit for each struct, one word for each task
               pRtlTaskLogReqTable:
               ; (Run-time logging is not used in this project)
               pRtlTaskLogMaskTable:
               ; (Run-time logging is not used in this project)
               
               
               ; Internal control data
               fwCtrlInt:
006b ---- 0000 /taskId:                dw          #0      ; ID of the currently running task
006c ---- 0000 /bvTaskIoAlert:         dw          #0x0000 ; LSB = Normal data exchange, MSB = Overflow or underflow
006d ---- ffff /alertGenMask:          dw          #0xFFFF ; Can generate an ALERT interrupt now? (0xFFFF = yes, 0x0000 = no)
006e ---- 0000 /alertCanPdAuxMask:     dw          #0x0000 ; Can power down AUX domain after ALERT interrupt generation? (0xFFFF = yes, 0x0000 = no)
006f ---- 0000 /rtlStructLockReq:      dw          #0x0000 ; Run-time logging struct lock request (0=idle -> 1=requested -> 2=ready -> access -> 0=idle)
               
               ; External control data, shared with the driver
               fwCtrlExt:
0070 ---- 0000 /bvActiveTasks:         dw          #0x0000 ; Indicates which tasks are currently active
0071 ---- 0000 /bvTaskIoAlert:         dw          #0x0000 ; LSB = Normal data exchange, MSB = Overflow or underflow
0072 ---- 0000 /bvTaskInitializeReq:   dw          #0x0000 ; Requests tasks to start
0073 ---- 0000 /bvTaskExecuteReq:      dw          #0x0000 ; Requests tasks to execute once immediately
0074 ---- 0000 /bvTaskTerminateReq:    dw          #0x0000 ; Requests tasks to stop
               
               
               .segment end "Framework"
               
               
               fwTaskDataStructures:
               .segment begin "Task: ReadData"
               readData/cfg:
               readData/cfg/pAuxioAAnaInput:
0075 ---- 0007                         dw          #7
0076 ---- 0006                         dw          #6
0077 ---- 0005                         dw          #5
0078 ---- 0004                         dw          #4
0079 ---- 0003                         dw          #3
               readData/cfg/pAuxioOAuxLines:
007a ---- 0008                         dw          #8
007b ---- 0009                         dw          #9
               readData/input:
               readData/output:
               readData/output/AmbLight:
007c ---- 0000                         dw          #0
               readData/output/BatterySensor:
007d ---- 0000                         dw          #0
               readData/output/Conductivity:
007e ---- 0000                         dw          #0
               readData/output/DevID:
007f ---- 0000                         dw          #0
               readData/output/HallSensor:
0080 ---- 0000                         dw          #0
               readData/output/I2CError:
0081 ---- 0000                         dw          #0
               readData/output/TemperatureSensor:
0082 ---- 0000                         dw          #0
               readData/output/colorBlue:
0083 ---- 0000                         dw          #0
               readData/output/colorClear:
0084 ---- 0000                         dw          #0
               readData/output/colorGreen:
0085 ---- 0000                         dw          #0
               readData/output/colorRed:
0086 ---- 0000                         dw          #0
               readData/state:
               readData/state/i2cStatus:
0087 ---- 0000                         dw          #0
               .segment end "Task: ReadData"
               
               
               .segment begin "Task: ReadData"
               readData/initialize:
               readData/initializeDone:
0088 ---- adb7                         rts         
                                       
                                       
                                       
                                       
               readData/execute:
               ;? //Check with briggs if we should have outputs for error checking
               ;? // Analog sensing logic - read the analog channel and save in output buffer
               ;? output.I2CError = 0;
0089 ---- 0000                         ld          R0, #0
008a ---- 0c81                         st          R0, [#readData/output/I2CError]
               ;? 
               ;? //Set the AUX power enable pin to high
               ;? gpioClearOutput(cfg.pAuxioOAuxLines [0]);
008b ---- 787a                         ld          R7, [#(readData/cfg/pAuxioOAuxLines + 0)]
008c ---- 1628                         jsr         gpioClearOutput
               ;? 
               ;? //Turn on the output LED power rail
               ;? gpioSetOutput(cfg.pAuxioOAuxLines[1]);
008d ---- 787b                         ld          R7, [#(readData/cfg/pAuxioOAuxLines + 1)]
008e ---- 1630                         jsr         gpioSetOutput
               ;? 
               ;? 
               ;? // delay 2ms
               ;? fwDelayUs(6500, FW_DELAY_RANGE_50_MS);
008f ---- 7014                         ld          R7, #(((6500 * 24 ) + ((1 << 13) - 1)) >> 13)
0090 ---- 600d                         ld          R6, #13
0091 ---- 1638                         jsr         FwDelay
               ;? 
               ;? U16 cmd_type = 0;
               ;? 
               ;? // Read the device part number -- should be 0x44 or 68
               ;? cmd_type = (CMD | RPT);
0092 ---- 0080                         ld          R0, #128
               ;? i2cStart();
0093 ---- 6000                         ld          R6, #0x0000
0094 ---- 1644                         jsr         I2cStart
0095 ---- 6c87                         st          R6, [#readData/state/i2cStatus]
               ;? i2cTx( (ADDRESS << 1) | (I2C_OP_WRITE) );
0096 ---- 7052                         ld          R7, #82
0097 ---- 6887                         ld          R6, [#readData/state/i2cStatus]
0098 ---- 165b                         jsr         I2cTxByte
0099 ---- 6c87                         st          R6, [#readData/state/i2cStatus]
               ;? i2cTx( cmd_type | ID_REG );
009a ---- fd40                         ld          R7, R0
009b ---- f212                         or          R7, #18
009c ---- 6887                         ld          R6, [#readData/state/i2cStatus]
009d ---- 165b                         jsr         I2cTxByte
009e ---- 6c87                         st          R6, [#readData/state/i2cStatus]
               ;? i2cRepeatedStart();
009f ---- 6887                         ld          R6, [#readData/state/i2cStatus]
00a0 ---- 163e                         jsr         I2cRepeatedStart
00a1 ---- 6c87                         st          R6, [#readData/state/i2cStatus]
               ;? i2cTx( (ADDRESS << 1) | I2C_OP_READ );
00a2 ---- 7053                         ld          R7, #83
00a3 ---- 6887                         ld          R6, [#readData/state/i2cStatus]
00a4 ---- 165b                         jsr         I2cTxByte
00a5 ---- 6c87                         st          R6, [#readData/state/i2cStatus]
               ;? i2cRxNack( output.DevID );
00a6 ---- 7001                         ld          R7, #0x0001
00a7 ---- 6887                         ld          R6, [#readData/state/i2cStatus]
00a8 ---- 1679                         jsr         I2cRxByte
00a9 ---- 6c87                         st          R6, [#readData/state/i2cStatus]
00aa ---- 7c7f                         st          R7, [#readData/output/DevID]
               ;? i2cStop();
00ab ---- 6887                         ld          R6, [#readData/state/i2cStatus]
00ac ---- 1698                         jsr         I2cStop
00ad ---- 6c87                         st          R6, [#readData/state/i2cStatus]
               ;? 
               ;? if(state.i2cStatus != 0x00){
00ae ---- 0887                         ld          R0, [#readData/state/i2cStatus]
00af ---- 8a00                         cmp         R0, #0
00b0 ---- b603                         beq         /id0193
               ;?     output.I2CError = (output.I2CError | (1 << 0) );
00b1 ---- 0881                             ld          R0, [#readData/output/I2CError]
00b2 ---- 8201                             or          R0, #1
00b3 ---- 0c81                             st          R0, [#readData/output/I2CError]
               ;? }
               /id0193:
               ;? 
               ;? //
               ;? cmd_type = (CMD | RPT);
00b4 ---- 0080                         ld          R0, #128
               ;? i2cStart();
00b5 ---- 6000                         ld          R6, #0x0000
00b6 ---- 1644                         jsr         I2cStart
00b7 ---- 6c87                         st          R6, [#readData/state/i2cStatus]
               ;? i2cTx( (ADDRESS << 1) | I2C_OP_WRITE );
00b8 ---- 7052                         ld          R7, #82
00b9 ---- 6887                         ld          R6, [#readData/state/i2cStatus]
00ba ---- 165b                         jsr         I2cTxByte
00bb ---- 6c87                         st          R6, [#readData/state/i2cStatus]
               ;? i2cTx( cmd_type | TIMING_REG );
00bc ---- fd40                         ld          R7, R0
00bd ---- f201                         or          R7, #1
00be ---- 6887                         ld          R6, [#readData/state/i2cStatus]
00bf ---- 165b                         jsr         I2cTxByte
00c0 ---- 6c87                         st          R6, [#readData/state/i2cStatus]
               ;? i2cTx( MAGIC_TIMING );
00c1 ---- 70f6                         ld          R7, #246
00c2 ---- 6887                         ld          R6, [#readData/state/i2cStatus]
00c3 ---- 165b                         jsr         I2cTxByte
00c4 ---- 6c87                         st          R6, [#readData/state/i2cStatus]
               ;? i2cStop();
00c5 ---- 6887                         ld          R6, [#readData/state/i2cStatus]
00c6 ---- 1698                         jsr         I2cStop
00c7 ---- 6c87                         st          R6, [#readData/state/i2cStatus]
               ;? 
               ;? if(state.i2cStatus != 0x00){
00c8 ---- 0887                         ld          R0, [#readData/state/i2cStatus]
00c9 ---- 8a00                         cmp         R0, #0
00ca ---- b603                         beq         /id0213
               ;?     output.I2CError = (output.I2CError | (1 << 1) );
00cb ---- 0881                             ld          R0, [#readData/output/I2CError]
00cc ---- 8202                             or          R0, #2
00cd ---- 0c81                             st          R0, [#readData/output/I2CError]
               ;? }
               /id0213:
               ;? 
               ;? 
               ;? // Set gain of the color sensors to 4X
               ;? cmd_type = (CMD | RPT);
00ce ---- 0080                         ld          R0, #128
               ;? i2cStart();
00cf ---- 6000                         ld          R6, #0x0000
00d0 ---- 1644                         jsr         I2cStart
00d1 ---- 6c87                         st          R6, [#readData/state/i2cStatus]
               ;? i2cTx( (ADDRESS << 1) | I2C_OP_WRITE);
00d2 ---- 7052                         ld          R7, #82
00d3 ---- 6887                         ld          R6, [#readData/state/i2cStatus]
00d4 ---- 165b                         jsr         I2cTxByte
00d5 ---- 6c87                         st          R6, [#readData/state/i2cStatus]
               ;? i2cTx( cmd_type | CTRL_REG );
00d6 ---- fd40                         ld          R7, R0
00d7 ---- f20f                         or          R7, #15
00d8 ---- 6887                         ld          R6, [#readData/state/i2cStatus]
00d9 ---- 165b                         jsr         I2cTxByte
00da ---- 6c87                         st          R6, [#readData/state/i2cStatus]
               ;? i2cTx( GAIN16X );
00db ---- 7002                         ld          R7, #2
00dc ---- 6887                         ld          R6, [#readData/state/i2cStatus]
00dd ---- 165b                         jsr         I2cTxByte
00de ---- 6c87                         st          R6, [#readData/state/i2cStatus]
               ;? i2cStop();
00df ---- 6887                         ld          R6, [#readData/state/i2cStatus]
00e0 ---- 1698                         jsr         I2cStop
00e1 ---- 6c87                         st          R6, [#readData/state/i2cStatus]
               ;? 
               ;? if(state.i2cStatus != 0x00){
00e2 ---- 0887                         ld          R0, [#readData/state/i2cStatus]
00e3 ---- 8a00                         cmp         R0, #0
00e4 ---- b603                         beq         /id0233
               ;?     output.I2CError = (output.I2CError | (1 << 2) );
00e5 ---- 0881                             ld          R0, [#readData/output/I2CError]
00e6 ---- 8204                             or          R0, #4
00e7 ---- 0c81                             st          R0, [#readData/output/I2CError]
               ;? }
               /id0233:
               ;? 
               ;? // Set the enable reg or the power on register to on.
               ;? cmd_type = (CMD | RPT);
00e8 ---- 0080                         ld          R0, #128
               ;? i2cStart();
00e9 ---- 6000                         ld          R6, #0x0000
00ea ---- 1644                         jsr         I2cStart
00eb ---- 6c87                         st          R6, [#readData/state/i2cStatus]
               ;? i2cTx( (ADDRESS << 1) | I2C_OP_WRITE);
00ec ---- 7052                         ld          R7, #82
00ed ---- 6887                         ld          R6, [#readData/state/i2cStatus]
00ee ---- 165b                         jsr         I2cTxByte
00ef ---- 6c87                         st          R6, [#readData/state/i2cStatus]
               ;? i2cTx( cmd_type | ENABLE_REG );
00f0 ---- fd40                         ld          R7, R0
00f1 ---- 6887                         ld          R6, [#readData/state/i2cStatus]
00f2 ---- 165b                         jsr         I2cTxByte
00f3 ---- 6c87                         st          R6, [#readData/state/i2cStatus]
               ;? i2cTx( ENABLE_PON );
00f4 ---- 7001                         ld          R7, #1
00f5 ---- 6887                         ld          R6, [#readData/state/i2cStatus]
00f6 ---- 165b                         jsr         I2cTxByte
00f7 ---- 6c87                         st          R6, [#readData/state/i2cStatus]
               ;? i2cStop();
00f8 ---- 6887                         ld          R6, [#readData/state/i2cStatus]
00f9 ---- 1698                         jsr         I2cStop
00fa ---- 6c87                         st          R6, [#readData/state/i2cStatus]
               ;? 
               ;? if(state.i2cStatus != 0x00){
00fb ---- 0887                         ld          R0, [#readData/state/i2cStatus]
00fc ---- 8a00                         cmp         R0, #0
00fd ---- b603                         beq         /id0253
               ;?     output.I2CError = (output.I2CError | (1 << 3) );
00fe ---- 0881                             ld          R0, [#readData/output/I2CError]
00ff ---- 8208                             or          R0, #8
0100 ---- 0c81                             st          R0, [#readData/output/I2CError]
               ;? }
               /id0253:
               ;? 
               ;? 
               ;? // delay 3ms
               ;? for (U16 n = 0; n < POW_DELAY; n++) {
0101 ---- 0000                         ld          R0, #0
               /id0258:
               ;?     //confirm what the delays should be here
               ;?     fwDelayUs(1000, FW_DELAY_RANGE_100_MS);
0102 ---- 7002                             ld          R7, #(((1000 * 24 ) + ((1 << 14) - 1)) >> 14)
0103 ---- 600e                             ld          R6, #14
0104 ---- 1638                             jsr         FwDelay
               ;? }
0105 ---- 8801                         add         R0, #1
0106 ---- 8a05                         cmp         R0, #5
0107 ---- aefa                         bltu        /id0258
               ;? 
               ;? cmd_type = (CMD | RPT);
0108 ---- 0080                         ld          R0, #128
               ;? i2cStart();
0109 ---- 6000                         ld          R6, #0x0000
010a ---- 1644                         jsr         I2cStart
010b ---- 6c87                         st          R6, [#readData/state/i2cStatus]
               ;? i2cTx( (ADDRESS << 1) | I2C_OP_WRITE);
010c ---- 7052                         ld          R7, #82
010d ---- 6887                         ld          R6, [#readData/state/i2cStatus]
010e ---- 165b                         jsr         I2cTxByte
010f ---- 6c87                         st          R6, [#readData/state/i2cStatus]
               ;? i2cTx( cmd_type | ENABLE_REG );
0110 ---- fd40                         ld          R7, R0
0111 ---- 6887                         ld          R6, [#readData/state/i2cStatus]
0112 ---- 165b                         jsr         I2cTxByte
0113 ---- 6c87                         st          R6, [#readData/state/i2cStatus]
               ;? i2cTx( ENABLE_PON | ENABLE_AEN );
0114 ---- 7003                         ld          R7, #3
0115 ---- 6887                         ld          R6, [#readData/state/i2cStatus]
0116 ---- 165b                         jsr         I2cTxByte
0117 ---- 6c87                         st          R6, [#readData/state/i2cStatus]
               ;? i2cStop();
0118 ---- 6887                         ld          R6, [#readData/state/i2cStatus]
0119 ---- 1698                         jsr         I2cStop
011a ---- 6c87                         st          R6, [#readData/state/i2cStatus]
               ;? 
               ;? if(state.i2cStatus != 0x00){
011b ---- 0887                         ld          R0, [#readData/state/i2cStatus]
011c ---- 8a00                         cmp         R0, #0
011d ---- b603                         beq         /id0276
               ;?     output.I2CError = (output.I2CError | (1 << 4) );
011e ---- 0881                             ld          R0, [#readData/output/I2CError]
011f ---- 8210                             or          R0, #16
0120 ---- 0c81                             st          R0, [#readData/output/I2CError]
               ;? }
               /id0276:
               ;? 
               ;? // delay 24ms
               ;? for (U16 n = 0; n < INTG_DELAY; n++) {
0121 ---- 0000                         ld          R0, #0
               /id0281:
               ;?     //confirm what the delays should be here
               ;?     fwDelayUs(1000, FW_DELAY_RANGE_100_MS);
0122 ---- 7002                             ld          R7, #(((1000 * 24 ) + ((1 << 14) - 1)) >> 14)
0123 ---- 600e                             ld          R6, #14
0124 ---- 1638                             jsr         FwDelay
               ;? }
0125 ---- 8801                         add         R0, #1
0126 ---- 8a18                         cmp         R0, #24
0127 ---- aefa                         bltu        /id0281
               ;? 
               ;? U16 low = 0;
               ;? U16 high = 0;
               ;? 
               ;? //cmd_type = (CMD | AUTO_INCRO);
               ;? cmd_type = CMD;
0128 ---- 0080                         ld          R0, #128
               ;? i2cStart();
0129 ---- 6000                         ld          R6, #0x0000
012a ---- 1644                         jsr         I2cStart
012b ---- 6c87                         st          R6, [#readData/state/i2cStatus]
               ;? i2cTx( (ADDRESS << 1) | I2C_OP_WRITE);
012c ---- 7052                         ld          R7, #82
012d ---- 6887                         ld          R6, [#readData/state/i2cStatus]
012e ---- 165b                         jsr         I2cTxByte
012f ---- 6c87                         st          R6, [#readData/state/i2cStatus]
               ;? i2cTx( cmd_type | COLORS );
0130 ---- fd40                         ld          R7, R0
0131 ---- f214                         or          R7, #20
0132 ---- 6887                         ld          R6, [#readData/state/i2cStatus]
0133 ---- 165b                         jsr         I2cTxByte
0134 ---- 6c87                         st          R6, [#readData/state/i2cStatus]
               ;? i2cRepeatedStart();
0135 ---- 6887                         ld          R6, [#readData/state/i2cStatus]
0136 ---- 163e                         jsr         I2cRepeatedStart
0137 ---- 6c87                         st          R6, [#readData/state/i2cStatus]
               ;? i2cTx( (ADDRESS << 1) | I2C_OP_READ );
0138 ---- 7053                         ld          R7, #83
0139 ---- 6887                         ld          R6, [#readData/state/i2cStatus]
013a ---- 165b                         jsr         I2cTxByte
013b ---- 6c87                         st          R6, [#readData/state/i2cStatus]
               ;? 
               ;? //Reading the Clear value
               ;? i2cRxAck(low);
013c ---- 7000                         ld          R7, #0x0000
013d ---- 6887                         ld          R6, [#readData/state/i2cStatus]
013e ---- 1679                         jsr         I2cRxByte
013f ---- 6c87                         st          R6, [#readData/state/i2cStatus]
0140 ---- 8d47                         ld          R0, R7
               ;? i2cRxAck(high);
0141 ---- 7000                         ld          R7, #0x0000
0142 ---- 6887                         ld          R6, [#readData/state/i2cStatus]
0143 ---- 1679                         jsr         I2cRxByte
0144 ---- 6c87                         st          R6, [#readData/state/i2cStatus]
               ;? output.colorClear = (high << 8) | low;
0145 ---- fda0                         lsl         R7, #8
0146 ---- fd08                         or          R7, R0
0147 ---- 7c84                         st          R7, [#readData/output/colorClear]
               ;? 
               ;? //Reading the Red value
               ;? i2cRxAck(low);
0148 ---- 7000                         ld          R7, #0x0000
0149 ---- 6887                         ld          R6, [#readData/state/i2cStatus]
014a ---- 1679                         jsr         I2cRxByte
014b ---- 6c87                         st          R6, [#readData/state/i2cStatus]
014c ---- 8d47                         ld          R0, R7
               ;? i2cRxAck(high);
014d ---- 7000                         ld          R7, #0x0000
014e ---- 6887                         ld          R6, [#readData/state/i2cStatus]
014f ---- 1679                         jsr         I2cRxByte
0150 ---- 6c87                         st          R6, [#readData/state/i2cStatus]
               ;? output.colorRed = (high << 8) | low;
0151 ---- fda0                         lsl         R7, #8
0152 ---- fd08                         or          R7, R0
0153 ---- 7c86                         st          R7, [#readData/output/colorRed]
               ;? 
               ;? //Reading the Green value
               ;? i2cRxAck(low);
0154 ---- 7000                         ld          R7, #0x0000
0155 ---- 6887                         ld          R6, [#readData/state/i2cStatus]
0156 ---- 1679                         jsr         I2cRxByte
0157 ---- 6c87                         st          R6, [#readData/state/i2cStatus]
0158 ---- 8d47                         ld          R0, R7
               ;? i2cRxAck(high);
0159 ---- 7000                         ld          R7, #0x0000
015a ---- 6887                         ld          R6, [#readData/state/i2cStatus]
015b ---- 1679                         jsr         I2cRxByte
015c ---- 6c87                         st          R6, [#readData/state/i2cStatus]
               ;? output.colorGreen = (high << 8) | low;
015d ---- fda0                         lsl         R7, #8
015e ---- fd08                         or          R7, R0
015f ---- 7c85                         st          R7, [#readData/output/colorGreen]
               ;? 
               ;? //Reading the Blue value
               ;? i2cRxAck(low);
0160 ---- 7000                         ld          R7, #0x0000
0161 ---- 6887                         ld          R6, [#readData/state/i2cStatus]
0162 ---- 1679                         jsr         I2cRxByte
0163 ---- 6c87                         st          R6, [#readData/state/i2cStatus]
0164 ---- 8d47                         ld          R0, R7
               ;? i2cRxNack(high);
0165 ---- 7001                         ld          R7, #0x0001
0166 ---- 6887                         ld          R6, [#readData/state/i2cStatus]
0167 ---- 1679                         jsr         I2cRxByte
0168 ---- 6c87                         st          R6, [#readData/state/i2cStatus]
               ;? output.colorBlue = (high << 8) | low;
0169 ---- fda0                         lsl         R7, #8
016a ---- fd08                         or          R7, R0
016b ---- 7c83                         st          R7, [#readData/output/colorBlue]
               ;? 
               ;? i2cStop();
016c ---- 6887                         ld          R6, [#readData/state/i2cStatus]
016d ---- 1698                         jsr         I2cStop
016e ---- 6c87                         st          R6, [#readData/state/i2cStatus]
               ;? 
               ;? // power down analog LED power rail
               ;? //TODO: Confirm if it should be configured in Open-Drain
               ;? gpioClearOutput(cfg.pAuxioOAuxLines[1]);
016f ---- 787b                         ld          R7, [#(readData/cfg/pAuxioOAuxLines + 1)]
0170 ---- 1628                         jsr         gpioClearOutput
               ;? 
               ;? //confirm what the delays should be here
               ;? fwDelayUs(1000, FW_DELAY_RANGE_5_MS);
0171 ---- 702f                         ld          R7, #(((1000 * 24 ) + ((1 << 9) - 1)) >> 9)
0172 ---- 6009                         ld          R6, #9
0173 ---- 1638                         jsr         FwDelay
               ;? 
               ;? // Enable the ADC
               ;? adcEnableSync(ADC_REF_FIXED, ADC_SAMPLE_TIME_2P7_US, ADC_TRIGGER_MANUAL);
0174 ---- f502                         loop        #128, /id0341
0175 ---- fd47                         nop         
0176 ---- fd47                         nop         
0177 ---- fd47                         nop         
               /id0341:
0178 ---- 7041                         ld          R7, #((0 | (((3 < 6) & (!0)) * ADI16_ADCREF_REF_ON_IDLE)) | ADI16_ADCREF_EN)
0179 ---- 1462                         jsr         AdiDdiAcquire
017a ---- fb4d                         out         R7, [#IOP_ADISET_ADCREF]
017b 8609 7101                         ld          R7, #((9 << IOB_ANAIF_ADCCTL_START_SRC) | 0x0001)
017d ---- 6431                         iobset      #IOB_WUC_ADCCLKCTL_REQ, [#IOP_WUC_ADCCLKCTL]
               /id0342:
017e ---- 2531                         iobtst      #IOB_WUC_ADCCLKCTL_ACK, [#IOP_WUC_ADCCLKCTL]
017f ---- a6fe                         biob0       /id0342
0180 ---- fb00                         out         R7, [#IOP_ANAIF_ADCCTL]
0181 ---- 7078                         ld          R7, #BV_ADI16_ADC_SMPL_CYCLE_EXP
0182 ---- fb54                         out         R7, [#IOP_ADICLR_ADC]
0183 ---- 7018                         ld          R7, #(3 << BI_ADI16_ADC_SMPL_CYCLE_EXP)
0184 ---- fb4c                         out         R7, [#IOP_ADISET_ADC]
0185 ---- 7003                         ld          R7, #(ADI16_ADC_EN | ADI16_ADC_RESET_N)
0186 ---- fb4c                         out         R7, [#IOP_ADISET_ADC]
0187 ---- fd47                         nop         
0188 ---- fb4c                         out         R7, [#IOP_ADISET_ADC]
0189 ---- 1465                         jsr         AdiDdiRelease
               ;? 
               ;? U16 dummy;
               ;? // read & store the remaining adc values
               ;? adcGenManualTrigger();
018a ---- 6403                         iobset      #0, [#IOP_ANAIF_ADCTRIG]
               ;? adcReadFifo(dummy);
018b ---- 001f                         ld          R0, #EVCTL_SCEEVSEL_ADC_FIFO_NOT_EMPTY
018c ---- 8b2c                         out         R0, [#IOP_EVCTL_SCEWEVSEL]
018d ---- fdb1                         wev1        #WEVSEL_PROG
018e ---- 8902                         in          R0, [#IOP_ANAIF_ADCFIFO]
               ;? 
               ;? U16 total;
               ;? U16 value;
               ;? 
               ;? //Read ADC Sensor Conductivity
               ;? total = 0;
018f ---- 0000                         ld          R0, #0
               ;? adcSelectGpioInput(cfg.pAuxioAAnaInput[0]);
0190 ---- 7875                         ld          R7, [#(readData/cfg/pAuxioAAnaInput + 0)]
0191 ---- 16a3                         jsr         AdccompbSelectGpioInput
               ;? adcGenManualTrigger();
0192 ---- 6403                         iobset      #0, [#IOP_ANAIF_ADCTRIG]
               ;? adcReadFifo(value);
0193 ---- 601f                         ld          R6, #EVCTL_SCEEVSEL_ADC_FIFO_NOT_EMPTY
0194 ---- eb2c                         out         R6, [#IOP_EVCTL_SCEWEVSEL]
0195 ---- fdb1                         wev1        #WEVSEL_PROG
0196 ---- e902                         in          R6, [#IOP_ANAIF_ADCFIFO]
               ;? total = total + value;
0197 ---- 8d26                         add         R0, R6
               ;? 
               ;? adcGenManualTrigger();
0198 ---- 6403                         iobset      #0, [#IOP_ANAIF_ADCTRIG]
               ;? adcReadFifo(value);
0199 ---- 601f                         ld          R6, #EVCTL_SCEEVSEL_ADC_FIFO_NOT_EMPTY
019a ---- eb2c                         out         R6, [#IOP_EVCTL_SCEWEVSEL]
019b ---- fdb1                         wev1        #WEVSEL_PROG
019c ---- e902                         in          R6, [#IOP_ANAIF_ADCFIFO]
               ;? total = total + value;
019d ---- 8d26                         add         R0, R6
               ;? 
               ;? adcGenManualTrigger();
019e ---- 6403                         iobset      #0, [#IOP_ANAIF_ADCTRIG]
               ;? adcReadFifo(value);
019f ---- 601f                         ld          R6, #EVCTL_SCEEVSEL_ADC_FIFO_NOT_EMPTY
01a0 ---- eb2c                         out         R6, [#IOP_EVCTL_SCEWEVSEL]
01a1 ---- fdb1                         wev1        #WEVSEL_PROG
01a2 ---- e902                         in          R6, [#IOP_ANAIF_ADCFIFO]
               ;? total = total + value;
01a3 ---- 8d26                         add         R0, R6
               ;? 
               ;? adcGenManualTrigger();
01a4 ---- 6403                         iobset      #0, [#IOP_ANAIF_ADCTRIG]
               ;? adcReadFifo(value);
01a5 ---- 601f                         ld          R6, #EVCTL_SCEEVSEL_ADC_FIFO_NOT_EMPTY
01a6 ---- eb2c                         out         R6, [#IOP_EVCTL_SCEWEVSEL]
01a7 ---- fdb1                         wev1        #WEVSEL_PROG
01a8 ---- e902                         in          R6, [#IOP_ANAIF_ADCFIFO]
               ;? total = total + value;
01a9 ---- 8d26                         add         R0, R6
               ;? output.Conductivity = (total >> 2);
01aa ---- 8daa                         lsr         R0, #2
01ab ---- 0c7e                         st          R0, [#readData/output/Conductivity]
               ;? 
               ;? //Read ADC Sensor Temp
               ;? total = 0;
01ac ---- 0000                         ld          R0, #0
               ;? adcSelectGpioInput(cfg.pAuxioAAnaInput[1]);
01ad ---- 7876                         ld          R7, [#(readData/cfg/pAuxioAAnaInput + 1)]
01ae ---- 16a3                         jsr         AdccompbSelectGpioInput
               ;? adcGenManualTrigger();
01af ---- 6403                         iobset      #0, [#IOP_ANAIF_ADCTRIG]
               ;? adcReadFifo(value);
01b0 ---- 601f                         ld          R6, #EVCTL_SCEEVSEL_ADC_FIFO_NOT_EMPTY
01b1 ---- eb2c                         out         R6, [#IOP_EVCTL_SCEWEVSEL]
01b2 ---- fdb1                         wev1        #WEVSEL_PROG
01b3 ---- e902                         in          R6, [#IOP_ANAIF_ADCFIFO]
               ;? total = total + value;
01b4 ---- 8d26                         add         R0, R6
               ;? 
               ;? adcGenManualTrigger();
01b5 ---- 6403                         iobset      #0, [#IOP_ANAIF_ADCTRIG]
               ;? adcReadFifo(value);
01b6 ---- 601f                         ld          R6, #EVCTL_SCEEVSEL_ADC_FIFO_NOT_EMPTY
01b7 ---- eb2c                         out         R6, [#IOP_EVCTL_SCEWEVSEL]
01b8 ---- fdb1                         wev1        #WEVSEL_PROG
01b9 ---- e902                         in          R6, [#IOP_ANAIF_ADCFIFO]
               ;? total = total + value;
01ba ---- 8d26                         add         R0, R6
               ;? 
               ;? adcGenManualTrigger();
01bb ---- 6403                         iobset      #0, [#IOP_ANAIF_ADCTRIG]
               ;? adcReadFifo(value);
01bc ---- 601f                         ld          R6, #EVCTL_SCEEVSEL_ADC_FIFO_NOT_EMPTY
01bd ---- eb2c                         out         R6, [#IOP_EVCTL_SCEWEVSEL]
01be ---- fdb1                         wev1        #WEVSEL_PROG
01bf ---- e902                         in          R6, [#IOP_ANAIF_ADCFIFO]
               ;? total = total + value;
01c0 ---- 8d26                         add         R0, R6
               ;? 
               ;? adcGenManualTrigger();
01c1 ---- 6403                         iobset      #0, [#IOP_ANAIF_ADCTRIG]
               ;? adcReadFifo(value);
01c2 ---- 601f                         ld          R6, #EVCTL_SCEEVSEL_ADC_FIFO_NOT_EMPTY
01c3 ---- eb2c                         out         R6, [#IOP_EVCTL_SCEWEVSEL]
01c4 ---- fdb1                         wev1        #WEVSEL_PROG
01c5 ---- e902                         in          R6, [#IOP_ANAIF_ADCFIFO]
               ;? total = total + value;
01c6 ---- 8d26                         add         R0, R6
               ;? 
               ;? output.TemperatureSensor = (total >> 2);
01c7 ---- 8daa                         lsr         R0, #2
01c8 ---- 0c82                         st          R0, [#readData/output/TemperatureSensor]
               ;? 
               ;? //Read ADC Sensor AmbLight
               ;? total = 0;
01c9 ---- 0000                         ld          R0, #0
               ;? adcSelectGpioInput(cfg.pAuxioAAnaInput[2]);
01ca ---- 7877                         ld          R7, [#(readData/cfg/pAuxioAAnaInput + 2)]
01cb ---- 16a3                         jsr         AdccompbSelectGpioInput
               ;? adcGenManualTrigger();
01cc ---- 6403                         iobset      #0, [#IOP_ANAIF_ADCTRIG]
               ;? adcReadFifo(value);
01cd ---- 601f                         ld          R6, #EVCTL_SCEEVSEL_ADC_FIFO_NOT_EMPTY
01ce ---- eb2c                         out         R6, [#IOP_EVCTL_SCEWEVSEL]
01cf ---- fdb1                         wev1        #WEVSEL_PROG
01d0 ---- e902                         in          R6, [#IOP_ANAIF_ADCFIFO]
               ;? total = total + value;
01d1 ---- 8d26                         add         R0, R6
               ;? 
               ;? adcGenManualTrigger();
01d2 ---- 6403                         iobset      #0, [#IOP_ANAIF_ADCTRIG]
               ;? adcReadFifo(value);
01d3 ---- 601f                         ld          R6, #EVCTL_SCEEVSEL_ADC_FIFO_NOT_EMPTY
01d4 ---- eb2c                         out         R6, [#IOP_EVCTL_SCEWEVSEL]
01d5 ---- fdb1                         wev1        #WEVSEL_PROG
01d6 ---- e902                         in          R6, [#IOP_ANAIF_ADCFIFO]
               ;? total = total + value;
01d7 ---- 8d26                         add         R0, R6
               ;? 
               ;? adcGenManualTrigger();
01d8 ---- 6403                         iobset      #0, [#IOP_ANAIF_ADCTRIG]
               ;? adcReadFifo(value);
01d9 ---- 601f                         ld          R6, #EVCTL_SCEEVSEL_ADC_FIFO_NOT_EMPTY
01da ---- eb2c                         out         R6, [#IOP_EVCTL_SCEWEVSEL]
01db ---- fdb1                         wev1        #WEVSEL_PROG
01dc ---- e902                         in          R6, [#IOP_ANAIF_ADCFIFO]
               ;? total = total + value;
01dd ---- 8d26                         add         R0, R6
               ;? 
               ;? adcGenManualTrigger();
01de ---- 6403                         iobset      #0, [#IOP_ANAIF_ADCTRIG]
               ;? adcReadFifo(value);
01df ---- 601f                         ld          R6, #EVCTL_SCEEVSEL_ADC_FIFO_NOT_EMPTY
01e0 ---- eb2c                         out         R6, [#IOP_EVCTL_SCEWEVSEL]
01e1 ---- fdb1                         wev1        #WEVSEL_PROG
01e2 ---- e902                         in          R6, [#IOP_ANAIF_ADCFIFO]
               ;? total = total + value;
01e3 ---- 8d26                         add         R0, R6
               ;? 
               ;? output.AmbLight = (total >> 2);
01e4 ---- 8daa                         lsr         R0, #2
01e5 ---- 0c7c                         st          R0, [#readData/output/AmbLight]
               ;? 
               ;? //Read ADC Sensor Battery
               ;? total = 0;
01e6 ---- 0000                         ld          R0, #0
               ;? adcSelectGpioInput(cfg.pAuxioAAnaInput[3]);
01e7 ---- 7878                         ld          R7, [#(readData/cfg/pAuxioAAnaInput + 3)]
01e8 ---- 16a3                         jsr         AdccompbSelectGpioInput
               ;? adcGenManualTrigger();
01e9 ---- 6403                         iobset      #0, [#IOP_ANAIF_ADCTRIG]
               ;? adcReadFifo(value);
01ea ---- 601f                         ld          R6, #EVCTL_SCEEVSEL_ADC_FIFO_NOT_EMPTY
01eb ---- eb2c                         out         R6, [#IOP_EVCTL_SCEWEVSEL]
01ec ---- fdb1                         wev1        #WEVSEL_PROG
01ed ---- e902                         in          R6, [#IOP_ANAIF_ADCFIFO]
               ;? total = total + value;
01ee ---- 8d26                         add         R0, R6
               ;? 
               ;? adcGenManualTrigger();
01ef ---- 6403                         iobset      #0, [#IOP_ANAIF_ADCTRIG]
               ;? adcReadFifo(value);
01f0 ---- 601f                         ld          R6, #EVCTL_SCEEVSEL_ADC_FIFO_NOT_EMPTY
01f1 ---- eb2c                         out         R6, [#IOP_EVCTL_SCEWEVSEL]
01f2 ---- fdb1                         wev1        #WEVSEL_PROG
01f3 ---- e902                         in          R6, [#IOP_ANAIF_ADCFIFO]
               ;? total = total + value;
01f4 ---- 8d26                         add         R0, R6
               ;? 
               ;? adcGenManualTrigger();
01f5 ---- 6403                         iobset      #0, [#IOP_ANAIF_ADCTRIG]
               ;? adcReadFifo(value);
01f6 ---- 601f                         ld          R6, #EVCTL_SCEEVSEL_ADC_FIFO_NOT_EMPTY
01f7 ---- eb2c                         out         R6, [#IOP_EVCTL_SCEWEVSEL]
01f8 ---- fdb1                         wev1        #WEVSEL_PROG
01f9 ---- e902                         in          R6, [#IOP_ANAIF_ADCFIFO]
               ;? total = total + value;
01fa ---- 8d26                         add         R0, R6
               ;? 
               ;? adcGenManualTrigger();
01fb ---- 6403                         iobset      #0, [#IOP_ANAIF_ADCTRIG]
               ;? adcReadFifo(value);
01fc ---- 601f                         ld          R6, #EVCTL_SCEEVSEL_ADC_FIFO_NOT_EMPTY
01fd ---- eb2c                         out         R6, [#IOP_EVCTL_SCEWEVSEL]
01fe ---- fdb1                         wev1        #WEVSEL_PROG
01ff ---- e902                         in          R6, [#IOP_ANAIF_ADCFIFO]
               ;? total = total + value;
0200 ---- 8d26                         add         R0, R6
               ;? 
               ;? output.BatterySensor = (total >> 2);
0201 ---- 8daa                         lsr         R0, #2
0202 ---- 0c7d                         st          R0, [#readData/output/BatterySensor]
               ;? 
               ;? //Read ADC Sensor Hall
               ;? total = 0;
0203 ---- 0000                         ld          R0, #0
               ;? adcSelectGpioInput(cfg.pAuxioAAnaInput[4]);
0204 ---- 7879                         ld          R7, [#(readData/cfg/pAuxioAAnaInput + 4)]
0205 ---- 16a3                         jsr         AdccompbSelectGpioInput
               ;? adcGenManualTrigger();
0206 ---- 6403                         iobset      #0, [#IOP_ANAIF_ADCTRIG]
               ;? adcReadFifo(value);
0207 ---- 601f                         ld          R6, #EVCTL_SCEEVSEL_ADC_FIFO_NOT_EMPTY
0208 ---- eb2c                         out         R6, [#IOP_EVCTL_SCEWEVSEL]
0209 ---- fdb1                         wev1        #WEVSEL_PROG
020a ---- e902                         in          R6, [#IOP_ANAIF_ADCFIFO]
               ;? total = total + value;
020b ---- 8d26                         add         R0, R6
               ;? 
               ;? adcGenManualTrigger();
020c ---- 6403                         iobset      #0, [#IOP_ANAIF_ADCTRIG]
               ;? adcReadFifo(value);
020d ---- 601f                         ld          R6, #EVCTL_SCEEVSEL_ADC_FIFO_NOT_EMPTY
020e ---- eb2c                         out         R6, [#IOP_EVCTL_SCEWEVSEL]
020f ---- fdb1                         wev1        #WEVSEL_PROG
0210 ---- e902                         in          R6, [#IOP_ANAIF_ADCFIFO]
               ;? total = total + value;
0211 ---- 8d26                         add         R0, R6
               ;? 
               ;? adcGenManualTrigger();
0212 ---- 6403                         iobset      #0, [#IOP_ANAIF_ADCTRIG]
               ;? adcReadFifo(value);
0213 ---- 601f                         ld          R6, #EVCTL_SCEEVSEL_ADC_FIFO_NOT_EMPTY
0214 ---- eb2c                         out         R6, [#IOP_EVCTL_SCEWEVSEL]
0215 ---- fdb1                         wev1        #WEVSEL_PROG
0216 ---- e902                         in          R6, [#IOP_ANAIF_ADCFIFO]
               ;? total = total + value;
0217 ---- 8d26                         add         R0, R6
               ;? 
               ;? adcGenManualTrigger();
0218 ---- 6403                         iobset      #0, [#IOP_ANAIF_ADCTRIG]
               ;? adcReadFifo(value);
0219 ---- 601f                         ld          R6, #EVCTL_SCEEVSEL_ADC_FIFO_NOT_EMPTY
021a ---- eb2c                         out         R6, [#IOP_EVCTL_SCEWEVSEL]
021b ---- fdb1                         wev1        #WEVSEL_PROG
021c ---- e902                         in          R6, [#IOP_ANAIF_ADCFIFO]
               ;? total = total + value;
021d ---- 8d26                         add         R0, R6
               ;? 
               ;? output.HallSensor = (total >> 2);
021e ---- 8daa                         lsr         R0, #2
021f ---- 0c80                         st          R0, [#readData/output/HallSensor]
               ;? 
               ;? //End Reading ADC Sensors
               ;? 
               ;? 
               ;? // disable ADC
               ;? adcDisable( );
0220 ---- 16b0                         jsr         AdcDisable
               ;? 
               ;? //Clear the AUX power enable pin (low)
               ;? gpioSetOutput(cfg.pAuxioOAuxLines[0]);
0221 ---- 787a                         ld          R7, [#(readData/cfg/pAuxioOAuxLines + 0)]
0222 ---- 1630                         jsr         gpioSetOutput
               ;? 
               ;? // Generate interrupt
               ;? fwGenAlertInterrupt();
0223 ---- 086c                         ld          R0, [#fwCtrlInt/bvTaskIoAlert]
0224 ---- 8201                         or          R0, #(1 << 0)
0225 ---- 0c6c                         st          R0, [#fwCtrlInt/bvTaskIoAlert]
               readData/executeDone:
0226 ---- adb7                         rts         
                                       
                                       
                                       
                                       
               readData/terminate:
               readData/terminateDone:
0227 ---- adb7                         rts         
               .segment end "Task: ReadData"
               
               
               .segment begin "Procedure Libary"
               ; PARAMETERS:
               ;     R7 = AUX I/O index
               ;
               ; CLOBBERS:
               ;     R5, R6, R7
               gpioClearOutput:
                                       ; Calculate the I/O register address
0228 ---- ed47                         ld          R6, R7
0229 ---- edab                         lsr         R6, #3
022a ---- e816                         add         R6, #IOP_AIODIO0_GPIODOUTCLR
               
                                       ; Create the bit-vector to be used for manipulation
022b ---- f007                         and         R7, #0x0007
022c ---- 5001                         ld          R5, #1
022d ---- dd87                         lsl         R5, R7
               
                                       ; Set the GPIO
022e ---- df26                         out         R5, [R6]
022f ---- adb7                         rts
               
               
               
               
               ; PARAMETERS:
               ;     R7 = AUX I/O index
               ;
               ; CLOBBERS:
               ;     R5, R6, R7
               gpioSetOutput:
                                       ; Calculate the I/O register address
0230 ---- ed47                         ld          R6, R7
0231 ---- edab                         lsr         R6, #3
0232 ---- e814                         add         R6, #IOP_AIODIO0_GPIODOUTSET
               
                                       ; Create the bit-vector to be used for manipulation
0233 ---- f007                         and         R7, #0x0007
0234 ---- 5001                         ld          R5, #1
0235 ---- dd87                         lsl         R5, R7
               
                                       ; Set the GPIO
0236 ---- df26                         out         R5, [R6]
0237 ---- adb7                         rts
               
               
               
               
               ; 3 + 5 CPU cycles = 16 clock cycles = 0.66 microsecond are added to the specified delay (parameter
               ; loading and timer configuration)
               ;
               ; PARAMETERS:
               ;     R7 = Delay
               ;     R6 = Prescaler exponent
               ;
               ; CLOBBERS:
               ;     R6
               FwDelay:
                                       ; Set the delay
0238 ---- fb0c                         out         R7, [#IOP_TIMER01_T0TARGET]
               
                                       ; Configure the timer (from clock, single-mode, prescaler exponent = R6)
0239 ---- eda4                         lsl         R6, #4
023a ---- eb09                         out         R6, [#IOP_TIMER01_T0CFG]
               
                                       ; Start the timer, wait for it to trigger, and stop it
023b ---- 640b                         iobset      #0, [#IOP_TIMER01_T0CTL]
023c ---- cdb1                         wev1        #WEVSEL_TIMER0
023d ---- adb7                         rts
               
               
               
               
               ; CLOBBERS:
               ;     R5
               I2cRepeatedStart:
                                       ; Wait T_LOW (SDA is already pull-up)
023e ---- 53c6                         ld          R5, #-((I2C_BASE_DELAY + I2C_EXT_DELAY) - (1))
023f ---- 1649                         jsr         I2cWaitDelay
               
                                       ; SCL = pull-up
0240 ---- 670f                         iobset      #(AUXIO_I2C_SCL & 0x7), [#(IOP_AIODIO0_GPIODOUT + (AUXIO_I2C_SCL >> 3))]
               
                                       ; Wait for SCL stretching to end or time out
0241 ---- 164c                         jsr         I2cWaitSclStretch
               
                                       ; Wait T_SU_STA
0242 ---- 53c6                         ld          R5, #-((I2C_BASE_DELAY + I2C_EXT_DELAY) - (1))
0243 ---- 1649                         jsr         I2cWaitDelay
               I2cStart:
                                       ; SDA = driven low
0244 ---- 460f                         iobclr      #(AUXIO_I2C_SDA & 0x7), [#(IOP_AIODIO0_GPIODOUT + (AUXIO_I2C_SDA >> 3))]
               
                                       ; Wait T_HD_STA
0245 ---- 53ca                         ld          R5, #-((I2C_BASE_DELAY) - (1))
0246 ---- 1649                         jsr         I2cWaitDelay
               
                                       ; SCL = driven low
0247 ---- 470f                         iobclr      #(AUXIO_I2C_SCL & 0x7), [#(IOP_AIODIO0_GPIODOUT + (AUXIO_I2C_SCL >> 3))]
               
                                       ; Done
0248 ---- adb7                         rts
               
               
               
               
               ; PARAMETERS
               ;     R5 = Delay excluding the I2cWaitDelay() call, in instruction cycles
               ;
               ; CLOBBERS:
               ;     R5
               I2cWaitDelay:
                                       ; Wait for the specified number of cycles
0249 ---- d802 /waitLoop:                  add         R5, #2
024a ---- defe                         bneg        /waitLoop
               
                                       ; Done
024b ---- adb7                         rts
               
               
               
               
               ; PARAMETERS:
               ;     R6 = Status flags
               ;
               ; RETURN VALUES:
               ;     R6 = Updated status flags
               ;
               ; CLOBBERS:
               ;     R5
               I2cWaitSclStretch:
                                       ; Load the timeout (up to 20 ms) loop counter = configured number of us
024c ---- 5338                         ld          R5, #(-I2C_STRETCH_TIMEOUT_US)
               /waitLoop:
                                           ; If SCL is high, we're done
024d ---- 2713                             iobtst      #(AUXIO_I2C_SCL & 0x7), [#(IOP_AIODIO0_GPIODIN + (AUXIO_I2C_SCL >> 3))]
024e ---- ae0b                             biob1       /done
                                           ; Unroll the loop to 12 instructions = 1 per loop for faster response
024f ---- 2713                             iobtst      #(AUXIO_I2C_SCL & 0x7), [#(IOP_AIODIO0_GPIODIN + (AUXIO_I2C_SCL >> 3))]
0250 ---- ae09                             biob1       /done
0251 ---- 2713                             iobtst      #(AUXIO_I2C_SCL & 0x7), [#(IOP_AIODIO0_GPIODIN + (AUXIO_I2C_SCL >> 3))]
0252 ---- ae07                             biob1       /done
0253 ---- 2713                             iobtst      #(AUXIO_I2C_SCL & 0x7), [#(IOP_AIODIO0_GPIODIN + (AUXIO_I2C_SCL >> 3))]
0254 ---- ae05                             biob1       /done
0255 ---- 2713                             iobtst      #(AUXIO_I2C_SCL & 0x7), [#(IOP_AIODIO0_GPIODIN + (AUXIO_I2C_SCL >> 3))]
0256 ---- ae03                             biob1       /done
               
0257 ---- d801                         add         R5, #1;
0258 ---- bef4                         bnz         /waitLoop
               
               /timeout:               ; Timeout has occurred, so OR it into the flags and bail out
0259 ---- e202                         or          R6, #0x0002
               
               /done:                  ; Done
025a ---- adb7                         rts
               
               
               
               
               ; PARAMETERS:
               ;     R7 = TX byte shift register
               ;     R6 = Status flags
               ;
               ; RETURN VALUES:
               ;     R7 = Updated TX byte shift register
               ;     R6 = Updated status flags
               ;
               ; CLOBBERS:
               ;     R5
               I2cTxByte:
                                       ; Bail out if an error has occurred
025b ---- ea00                         cmp         R6, #0
025c ---- be1b                         bnz         /done
               
               
                                       ; Transmit each bit in the data byte ...
025d ---- b50e                         loop        #8, /byteLoopEnd
               
                                           ; Output the bit to SDA
025e ---- fda1                             lsl         R7, #1
025f 8601 fc00                             tst         R7, #0x0100
0261 ---- b602                             bz          /dataSdaLow
0262 ---- 660f /dataSdaHigh:                   iobset      #(AUXIO_I2C_SDA & 0x7), [#(IOP_AIODIO0_GPIODOUT + (AUXIO_I2C_SDA >> 3))]
0263 ---- 8e02                             bra         /dataSdaDone
0264 ---- 460f /dataSdaLow:                    iobclr      #(AUXIO_I2C_SDA & 0x7), [#(IOP_AIODIO0_GPIODOUT + (AUXIO_I2C_SDA >> 3))]
0265 ---- fd47                             nop
               /dataSdaDone:
                                           ; Wait T_LOW
0266 ---- 53cc                             ld          R5, #-((I2C_BASE_DELAY + I2C_EXT_DELAY) - (7))
0267 ---- 1649                             jsr         I2cWaitDelay
               
                                           ; SCL = pull-up
0268 ---- 670f                             iobset      #(AUXIO_I2C_SCL & 0x7), [#(IOP_AIODIO0_GPIODOUT + (AUXIO_I2C_SCL >> 3))]
               
                                           ; Wait for SCL stretching to end or time out
0269 ---- 164c                             jsr         I2cWaitSclStretch
               
                                           ; Wait T_HIGH
026a ---- 53cf                             ld          R5, #-(I2C_BASE_DELAY - (I2C_WAIT_STRETCH_DELAY + 1))
026b ---- 1649                             jsr         I2cWaitDelay
               
                                           ; SCL = driven low
026c ---- 470f                             iobclr      #(AUXIO_I2C_SCL & 0x7), [#(IOP_AIODIO0_GPIODOUT + (AUXIO_I2C_SCL >> 3))]
               /byteLoopEnd:
               
                                       ; Receive the ACK bit
                                       ; SDA = pull-up
026d ---- 660f                         iobset      #(AUXIO_I2C_SDA & 0x7), [#(IOP_AIODIO0_GPIODOUT + (AUXIO_I2C_SDA >> 3))]
               
                                       ; Wait T_LOW
026e ---- 53c6                         ld          R5, #-((I2C_BASE_DELAY + I2C_EXT_DELAY) - (1))
026f ---- 1649                         jsr         I2cWaitDelay
               
                                       ; SCL = pull-up
0270 ---- 670f                         iobset      #(AUXIO_I2C_SCL & 0x7), [#(IOP_AIODIO0_GPIODOUT + (AUXIO_I2C_SCL >> 3))]
               
                                       ; Wait for SCL stretching to end or time out
0271 ---- 164c                         jsr         I2cWaitSclStretch
               
                                       ; Wait T_HIGH
0272 ---- 53cc                         ld          R5, #-((I2C_BASE_DELAY) - (3))
0273 ---- 1649                         jsr         I2cWaitDelay
               
                                       ; Read and store the SDA value in the status word
0274 ---- 2613                         iobtst      #(AUXIO_I2C_SDA & 0x7), [#(IOP_AIODIO0_GPIODIN + (AUXIO_I2C_SDA >> 3))]
0275 ---- a601                         biob0       /ackSdaLow
0276 ---- e201                             or          R6, #0x01
               /ackSdaLow:
                                       ; SCL = driven low
0277 ---- 470f                         iobclr      #(AUXIO_I2C_SCL & 0x7), [#(IOP_AIODIO0_GPIODOUT + (AUXIO_I2C_SCL >> 3))]
               
               
               /done:                  ; Done
0278 ---- adb7                         rts
               
               
               
               
               ; PARAMETERS:
               ;     R7 = Acknowledgment bit value, 0x0000 to transmit ACK, 0x0001 to transmit NAK
               ;     R6 = Status flags
               ;
               ; RETURN VALUES:
               ;     R7 = RX byte shift register
               ;     R6 = Updated status flags
               ;
               ; CLOBBERS:
               ;     R5
               I2cRxByte:
                                       ; Bail out if an error has occurred
0279 ---- ea00                         cmp         R6, #0
027a ---- be1c                         bnz         /done
               
               
                                       ; Receive each bit in the data byte ...
027b ---- b50b                         loop        #8, /byteLoopEnd
               
                                           ; SDA = pull-up
027c ---- 660f                             iobset      #(AUXIO_I2C_SDA & 0x7), [#(IOP_AIODIO0_GPIODOUT + (AUXIO_I2C_SDA >> 3))]
               
                                           ; Wait T_LOW
027d ---- 53c7                             ld          R5, #-((I2C_BASE_DELAY + I2C_EXT_DELAY) - (2))
027e ---- 1649                             jsr         I2cWaitDelay
               
                                           ; SCL = pull-up
027f ---- 670f                             iobset      #(AUXIO_I2C_SCL & 0x7), [#(IOP_AIODIO0_GPIODOUT + (AUXIO_I2C_SCL >> 3))]
               
                                           ; Wait for SCL stretching to end or time out
0280 ---- 164c                             jsr         I2cWaitSclStretch
               
                                           ; Wait T_HIGH
0281 ---- 53d1                             ld          R5, #-((I2C_BASE_DELAY) - (I2C_WAIT_STRETCH_DELAY + 3))
0282 ---- 1649                             jsr         I2cWaitDelay
               
                                           ; Read and store SDA
0283 ---- fda1                             lsl         R7, #1
0284 ---- 2613                             iobtst      #(AUXIO_I2C_SDA & 0x7), [#(IOP_AIODIO0_GPIODIN + (AUXIO_I2C_SDA >> 3))]
0285 ---- a601                             biob0       /dataSdaLow
0286 ---- f201                                 or          R7, #0x01
               /dataSdaLow:
                                           ; SCL = driven low
0287 ---- 470f                             iobclr      #(AUXIO_I2C_SCL & 0x7), [#(IOP_AIODIO0_GPIODOUT + (AUXIO_I2C_SCL >> 3))]
               /byteLoopEnd:
               
                                       ; Transmit the ACK bit, which is now in bit 8 of the shift register
                                       ; Output the bit to SDA
0288 8601 fc00                         tst         R7, #0x0100
028a ---- b602                         bz          /ackSdaLow
028b ---- 660f /ackSdaHigh:                iobset      #(AUXIO_I2C_SDA & 0x7), [#(IOP_AIODIO0_GPIODOUT + (AUXIO_I2C_SDA >> 3))]
028c ---- 8e02                         bra         /ackSdaDone
028d ---- 460f /ackSdaLow:                 iobclr      #(AUXIO_I2C_SDA & 0x7), [#(IOP_AIODIO0_GPIODOUT + (AUXIO_I2C_SDA >> 3))]
028e ---- fd47                         nop
               /ackSdaDone:
                                       ; Wait T_LOW
028f ---- 53cb                         ld          R5, #-((I2C_BASE_DELAY + I2C_EXT_DELAY) - (6))
0290 ---- 1649                         jsr         I2cWaitDelay
               
                                       ; SCL = pull-up
0291 ---- 670f                         iobset      #(AUXIO_I2C_SCL & 0x7), [#(IOP_AIODIO0_GPIODOUT + (AUXIO_I2C_SCL >> 3))]
               
                                       ; Wait for SCL stretching to end or time out
0292 ---- 164c                         jsr         I2cWaitSclStretch
               
                                       ; Wait T_HIGH
0293 ---- 53cf                         ld          R5, #-((I2C_BASE_DELAY) - (I2C_WAIT_STRETCH_DELAY + 1))
0294 ---- 1649                         jsr         I2cWaitDelay
               
                                       ; SCL = driven low
0295 ---- 470f                         iobclr      #(AUXIO_I2C_SCL & 0x7), [#(IOP_AIODIO0_GPIODOUT + (AUXIO_I2C_SCL >> 3))]
               
                                       ; Mask the ACK bit in the received data
0296 ---- f0ff                         and         R7, #0xFF
               
               
               /done:                  ; Done
0297 ---- adb7                         rts
               
               
               
               
               ; CLOBBERS:
               ;     R5
               I2cStop:
                                       ; SDA = driven low
0298 ---- 460f                         iobclr      #(AUXIO_I2C_SDA & 0x7), [#(IOP_AIODIO0_GPIODOUT + (AUXIO_I2C_SDA >> 3))]
               
                                       ; Wait T_LOW
0299 ---- 53c6                         ld          R5, #-((I2C_BASE_DELAY + I2C_EXT_DELAY) - (1))
029a ---- 1649                         jsr         I2cWaitDelay
               
                                       ; SCL = pull-up
029b ---- 670f                         iobset      #(AUXIO_I2C_SCL & 0x7), [#(IOP_AIODIO0_GPIODOUT + (AUXIO_I2C_SCL >> 3))]
               
                                       ; Wait for SCL stretching to end or time out
029c ---- 164c                         jsr         I2cWaitSclStretch
               
                                       ; Wait T_SU_STO
029d ---- 53cf                         ld          R5, #-((I2C_BASE_DELAY) - (I2C_WAIT_STRETCH_DELAY + 1))
029e ---- 1649                         jsr         I2cWaitDelay
               
                                       ; SDA = pull-up
029f ---- 660f                         iobset      #(AUXIO_I2C_SDA & 0x7), [#(IOP_AIODIO0_GPIODOUT + (AUXIO_I2C_SDA >> 3))]
               
                                       ; Wait T_BUF
02a0 ---- 53c7                         ld          R5, #-((I2C_BASE_DELAY + I2C_EXT_DELAY) - (2))
02a1 ---- 1649                         jsr         I2cWaitDelay
               
                                       ; Done
02a2 ---- adb7                         rts
               
               
               
               
               ; PARAMETERS:
               ;     R7 = AUX I/O index (0-7)
               ;
               ; CLOBBERS:
               ;     R6, R7
               AdccompbSelectGpioInput:
                                       ; Make sure that the AUX I/O index is valid
02a3 ---- f007                         and         R7, #0x0007
               
                                       ; Disconnect all signals
02a4 ---- 1462                         jsr         AdiDdiAcquire
02a5 86ff 63f8                         ld          R6, #(BV_ADI16_MUX2_ADCCOMPB_IN | BV_ADI16_MUX3_ADCCOMPB_IN)
02a7 ---- eb51                         out         R6, [#IOP_ADICLR_MUX2_MUX3]
               
                                       ; Connect the specified GPIO
02a8 8680 6000                         ld          R6, #ADI16_MUX3_ADCCOMPB_IN_AUXIO0
02aa ---- ed8f                         lsr         R6, R7
02ab ---- eb49                         out         R6, [#IOP_ADISET_MUX2_MUX3]
               
                                       ; Ensure that it has taken effect
02ac ---- fd47                         nop         ; Workaround for back-to-back ADI/DDI accesses
02ad ---- eb49                         out         R6, [#IOP_ADISET_MUX2_MUX3]
02ae ---- 1465                         jsr         AdiDdiRelease
02af ---- adb7                         rts
               
               
               
               
               ; CLOBBERS:
               ;     R7
               AdcDisable:
                                       ; Disable the ADC reference
02b0 ---- 1462                         jsr         AdiDdiAcquire
02b1 ---- 7079                         ld          R7, #((ADI16_ADCREF_EN | ADI16_ADCREF_REF_ON_IDLE) | (ADI16_ADCREF_SRC | (ADI16_ADCREF_EXT | ADI16_ADCREF_IOMUX)))
02b2 ---- fb55                         out         R7, [#IOP_ADICLR_ADCREF]
               
                                       ; Assert reset and disable the ADC
02b3 ---- 71fb                         ld          R7, #((ADI16_ADC_EN | ADI16_ADC_RESET_N) | (BV_ADI16_ADC_SMPL_CYCLE_EXP | (BV_ADI16_ADC_SMPL_MODE | ADI16_ADC_SCALE_DIS)))
02b4 ---- fb54                         out         R7, [#IOP_ADICLR_ADC]
               
                                       ; Ensure that it has taken effect
02b5 ---- fd47                         nop         ; Workaround for back-to-back ADI/DDI accesses
02b6 ---- fb54                         out         R7, [#IOP_ADICLR_ADC]
02b7 ---- 1465                         jsr         AdiDdiRelease
               
                                       ; Disable the ADC clock (no need to wait since IOB_WUC_ADCCLKCTL_ACK goes low immediately)
02b8 ---- 4431                         iobclr      #IOB_WUC_ADCCLKCTL_REQ, [#IOP_WUC_ADCCLKCTL]
               
                                       ; Disable the ADC data interface
02b9 ---- 4400                         iobclr      #0, [#IOP_ANAIF_ADCCTL]
               
02ba ---- adb7                         rts
               .segment end "Procedure Libary"
               

; Generated by TBRIGGS-PC at 2018-05-30 09:02:09.546
